Microchip MPLAB XC8 Compiler V1.34 ()

Linker command line:

--edf=F:\Program Files (x86)\Microchip\xc8\v1.34\dat\en_msgs.txt -cs \
  -h+dist/default/production\Master_04.production.sym \
  --cmf=dist/default/production\Master_04.production.cmf -z -Q18F67K22 \
  -oC:\Users\llhlh\AppData\Local\Temp\s1bd8.6 \
  -Mdist/default/production/Master_04.production.map -E1 -ver=XC8 \
  -ASTACK=0146h-0f15h -pstack=STACK -ACODE=00h-01FFFFh -ACONST=00h-01FFFFh \
  -ASMALLCONST=01000h-010FFhx496 \
  -AMEDIUMCONST=01000h-0FFFFh,011000h-01FFFFh -ACOMRAM=01h-05Fh \
  -AABS1=00h-0F15h -ABIGRAM=01h-0F15h \
  -ARAM=060h-0FFh,0100h-01FFhx14,0F00h-0F15h -ABANK0=060h-0FFh \
  -ABANK1=0100h-01FFh -ABANK2=0200h-02FFh -ABANK3=0300h-03FFh \
  -ABANK4=0400h-04FFh -ABANK5=0500h-05FFh -ABANK6=0600h-06FFh \
  -ABANK7=0700h-07FFh -ABANK8=0800h-08FFh -ABANK9=0900h-09FFh \
  -ABANK10=0A00h-0AFFh -ABANK11=0B00h-0BFFh -ABANK12=0C00h-0CFFh \
  -ABANK13=0D00h-0DFFh -ABANK14=0E00h-0EFFh -ABANK15=0F00h-0F15h \
  -ASFR=0F16h-0F5Fh,0F60h-0FFFh \
  -preset_vec=00h,intcode=08h,intcodelo,powerup,init,end_init \
  -pramtop=01000h -psmallconst=SMALLCONST -pmediumconst=MEDIUMCONST \
  -pconst=CONST -AFARRAM=00h-00h -ACONFIG=0300000h-030000Dh -pconfig=CONFIG \
  -AIDLOC=0200000h-0200007h -pidloc=IDLOC -AEEDATA=0F00000h-0F003FFh \
  -peeprom_data=EEDATA \
  -prdata=COMRAM,nvrram=COMRAM,nvbit=COMRAM,rbss=COMRAM,rbit=COMRAM \
  -pfarbss=FARRAM,fardata=FARRAM,nvFARRAM=FARRAM \
  -pintsave_regs=BIGRAM,bigbss=BIGRAM,bigdata=BIGRAM -pbss=RAM \
  -pidata=CODE,irdata=CODE,ibigdata=CODE,ifardata=CODE -prparam=COMRAM \
  C:\Users\llhlh\AppData\Local\Temp\s1bd8.obj \
  dist/default/production\Master_04.production.obj 

Object code version is 3.11

Machine type is 18F67K22

Call graph: (short form)




                Name                               Link     Load   Length Selector   Space Scale
C:\Users\llhlh\AppData\Local\Temp\s1bd8.obj
                end_init                            1A2      1A2        4        4       0
                reset_vec                             0        0        4        0       0
                idloc                            200000   200000        8   200000       0
                config                           300000   300000        E   300000       0
dist/default/production\Master_04.production.obj
                intcode                               8        8      19A        4       0
                text53                             183A     183A       44        4       0
                text52                             15DA     15DA       5A        4       0
                text51                             18F4     18F4       38        4       0
                text50                             1634     1634       50        4       0
                text49                             17F6     17F6       44        4       0
                text48                             19C2     19C2       30        4       0
                text47                             13D0     13D0       70        4       0
                text45                             1684     1684       4E        4       0
                text44                             1B7E     1B7E       12        4       0
                text43                             1BDC     1BDC        2        4       0
                text42                             1B4C     1B4C       1A        4       0
                text41                             1AAE     1AAE       24        4       0
                text40                             1A8A     1A8A       24        4       0
                text39                             187E     187E       3E        4       0
                text38                             1A40     1A40       26        4       0
                text37                             1B14     1B14       1E        4       0
                text36                              866      866      1A2        4       0
                text35                             1768     1768       4A        4       0
                text34                             1960     1960       32        4       0
                text33                              A08      A08      17E        4       0
                text32                             125E     125E       8C        4       0
                text31                             1360     1360       70        4       0
                text30                              CD8      CD8      13C        4       0
                text29                             1106     1106       C2        4       0
                text28                             18BC     18BC       38        4       0
                text27                             1B32     1B32       1A        4       0
                text26                             12EA     12EA       76        4       0
                text25                              1A6      1A6      3D6        4       0
                text24                              57C      57C      2EA        4       0
                text23                             1AF4     1AF4       20        4       0
                text22                             151A     151A       64        4       0
                text21                             1B66     1B66       18        4       0
                text20                             1BBE     1BBE        E        4       0
                text19                             1BB0     1BB0        E        4       0
                text18                             1BD8     1BD8        4        4       0
                text17                             1BA0     1BA0       10        4       0
                text16                             1040     1040       C6        4       0
                text15                              B86      B86      152        4       0
                text14                              E14      E14      12E        4       0
                text13                             1A1A     1A1A       26        4       0
                text12                             14AE     14AE       6C        4       0
                text11                             1440     1440       6E        4       0
                text10                             1BCC     1BCC        C        4       0
                text9                              17B2     17B2       44        4       0
                text8                              1AD2     1AD2       22        4       0
                text7                              157E     157E       5C        4       0
                text6                              16D2     16D2       4C        4       0
                text5                               F42      F42       FE        4       0
                text4                              19F2     19F2       28        4       0
                text3                              11C8     11C8       96        4       0
                text2                              1992     1992       30        4       0
                text1                              1A66     1A66       24        4       0
                text0                              192C     192C       34        4       0
                cstackCOMRAM                          1        1       2D        1       1
                cstackBANK0                          AB       AB       19       60       1
                bssBANK1                            100      100       46      100       1
                dataBANK0                            C4       C4       10       60       1
                bssBANK0                             60       60       4B       60       1
                bssCOMRAM                            2E       2E       1A        1       1
                cinit                              171E     171E       4A        4       0
                idataBANK0                         1B90     1B90       10        4       0

TOTAL           Name                               Link     Load   Length     Space
        CLASS   STACK          

        CLASS   CODE           
                end_init                            1A2      1A2        4         0
                intcode                               8        8      19A         0
                reset_vec                             0        0        4         0
                text53                             183A     183A       44         0
                text52                             15DA     15DA       5A         0
                text51                             18F4     18F4       38         0
                text50                             1634     1634       50         0
                text49                             17F6     17F6       44         0
                text48                             19C2     19C2       30         0
                text47                             13D0     13D0       70         0
                text45                             1684     1684       4E         0
                text44                             1B7E     1B7E       12         0
                text43                             1BDC     1BDC        2         0
                text42                             1B4C     1B4C       1A         0
                text41                             1AAE     1AAE       24         0
                text40                             1A8A     1A8A       24         0
                text39                             187E     187E       3E         0
                text38                             1A40     1A40       26         0
                text37                             1B14     1B14       1E         0
                text36                              866      866      1A2         0
                text35                             1768     1768       4A         0
                text34                             1960     1960       32         0
                text33                              A08      A08      17E         0
                text32                             125E     125E       8C         0
                text31                             1360     1360       70         0
                text30                              CD8      CD8      13C         0
                text29                             1106     1106       C2         0
                text28                             18BC     18BC       38         0
                text27                             1B32     1B32       1A         0
                text26                             12EA     12EA       76         0
                text25                              1A6      1A6      3D6         0
                text24                              57C      57C      2EA         0
                text23                             1AF4     1AF4       20         0
                text22                             151A     151A       64         0
                text21                             1B66     1B66       18         0
                text20                             1BBE     1BBE        E         0
                text19                             1BB0     1BB0        E         0
                text18                             1BD8     1BD8        4         0
                text17                             1BA0     1BA0       10         0
                text16                             1040     1040       C6         0
                text15                              B86      B86      152         0
                text14                              E14      E14      12E         0
                text13                             1A1A     1A1A       26         0
                text12                             14AE     14AE       6C         0
                text11                             1440     1440       6E         0
                text10                             1BCC     1BCC        C         0
                text9                              17B2     17B2       44         0
                text8                              1AD2     1AD2       22         0
                text7                              157E     157E       5C         0
                text6                              16D2     16D2       4C         0
                text5                               F42      F42       FE         0
                text4                              19F2     19F2       28         0
                text3                              11C8     11C8       96         0
                text2                              1992     1992       30         0
                text1                              1A66     1A66       24         0
                text0                              192C     192C       34         0
                cinit                              171E     171E       4A         0
                idataBANK0                         1B90     1B90       10         0

        CLASS   CONST          

        CLASS   SMALLCONST     

        CLASS   MEDIUMCONST    

        CLASS   COMRAM         
                cstackCOMRAM                          1        1       2D         1
                bssCOMRAM                            2E       2E       1A         1

        CLASS   ABS1           

        CLASS   BIGRAM         

        CLASS   RAM            

        CLASS   BANK0          
                cstackBANK0                          AB       AB       19         1
                dataBANK0                            C4       C4       10         1
                bssBANK0                             60       60       4B         1

        CLASS   BANK1          
                bssBANK1                            100      100       46         1

        CLASS   BANK2          

        CLASS   BANK3          

        CLASS   BANK4          

        CLASS   BANK5          

        CLASS   BANK6          

        CLASS   BANK7          

        CLASS   BANK8          

        CLASS   BANK9          

        CLASS   BANK10         

        CLASS   BANK11         

        CLASS   BANK12         

        CLASS   BANK13         

        CLASS   BANK14         

        CLASS   BANK15         

        CLASS   SFR            

        CLASS   FARRAM         

        CLASS   CONFIG         
                config                           300000   300000        E         0

        CLASS   IDLOC          
                idloc                            200000   200000        8         0

        CLASS   EEDATA         



SEGMENTS        Name                           Load    Length   Top    Selector   Space  Class

                reset_vec                      000000  000004  000004         0       0  CODE    
                cstackCOMRAM                   000001  000047  000048         1       1  COMRAM  
                intcode                        000008  001BD6  001BDE         4       0  CODE    
                bssBANK0                       000060  000074  0000D4        60       1  BANK0   
                bssBANK1                       000100  000046  000146       100       1  BANK1   
                idloc                          200000  000008  200008    200000       0  IDLOC   
                config                         300000  00000E  30000E    300000       0  CONFIG  


UNUSED ADDRESS RANGES

        Name                Unused          Largest block    Delta
        BANK0            0000D4-0000FF               2C
        BANK1            000146-0001FF               BA
        BANK10           000A00-000AFF              100
        BANK11           000B00-000BFF              100
        BANK12           000C00-000CFF              100
        BANK13           000D00-000DFF              100
        BANK14           000E00-000EFF              100
        BANK15           000F00-000F15               16
        BANK2            000200-0002FF              100
        BANK3            000300-0003FF              100
        BANK4            000400-0004FF              100
        BANK5            000500-0005FF              100
        BANK6            000600-0006FF              100
        BANK7            000700-0007FF              100
        BANK8            000800-0008FF              100
        BANK9            000900-0009FF              100
        BIGRAM           000048-00005F               18
                         0000D4-0000FF               2C
                         000146-000F15              DD0
        CODE             000004-000007                4
                         001BDE-01FFFF            1E422
        COMRAM           000048-00005F               18
        CONST            000004-000007                4
                         001BDE-01FFFF            1E422
        EEDATA           F00000-F003FF              400
        MEDIUMCONST      001BDE-00FFFF             E422
                         011000-01FFFF             F000
        RAM              0000D4-0000FF               2C
                         000146-000F15              100
        SFR              000F16-000FFF               4A
        SMALLCONST       001BDE-01FFFF              100
        STACK            000146-000F15              DD0

                                  Symbol Table

?_ReadADC                      cstackCOMRAM 000019
?___ftdiv                      cstackBANK0  0000B1
?___ftmul                      cstackCOMRAM 000024
?___ftpack                     cstackCOMRAM 000019
?___lldiv                      cstackCOMRAM 000019
?___llmod                      cstackCOMRAM 000019
?___lwdiv                      cstackCOMRAM 000019
?___lwmod                      cstackCOMRAM 000019
?___lwtoft                     cstackCOMRAM 000021
?___wmul                       cstackCOMRAM 000019
?i2___llmod                    cstackCOMRAM 000001
Delay_1Khz@a                   cstackCOMRAM 000001
Delay_1Khz@b                   cstackCOMRAM 000002
Delay_1Khz@c                   cstackCOMRAM 000003
Key_ReadFSM@key_num            cstackCOMRAM 00001E
Key_ReadFSM@key_num_mate       cstackCOMRAM 00001D
Key_ResetFSM@t                 cstackCOMRAM 000019
LED_Control@_LED_num           cstackCOMRAM 00001A
LED_Control@_switch            cstackCOMRAM 000019
Open1USART@config              cstackCOMRAM 00001B
Open1USART@spbrg               cstackCOMRAM 000019
OpenADC@config                 cstackCOMRAM 00001D
OpenADC@config2                cstackCOMRAM 000019
OpenADC@config3                cstackCOMRAM 00001A
Pulse_1Khz@_QD                 cstackCOMRAM 000004
Pulse_1Khz@_overturn_1Khz      bssCOMRAM    000039
Pulse_1Khz@_pulse              cstackCOMRAM 000005
RS485_AnalysisData@_Addr       cstackBANK0  0000BF
RS485_AnalysisData@_PreData    cstackBANK0  0000B5
RS485_ManageMessage@CRC_H      cstackBANK0  0000B8
RS485_ManageMessage@CRC_L      cstackBANK0  0000B9
RS485_ManageMessage@DataBuff   cstackBANK0  0000B0
RS485_ManageMessage@date_lenth cstackBANK0  0000B2
RS485_ManageMessage@from_dress cstackBANK0  0000BA
RS485_SendDate@date_dress      cstackBANK0  0000B0
RS485_SendDate@date_lenth      cstackBANK0  0000B2
Relay_Control@_switch          cstackCOMRAM 00001E
Relay_Control@relay_num        cstackCOMRAM 00001F
SetTimer0@_tmr                 cstackCOMRAM 000019
Sys_Cyc@_Byte                  bssCOMRAM    00003A
Sys_Cyc@_flag                  bssCOMRAM    00003B
Sys_Cyc@_overturn_LED          bssCOMRAM    00003C
Sys_Cyc@_temp                  cstackCOMRAM 000018
TM1640_Delay@Time              cstackCOMRAM 000019
TM1640_Delay@i                 cstackCOMRAM 00001A
TM1640_Show_integer@Numbers    cstackCOMRAM 000020
TM1640_Writer_Byte@Date        cstackCOMRAM 00001B
TM1640_Writer_Byte@mask        cstackCOMRAM 00001C
TM1640_Writer_Dates@Addr       cstackCOMRAM 00001F
TM1640_Writer_Dates@Date       cstackCOMRAM 00001E
VerifyCRC@CRC_Byte             cstackBANK0  0000AF
VerifyCRC@CRC_Value            cstackBANK0  0000AB
VerifyCRC@DataBuff             cstackCOMRAM 000026
VerifyCRC@date_lenth           cstackCOMRAM 000028
_ADC6_Init                     text44       001B7E
_ADCON0                        (abs)        000FC2
_ADCON0bits                    (abs)        000FC2
_ADCON1                        (abs)        000FC1
_ADCON2                        (abs)        000FC0
_ADRESH                        (abs)        000FC4
_ADRESL                        (abs)        000FC3
_ANSEL4                        (abs)        00792C
_ANSEL6                        (abs)        00792E
_ANSEL7                        (abs)        00792F
_ANSEL8                        (abs)        007920
_BusyADC                       text19       001BB0
_ConvertADC                    text18       001BD8
_Delay_1Khz                    text51       0018F4
_GIE                           (abs)        007F97
_GPIO_Config                   text43       001BDC
_GetADC6                       text12       0014AE
_INTCONbits                    (abs)        000FF2
_IPEN                          (abs)        007E87
_Init_TM1640                   text38       001A40
_Key_Init                      text37       001B14
_Key_ManageMessage             text33       000A08
_Key_ReadFSM                   text36       000866
_Key_ResetFSM                  text35       001768
_Key_Scan                      text53       00183A
_Key_ScanFSM                   text52       0015DA
_LED_BUS                       bssCOMRAM    00003D
_LED_Control                   text9        0017B2
_LED_Number                    dataBANK0    0000C4
_ManageMessage                 text23       001AF4
_Open1USART                    text22       00151A
_OpenADC                       text45       001684
_PIE1bits                      (abs)        000F9D
_PIR1bits                      (abs)        000F9E
_PSA                           (abs)        007EAB
_Pulse_1Khz                    text50       001634
_RA4                           (abs)        007C04
_RA5                           (abs)        007C05
_RB0                           (abs)        007C08
_RB1                           (abs)        007C09
_RC0                           (abs)        007C10
_RC1                           (abs)        007C11
_RC1IF                         (abs)        007CF5
_RCREG1                        (abs)        000FAE
_RCSTA1                        (abs)        000FAB
_RCSTA1bits                    (abs)        000FAB
_RD0                           (abs)        007C18
_RD1                           (abs)        007C19
_RD2                           (abs)        007C1A
_RD3                           (abs)        007C1B
_RD4                           (abs)        007C1C
_RD5                           (abs)        007C1D
_RD6                           (abs)        007C1E
_RD7                           (abs)        007C1F
_RF1                           (abs)        007C29
_RF2                           (abs)        007C2A
_RF3                           (abs)        007C2B
_RS485_AnalysisData            text25       0001A6
_RS485_Init                    text21       001B66
_RS485_ManageMessage           text24       00057C
_RS485_SendDate                text29       001106
_ReadADC                       text17       001BA0
_ReceiveBuff                   bssBANK0     000060
_Relay_Control                 text26       0012EA
_Relay_Init                    text20       001BBE
_Run                           text11       001440
_SCR_Init                      text10       001BCC
_SPBRG1                        (abs)        000FAF
_SPBRGH1                       (abs)        000FD4
_SetTimer0                     text2        001992
_ShowResult                    text3        0011C8
_Sys_Cyc                       intcode      000008
_T08BIT                        (abs)        007EAE
_T0CS                          (abs)        007EAD
_T0PS0                         (abs)        007EA8
_T0PS1                         (abs)        007EA9
_T0PS2                         (abs)        007EAA
_T0SE                          (abs)        007EAC
_TM1640_Delay                  text42       001B4C
_TM1640_Show_integer           text5        000F42
_TM1640_Start                  text41       001AAE
_TM1640_Stop                   text40       001A8A
_TM1640_Writer_Byte            text39       00187E
_TM1640_Writer_Dates           text8        001AD2
_TMR0H                         (abs)        000FD7
_TMR0IE                        (abs)        007F95
_TMR0IF                        (abs)        007F92
_TMR0L                         (abs)        000FD6
_TMR0ON                        (abs)        007EAF
_TRISA4                        (abs)        007C94
_TRISA5                        (abs)        007C95
_TRISB0                        (abs)        007C98
_TRISB1                        (abs)        007C99
_TRISB2                        (abs)        007C9A
_TRISC0                        (abs)        007CA0
_TRISC1                        (abs)        007CA1
_TRISC6                        (abs)        007CA6
_TRISC7                        (abs)        007CA7
_TRISD0                        (abs)        007CA8
_TRISD1                        (abs)        007CA9
_TRISD2                        (abs)        007CAA
_TRISD3                        (abs)        007CAB
_TRISD4                        (abs)        007CAC
_TRISD5                        (abs)        007CAD
_TRISD6                        (abs)        007CAE
_TRISD7                        (abs)        007CAF
_TRISF1                        (abs)        007CB9
_TRISF2                        (abs)        007CBA
_TRISF3                        (abs)        007CBB
_TXREG1                        (abs)        000FAD
_TXSTA1                        (abs)        000FAC
_TXSTA1bits                    (abs)        000FAC
_Timer0_Init                   text1        001A66
_VerifyCRC                     text30       000CD8
__CFG_BBSIZ$BB2K               (abs)        000000
__CFG_BOREN$SBORDIS            (abs)        000000
__CFG_BORPWR$ZPBORMV           (abs)        000000
__CFG_BORV$3                   (abs)        000000
__CFG_CCP2MX$PORTC             (abs)        000000
__CFG_CP0$OFF                  (abs)        000000
__CFG_CP1$OFF                  (abs)        000000
__CFG_CP2$OFF                  (abs)        000000
__CFG_CP3$OFF                  (abs)        000000
__CFG_CP4$OFF                  (abs)        000000
__CFG_CP5$OFF                  (abs)        000000
__CFG_CP6$OFF                  (abs)        000000
__CFG_CP7$OFF                  (abs)        000000
__CFG_CPB$OFF                  (abs)        000000
__CFG_CPD$OFF                  (abs)        000000
__CFG_EBRT0$OFF                (abs)        000000
__CFG_EBRT1$OFF                (abs)        000000
__CFG_EBRT2$OFF                (abs)        000000
__CFG_EBRT3$OFF                (abs)        000000
__CFG_EBRT4$OFF                (abs)        000000
__CFG_EBRT5$OFF                (abs)        000000
__CFG_EBRT6$OFF                (abs)        000000
__CFG_EBRT7$OFF                (abs)        000000
__CFG_EBRTB$OFF                (abs)        000000
__CFG_FCMEN$OFF                (abs)        000000
__CFG_FOSC$HS1                 (abs)        000000
__CFG_IESO$OFF                 (abs)        000000
__CFG_INTOSCSEL$HIGH           (abs)        000000
__CFG_MCLRE$ON                 (abs)        000000
__CFG_MSSPMSK$MSK7             (abs)        000000
__CFG_PLLCFG$OFF               (abs)        000000
__CFG_PWRTEN$OFF               (abs)        000000
__CFG_RETEN$ON                 (abs)        000000
__CFG_RTCOSC$SOSCREF           (abs)        000000
__CFG_SOSCSEL$DIG              (abs)        000000
__CFG_STVREN$ON                (abs)        000000
__CFG_WDTEN$OFF                (abs)        000000
__CFG_WDTPS$1048576            (abs)        000000
__CFG_WRT0$OFF                 (abs)        000000
__CFG_WRT1$OFF                 (abs)        000000
__CFG_WRT2$OFF                 (abs)        000000
__CFG_WRT3$OFF                 (abs)        000000
__CFG_WRT4$OFF                 (abs)        000000
__CFG_WRT5$OFF                 (abs)        000000
__CFG_WRT6$OFF                 (abs)        000000
__CFG_WRT7$OFF                 (abs)        000000
__CFG_WRTB$OFF                 (abs)        000000
__CFG_WRTC$OFF                 (abs)        000000
__CFG_WRTD$OFF                 (abs)        000000
__CFG_XINST$OFF                (abs)        000000
__HRAM                         (abs)        000000
__Habs1                        abs1         000000
__Hbank0                       bank0        000000
__Hbank1                       bank1        000000
__Hbank10                      bank10       000000
__Hbank11                      bank11       000000
__Hbank12                      bank12       000000
__Hbank13                      bank13       000000
__Hbank14                      bank14       000000
__Hbank15                      bank15       000000
__Hbank2                       bank2        000000
__Hbank3                       bank3        000000
__Hbank4                       bank4        000000
__Hbank5                       bank5        000000
__Hbank6                       bank6        000000
__Hbank7                       bank7        000000
__Hbank8                       bank8        000000
__Hbank9                       bank9        000000
__Hbigbss                      bigbss       000000
__Hbigdata                     bigdata      000000
__Hbigram                      bigram       000000
__Hbss                         bss          000000
__HbssBANK0                    bssBANK0     000000
__HbssBANK1                    bssBANK1     000000
__HbssCOMRAM                   bssCOMRAM    000000
__Hcinit                       cinit        000000
__Hclrtext                     clrtext      000000
__Hcomram                      comram       000000
__Hconfig                      config       30000E
__Hconst                       const        000000
__HcstackBANK0                 cstackBANK0  000000
__HcstackCOMRAM                cstackCOMRAM 000000
__Hdata                        data         000000
__HdataBANK0                   dataBANK0    000000
__Heeprom_data                 eeprom_data  000000
__Hend_init                    end_init     0001A6
__Hfarbss                      farbss       000000
__Hfardata                     fardata      000000
__Hibigdata                    ibigdata     000000
__Hidata                       idata        000000
__HidataBANK0                  idataBANK0   000000
__Hidloc                       idloc        200008
__Hifardata                    ifardata     000000
__Hinit                        init         0001A2
__Hintcode                     intcode      0001A2
__Hintcode_body                intcode_body 000000
__Hintcodelo                   intcodelo    0001A2
__Hintentry                    intentry     000000
__Hintret                      intret       000000
__Hintsave_regs                intsave_regs 000000
__Hirdata                      irdata       000000
__Hmediumconst                 mediumconst  000000
__HnvFARRAM                    nvFARRAM     000000
__Hnvbit                       nvbit        000000
__Hnvrram                      nvrram       000000
__Hparam                       rparam       000000
__Hpowerup                     powerup      0001A2
__Hram                         ram          000000
__Hramtop                      ramtop       001000
__Hrbit                        rbit         000000
__Hrbss                        rbss         000000
__Hrdata                       rdata        000000
__Hreset_vec                   reset_vec    000004
__Hrparam                      rparam       000000
__Hsfr                         sfr          000000
__Hsmallconst                  smallconst   000000
__Hspace_0                     (abs)        30000E
__Hspace_1                     (abs)        000146
__Hspace_2                     (abs)        000000
__Hstack                       stack        000000
__Hstruct                      struct       000000
__Htemp                        temp         000000
__Htext                        text         000000
__Htext0                       text0        000000
__Htext1                       text1        000000
__Htext10                      text10       000000
__Htext11                      text11       000000
__Htext12                      text12       000000
__Htext13                      text13       000000
__Htext14                      text14       000000
__Htext15                      text15       000000
__Htext16                      text16       000000
__Htext17                      text17       000000
__Htext18                      text18       000000
__Htext19                      text19       000000
__Htext2                       text2        000000
__Htext20                      text20       000000
__Htext21                      text21       000000
__Htext22                      text22       000000
__Htext23                      text23       000000
__Htext24                      text24       000000
__Htext25                      text25       000000
__Htext26                      text26       000000
__Htext27                      text27       000000
__Htext28                      text28       000000
__Htext29                      text29       000000
__Htext3                       text3        000000
__Htext30                      text30       000000
__Htext31                      text31       000000
__Htext32                      text32       000000
__Htext33                      text33       000000
__Htext34                      text34       000000
__Htext35                      text35       000000
__Htext36                      text36       000000
__Htext37                      text37       000000
__Htext38                      text38       000000
__Htext39                      text39       000000
__Htext4                       text4        000000
__Htext40                      text40       000000
__Htext41                      text41       000000
__Htext42                      text42       000000
__Htext43                      text43       000000
__Htext44                      text44       000000
__Htext45                      text45       000000
__Htext47                      text47       000000
__Htext48                      text48       000000
__Htext49                      text49       000000
__Htext5                       text5        000000
__Htext50                      text50       000000
__Htext51                      text51       000000
__Htext52                      text52       000000
__Htext53                      text53       000000
__Htext6                       text6        000000
__Htext7                       text7        000000
__Htext8                       text8        000000
__Htext9                       text9        000000
__LRAM                         (abs)        000001
__Labs1                        abs1         000000
__Lbank0                       bank0        000000
__Lbank1                       bank1        000000
__Lbank10                      bank10       000000
__Lbank11                      bank11       000000
__Lbank12                      bank12       000000
__Lbank13                      bank13       000000
__Lbank14                      bank14       000000
__Lbank15                      bank15       000000
__Lbank2                       bank2        000000
__Lbank3                       bank3        000000
__Lbank4                       bank4        000000
__Lbank5                       bank5        000000
__Lbank6                       bank6        000000
__Lbank7                       bank7        000000
__Lbank8                       bank8        000000
__Lbank9                       bank9        000000
__Lbigbss                      bigbss       000000
__Lbigdata                     bigdata      000000
__Lbigram                      bigram       000000
__Lbss                         bss          000000
__LbssBANK0                    bssBANK0     000000
__LbssBANK1                    bssBANK1     000000
__LbssCOMRAM                   bssCOMRAM    000000
__Lcinit                       cinit        000000
__Lclrtext                     clrtext      000000
__Lcomram                      comram       000000
__Lconfig                      config       300000
__Lconst                       const        000000
__LcstackBANK0                 cstackBANK0  000000
__LcstackCOMRAM                cstackCOMRAM 000000
__Ldata                        data         000000
__LdataBANK0                   dataBANK0    000000
__Leeprom_data                 eeprom_data  000000
__Lend_init                    end_init     0001A2
__Lfarbss                      farbss       000000
__Lfardata                     fardata      000000
__Libigdata                    ibigdata     000000
__Lidata                       idata        000000
__LidataBANK0                  idataBANK0   000000
__Lidloc                       idloc        200000
__Lifardata                    ifardata     000000
__Linit                        init         0001A2
__Lintcode                     intcode      000008
__Lintcode_body                intcode_body 000000
__Lintcodelo                   intcodelo    0001A2
__Lintentry                    intentry     000000
__Lintret                      intret       000000
__Lintsave_regs                intsave_regs 000000
__Lirdata                      irdata       000000
__Lmediumconst                 mediumconst  000000
__LnvFARRAM                    nvFARRAM     000000
__Lnvbit                       nvbit        000000
__Lnvrram                      nvrram       000000
__Lparam                       rparam       000000
__Lpowerup                     powerup      0001A2
__Lram                         ram          000000
__Lramtop                      ramtop       001000
__Lrbit                        rbit         000000
__Lrbss                        rbss         000000
__Lrdata                       rdata        000000
__Lreset_vec                   reset_vec    000000
__Lrparam                      rparam       000000
__Lsfr                         sfr          000000
__Lsmallconst                  smallconst   000000
__Lspace_0                     (abs)        000000
__Lspace_1                     (abs)        000000
__Lspace_2                     (abs)        000000
__Lstack                       stack        000000
__Lstruct                      struct       000000
__Ltemp                        temp         000000
__Ltext                        text         000000
__Ltext0                       text0        000000
__Ltext1                       text1        000000
__Ltext10                      text10       000000
__Ltext11                      text11       000000
__Ltext12                      text12       000000
__Ltext13                      text13       000000
__Ltext14                      text14       000000
__Ltext15                      text15       000000
__Ltext16                      text16       000000
__Ltext17                      text17       000000
__Ltext18                      text18       000000
__Ltext19                      text19       000000
__Ltext2                       text2        000000
__Ltext20                      text20       000000
__Ltext21                      text21       000000
__Ltext22                      text22       000000
__Ltext23                      text23       000000
__Ltext24                      text24       000000
__Ltext25                      text25       000000
__Ltext26                      text26       000000
__Ltext27                      text27       000000
__Ltext28                      text28       000000
__Ltext29                      text29       000000
__Ltext3                       text3        000000
__Ltext30                      text30       000000
__Ltext31                      text31       000000
__Ltext32                      text32       000000
__Ltext33                      text33       000000
__Ltext34                      text34       000000
__Ltext35                      text35       000000
__Ltext36                      text36       000000
__Ltext37                      text37       000000
__Ltext38                      text38       000000
__Ltext39                      text39       000000
__Ltext4                       text4        000000
__Ltext40                      text40       000000
__Ltext41                      text41       000000
__Ltext42                      text42       000000
__Ltext43                      text43       000000
__Ltext44                      text44       000000
__Ltext45                      text45       000000
__Ltext47                      text47       000000
__Ltext48                      text48       000000
__Ltext49                      text49       000000
__Ltext5                       text5        000000
__Ltext50                      text50       000000
__Ltext51                      text51       000000
__Ltext52                      text52       000000
__Ltext53                      text53       000000
__Ltext6                       text6        000000
__Ltext7                       text7        000000
__Ltext8                       text8        000000
__Ltext9                       text9        000000
__S0                           (abs)        30000E
__S1                           (abs)        000146
__S2                           (abs)        000000
___ftdiv                       text15       000B86
___ftdiv@cntr                  cstackBANK0  0000BA
___ftdiv@exp                   cstackBANK0  0000BE
___ftdiv@f1                    cstackBANK0  0000B1
___ftdiv@f2                    cstackBANK0  0000B4
___ftdiv@f3                    cstackBANK0  0000BB
___ftdiv@sign                  cstackBANK0  0000BF
___ftmul                       text14       000E14
___ftmul@cntr                  cstackBANK0  0000AF
___ftmul@exp                   cstackBANK0  0000AB
___ftmul@f1                    cstackCOMRAM 000024
___ftmul@f2                    cstackCOMRAM 000027
___ftmul@f3_as_product         cstackBANK0  0000AC
___ftmul@sign                  cstackBANK0  0000B0
___ftpack                      text16       001040
___ftpack@arg                  cstackCOMRAM 000019
___ftpack@exp                  cstackCOMRAM 00001C
___ftpack@sign                 cstackCOMRAM 00001D
___inthi_sp                    stack        000000
___intlo_sp                    stack        000000
___lbmod                       text34       001960
___lbmod@counter               cstackCOMRAM 00001B
___lbmod@dividend              cstackCOMRAM 00001A
___lbmod@divisor               cstackCOMRAM 000019
___lbmod@rem                   cstackCOMRAM 00001C
___lldiv                       text32       00125E
___lldiv@counter               cstackCOMRAM 000025
___lldiv@dividend              cstackCOMRAM 000019
___lldiv@divisor               cstackCOMRAM 00001D
___lldiv@quotient              cstackCOMRAM 000021
___llmod                       text31       001360
___llmod@counter               cstackCOMRAM 000021
___llmod@dividend              cstackCOMRAM 000019
___llmod@divisor               cstackCOMRAM 00001D
___lwdiv                       text7        00157E
___lwdiv@counter               cstackCOMRAM 00001F
___lwdiv@dividend              cstackCOMRAM 000019
___lwdiv@divisor               cstackCOMRAM 00001B
___lwdiv@quotient              cstackCOMRAM 00001D
___lwmod                       text6        0016D2
___lwmod@counter               cstackCOMRAM 00001D
___lwmod@dividend              cstackCOMRAM 000019
___lwmod@divisor               cstackCOMRAM 00001B
___lwtoft                      text13       001A1A
___lwtoft@c                    cstackCOMRAM 000021
___param_bank                  (abs)        000010
___rparam_used                 (abs)        000001
___sp                          stack        000000
___wmul                        text4        0019F2
___wmul@multiplicand           cstackCOMRAM 00001B
___wmul@multiplier             cstackCOMRAM 000019
___wmul@product                cstackCOMRAM 00001D
__accesstop                    (abs)        000060
__activetblptr                 (abs)        000000
__end_of_ADC6_Init             text44       001B90
__end_of_BusyADC               text19       001BBE
__end_of_ConvertADC            text18       001BDC
__end_of_Delay_1Khz            text51       00192C
__end_of_GPIO_Config           text43       001BDE
__end_of_GetADC6               text12       00151A
__end_of_Init_TM1640           text38       001A66
__end_of_Key_Init              text37       001B32
__end_of_Key_ManageMessage     text33       000B86
__end_of_Key_ReadFSM           text36       000A08
__end_of_Key_ResetFSM          text35       0017B2
__end_of_Key_Scan              text53       00187E
__end_of_Key_ScanFSM           text52       001634
__end_of_LED_Control           text9        0017F6
__end_of_ManageMessage         text23       001B14
__end_of_Open1USART            text22       00157E
__end_of_OpenADC               text45       0016D2
__end_of_Pulse_1Khz            text50       001684
__end_of_RS485_AnalysisData    text25       00057C
__end_of_RS485_Init            text21       001B7E
__end_of_RS485_ManageMessage   text24       000866
__end_of_RS485_SendDate        text29       0011C8
__end_of_ReadADC               text17       001BB0
__end_of_Relay_Control         text26       001360
__end_of_Relay_Init            text20       001BCC
__end_of_Run                   text11       0014AE
__end_of_SCR_Init              text10       001BD8
__end_of_SetTimer0             text2        0019C2
__end_of_ShowResult            text3        00125E
__end_of_Sys_Cyc               intcode      0001A2
__end_of_TM1640_Delay          text42       001B66
__end_of_TM1640_Show_integer   text5        001040
__end_of_TM1640_Start          text41       001AD2
__end_of_TM1640_Stop           text40       001AAE
__end_of_TM1640_Writer_Byte    text39       0018BC
__end_of_TM1640_Writer_Dates   text8        001AF4
__end_of_Timer0_Init           text1        001A8A
__end_of_VerifyCRC             text30       000E14
__end_of___ftdiv               text15       000CD8
__end_of___ftmul               text14       000F42
__end_of___ftpack              text16       001106
__end_of___lbmod               text34       001992
__end_of___lldiv               text32       0012EA
__end_of___llmod               text31       0013D0
__end_of___lwdiv               text7        0015DA
__end_of___lwmod               text6        00171E
__end_of___lwtoft              text13       001A40
__end_of___wmul                text4        001A1A
__end_of__initialization       cinit        001762
__end_of_delay1ms              text28       0018F4
__end_of_delay_ms              text27       001B4C
__end_of_main                  text0        001960
__end_ofi2_LED_Control         text49       00183A
__end_ofi2_SetTimer0           text48       0019F2
__end_ofi2___llmod             text47       001440
__initialization               cinit        00171E
__mediumconst                  mediumconst  000000
__pbssBANK0                    bssBANK0     000060
__pbssBANK1                    bssBANK1     000100
__pbssCOMRAM                   bssCOMRAM    00002E
__pcinit                       cinit        00171E
__pcstackBANK0                 cstackBANK0  0000AB
__pcstackCOMRAM                cstackCOMRAM 000001
__pdataBANK0                   dataBANK0    0000C4
__pidataBANK0                  idataBANK0   001B90
__pintcode                     intcode      000008
__ptext0                       text0        00192C
__ptext1                       text1        001A66
__ptext10                      text10       001BCC
__ptext11                      text11       001440
__ptext12                      text12       0014AE
__ptext13                      text13       001A1A
__ptext14                      text14       000E14
__ptext15                      text15       000B86
__ptext16                      text16       001040
__ptext17                      text17       001BA0
__ptext18                      text18       001BD8
__ptext19                      text19       001BB0
__ptext2                       text2        001992
__ptext20                      text20       001BBE
__ptext21                      text21       001B66
__ptext22                      text22       00151A
__ptext23                      text23       001AF4
__ptext24                      text24       00057C
__ptext25                      text25       0001A6
__ptext26                      text26       0012EA
__ptext27                      text27       001B32
__ptext28                      text28       0018BC
__ptext29                      text29       001106
__ptext3                       text3        0011C8
__ptext30                      text30       000CD8
__ptext31                      text31       001360
__ptext32                      text32       00125E
__ptext33                      text33       000A08
__ptext34                      text34       001960
__ptext35                      text35       001768
__ptext36                      text36       000866
__ptext37                      text37       001B14
__ptext38                      text38       001A40
__ptext39                      text39       00187E
__ptext4                       text4        0019F2
__ptext40                      text40       001A8A
__ptext41                      text41       001AAE
__ptext42                      text42       001B4C
__ptext43                      text43       001BDC
__ptext44                      text44       001B7E
__ptext45                      text45       001684
__ptext47                      text47       0013D0
__ptext48                      text48       0019C2
__ptext49                      text49       0017F6
__ptext5                       text5        000F42
__ptext50                      text50       001634
__ptext51                      text51       0018F4
__ptext52                      text52       0015DA
__ptext53                      text53       00183A
__ptext6                       text6        0016D2
__ptext7                       text7        00157E
__ptext8                       text8        001AD2
__ptext9                       text9        0017B2
__ramtop                       ramtop       001000
__size_of_ADC6_Init            (abs)        000000
__size_of_BusyADC              (abs)        000000
__size_of_ConvertADC           (abs)        000000
__size_of_Delay_1Khz           (abs)        000000
__size_of_GPIO_Config          (abs)        000000
__size_of_GetADC6              (abs)        000000
__size_of_Init_TM1640          (abs)        000000
__size_of_Key_Init             (abs)        000000
__size_of_Key_ManageMessage    (abs)        000000
__size_of_Key_ReadFSM          (abs)        000000
__size_of_Key_ResetFSM         (abs)        000000
__size_of_Key_Scan             (abs)        000000
__size_of_Key_ScanFSM          (abs)        000000
__size_of_LED_Control          (abs)        000000
__size_of_ManageMessage        (abs)        000000
__size_of_Open1USART           (abs)        000000
__size_of_OpenADC              (abs)        000000
__size_of_Pulse_1Khz           (abs)        000000
__size_of_RS485_AnalysisData   (abs)        000000
__size_of_RS485_Init           (abs)        000000
__size_of_RS485_ManageMessage  (abs)        000000
__size_of_RS485_SendDate       (abs)        000000
__size_of_ReadADC              (abs)        000000
__size_of_Relay_Control        (abs)        000000
__size_of_Relay_Init           (abs)        000000
__size_of_Run                  (abs)        000000
__size_of_SCR_Init             (abs)        000000
__size_of_SetTimer0            (abs)        000000
__size_of_ShowResult           (abs)        000000
__size_of_Sys_Cyc              (abs)        000000
__size_of_TM1640_Delay         (abs)        000000
__size_of_TM1640_Show_integer  (abs)        000000
__size_of_TM1640_Start         (abs)        000000
__size_of_TM1640_Stop          (abs)        000000
__size_of_TM1640_Writer_Byte   (abs)        000000
__size_of_TM1640_Writer_Dates  (abs)        000000
__size_of_Timer0_Init          (abs)        000000
__size_of_VerifyCRC            (abs)        000000
__size_of___ftdiv              (abs)        000000
__size_of___ftmul              (abs)        000000
__size_of___ftpack             (abs)        000000
__size_of___lbmod              (abs)        000000
__size_of___lldiv              (abs)        000000
__size_of___llmod              (abs)        000000
__size_of___lwdiv              (abs)        000000
__size_of___lwmod              (abs)        000000
__size_of___lwtoft             (abs)        000000
__size_of___wmul               (abs)        000000
__size_of_delay1ms             (abs)        000000
__size_of_delay_ms             (abs)        000000
__size_of_main                 (abs)        000000
__size_ofi2_LED_Control        (abs)        000000
__size_ofi2_SetTimer0          (abs)        000000
__size_ofi2___llmod            (abs)        000000
__smallconst                   smallconst   000000
_delay1ms                      text28       0018BC
_delay_ms                      text27       001B32
_g_RS485_Byte                  bssCOMRAM    00003E
_g_RS485_Receive_Flag          bssCOMRAM    00003F
_g_RS485_Send_Flag             bssCOMRAM    000040
_g_Timer_Cyc                   bssCOMRAM    000035
_ga_RS485_ReceiveBuff          bssBANK0     000097
_ga_RS485_SendBuff             bssBANK0     0000A1
_gf_ADC6_Buff                  bssBANK0     00006A
_gs_ComData                    bssCOMRAM    00002E
_gs_Local_Key_User             bssBANK0     00006D
_gs_Switch                     bssCOMRAM    000041
_gsa_Msg                       bssBANK1     000100
_main                          text0        00192C
_s_Local_Key_FSM               bssBANK0     000082
delay1ms@a                     cstackCOMRAM 000019
delay1ms@b                     cstackCOMRAM 00001A
delay1ms@c                     cstackCOMRAM 00001B
delay_ms@_ms                   cstackCOMRAM 00001C
end_of_initialization          cinit        001762
i2LED_Control@_LED_num         cstackCOMRAM 000002
i2LED_Control@_switch          cstackCOMRAM 000001
i2SetTimer0@_tmr               cstackCOMRAM 000001
i2_LED_Control                 text49       0017F6
i2_SetTimer0                   text48       0019C2
i2___llmod                     text47       0013D0
i2___llmod@counter             cstackCOMRAM 000009
i2___llmod@dividend            cstackCOMRAM 000001
i2___llmod@divisor             cstackCOMRAM 000005
intlevel0                      text         000000
intlevel1                      text         000000
intlevel2                      text         000000
intlevel3                      text         000000
stackhi                        (abs)        000F15
stacklo                        (abs)        000146
start                          init         0001A2
start_initialization           cinit        00171E


FUNCTION INFORMATION:

 *************** function _main *****************
 Defined at:
		line 40 in file "_01_USER/main.c"
 Parameters:    Size  Location     Type
		None
 Auto vars:     Size  Location     Type
		None
 Return value:  Size  Location     Type
                  2   24[None  ] int 
 Registers used:
		wreg, fsr1l, fsr1h, fsr2l, fsr2h, status,2, status,0, prodl, prodh, cstack
 Tracked objects:
		On entry : 
		On exit  : 
		Unchanged: 
 Data sizes:     COMRAM   BANK0   BANK1   BANK2   BANK3   BANK4   BANK5   BANK6   BANK7   BANK8   BANK9  BANK10  BANK11  BANK12  BANK13  BANK14  BANK15
      Params:         0       0       0       0       0       0       0       0       0       0       0       0       0       0       0       0       0
      Locals:         0       0       0       0       0       0       0       0       0       0       0       0       0       0       0       0       0
      Temps:          0       0       0       0       0       0       0       0       0       0       0       0       0       0       0       0       0
      Totals:         0       0       0       0       0       0       0       0       0       0       0       0       0       0       0       0       0
Total ram usage:        0 bytes
 Hardware stack levels required when called:    8
 This function calls:
		_ADC6_Init
		_GPIO_Config
		_Init_TM1640
		_Key_Init
		_ManageMessage
		_RS485_Init
		_Relay_Init
		_Run
		_SCR_Init
		_ShowResult
		_Timer0_Init
 This function is called by:
		Startup code after reset
 This function uses a non-reentrant model


 *************** function _Timer0_Init *****************
 Defined at:
		line 43 in file "_01_USER/My_Timer.c"
 Parameters:    Size  Location     Type
		None
 Auto vars:     Size  Location     Type
		None
 Return value:  Size  Location     Type
		None               void
 Registers used:
		wreg, status,2, status,0, cstack
 Tracked objects:
		On entry : 
		On exit  : 
		Unchanged: 
 Data sizes:     COMRAM   BANK0   BANK1   BANK2   BANK3   BANK4   BANK5   BANK6   BANK7   BANK8   BANK9  BANK10  BANK11  BANK12  BANK13  BANK14  BANK15
      Params:         0       0       0       0       0       0       0       0       0       0       0       0       0       0       0       0       0
      Locals:         0       0       0       0       0       0       0       0       0       0       0       0       0       0       0       0       0
      Temps:          0       0       0       0       0       0       0       0       0       0       0       0       0       0       0       0       0
      Totals:         0       0       0       0       0       0       0       0       0       0       0       0       0       0       0       0       0
Total ram usage:        0 bytes
 Hardware stack levels used:    1
 Hardware stack levels required when called:    4
 This function calls:
		_SetTimer0
 This function is called by:
		_main
 This function uses a non-reentrant model


 *************** function _SetTimer0 *****************
 Defined at:
		line 81 in file "_01_USER/My_Timer.c"
 Parameters:    Size  Location     Type
  _tmr            2   24[COMRAM] unsigned int 
 Auto vars:     Size  Location     Type
		None
 Return value:  Size  Location     Type
		None               void
 Registers used:
		wreg, status,2, status,0
 Tracked objects:
		On entry : 
		On exit  : 
		Unchanged: 
 Data sizes:     COMRAM   BANK0   BANK1   BANK2   BANK3   BANK4   BANK5   BANK6   BANK7   BANK8   BANK9  BANK10  BANK11  BANK12  BANK13  BANK14  BANK15
      Params:         2       0       0       0       0       0       0       0       0       0       0       0       0       0       0       0       0
      Locals:         0       0       0       0       0       0       0       0       0       0       0       0       0       0       0       0       0
      Temps:          2       0       0       0       0       0       0       0       0       0       0       0       0       0       0       0       0
      Totals:         4       0       0       0       0       0       0       0       0       0       0       0       0       0       0       0       0
Total ram usage:        4 bytes
 Hardware stack levels used:    1
 Hardware stack levels required when called:    3
 This function calls:
		Nothing
 This function is called by:
		_Timer0_Init
 This function uses a non-reentrant model


 *************** function _ShowResult *****************
 Defined at:
		line 96 in file "_01_USER/Run.c"
 Parameters:    Size  Location     Type
		None
 Auto vars:     Size  Location     Type
		None
 Return value:  Size  Location     Type
		None               void
 Registers used:
		wreg, fsr2l, fsr2h, status,2, status,0, prodl, prodh, cstack
 Tracked objects:
		On entry : 
		On exit  : 
		Unchanged: 
 Data sizes:     COMRAM   BANK0   BANK1   BANK2   BANK3   BANK4   BANK5   BANK6   BANK7   BANK8   BANK9  BANK10  BANK11  BANK12  BANK13  BANK14  BANK15
      Params:         0       0       0       0       0       0       0       0       0       0       0       0       0       0       0       0       0
      Locals:         0       0       0       0       0       0       0       0       0       0       0       0       0       0       0       0       0
      Temps:          1       0       0       0       0       0       0       0       0       0       0       0       0       0       0       0       0
      Totals:         1       0       0       0       0       0       0       0       0       0       0       0       0       0       0       0       0
Total ram usage:        1 bytes
 Hardware stack levels used:    1
 Hardware stack levels required when called:    7
 This function calls:
		_LED_Control
		_TM1640_Show_integer
		_TM1640_Writer_Dates
		___wmul
 This function is called by:
		_main
 This function uses a non-reentrant model


 *************** function ___wmul *****************
 Defined at:
		line 15 in file "F:\Program Files (x86)\Microchip\xc8\v1.34\sources\common\Umul16.c"
 Parameters:    Size  Location     Type
  multiplier      2   24[COMRAM] unsigned int 
  multiplicand    2   26[COMRAM] unsigned int 
 Auto vars:     Size  Location     Type
  product         2   28[COMRAM] unsigned int 
 Return value:  Size  Location     Type
                  2   24[COMRAM] unsigned int 
 Registers used:
		wreg, status,2, status,0, prodl, prodh
 Tracked objects:
		On entry : 
		On exit  : 
		Unchanged: 
 Data sizes:     COMRAM   BANK0   BANK1   BANK2   BANK3   BANK4   BANK5   BANK6   BANK7   BANK8   BANK9  BANK10  BANK11  BANK12  BANK13  BANK14  BANK15
      Params:         4       0       0       0       0       0       0       0       0       0       0       0       0       0       0       0       0
      Locals:         2       0       0       0       0       0       0       0       0       0       0       0       0       0       0       0       0
      Temps:          0       0       0       0       0       0       0       0       0       0       0       0       0       0       0       0       0
      Totals:         6       0       0       0       0       0       0       0       0       0       0       0       0       0       0       0       0
Total ram usage:        6 bytes
 Hardware stack levels used:    1
 Hardware stack levels required when called:    3
 This function calls:
		Nothing
 This function is called by:
		_ShowResult
 This function uses a non-reentrant model


 *************** function _TM1640_Show_integer *****************
 Defined at:
		line 206 in file "_01_USER/TM1640.c"
 Parameters:    Size  Location     Type
  Numbers         2   31[COMRAM] unsigned int 
 Auto vars:     Size  Location     Type
		None
 Return value:  Size  Location     Type
		None               void
 Registers used:
		wreg, fsr2l, fsr2h, status,2, status,0, cstack
 Tracked objects:
		On entry : 
		On exit  : 
		Unchanged: 
 Data sizes:     COMRAM   BANK0   BANK1   BANK2   BANK3   BANK4   BANK5   BANK6   BANK7   BANK8   BANK9  BANK10  BANK11  BANK12  BANK13  BANK14  BANK15
      Params:         2       0       0       0       0       0       0       0       0       0       0       0       0       0       0       0       0
      Locals:         0       0       0       0       0       0       0       0       0       0       0       0       0       0       0       0       0
      Temps:          0       0       0       0       0       0       0       0       0       0       0       0       0       0       0       0       0
      Totals:         2       0       0       0       0       0       0       0       0       0       0       0       0       0       0       0       0
Total ram usage:        2 bytes
 Hardware stack levels used:    1
 Hardware stack levels required when called:    6
 This function calls:
		_TM1640_Writer_Dates
		___lwdiv
		___lwmod
 This function is called by:
		_ShowResult
 This function uses a non-reentrant model


 *************** function ___lwmod *****************
 Defined at:
		line 8 in file "F:\Program Files (x86)\Microchip\xc8\v1.34\sources\common\lwmod.c"
 Parameters:    Size  Location     Type
  dividend        2   24[COMRAM] unsigned int 
  divisor         2   26[COMRAM] unsigned int 
 Auto vars:     Size  Location     Type
  counter         1   28[COMRAM] unsigned char 
 Return value:  Size  Location     Type
                  2   24[COMRAM] unsigned int 
 Registers used:
		wreg, status,2, status,0
 Tracked objects:
		On entry : 
		On exit  : 
		Unchanged: 
 Data sizes:     COMRAM   BANK0   BANK1   BANK2   BANK3   BANK4   BANK5   BANK6   BANK7   BANK8   BANK9  BANK10  BANK11  BANK12  BANK13  BANK14  BANK15
      Params:         4       0       0       0       0       0       0       0       0       0       0       0       0       0       0       0       0
      Locals:         1       0       0       0       0       0       0       0       0       0       0       0       0       0       0       0       0
      Temps:          0       0       0       0       0       0       0       0       0       0       0       0       0       0       0       0       0
      Totals:         5       0       0       0       0       0       0       0       0       0       0       0       0       0       0       0       0
Total ram usage:        5 bytes
 Hardware stack levels used:    1
 Hardware stack levels required when called:    3
 This function calls:
		Nothing
 This function is called by:
		_TM1640_Show_integer
 This function uses a non-reentrant model


 *************** function ___lwdiv *****************
 Defined at:
		line 8 in file "F:\Program Files (x86)\Microchip\xc8\v1.34\sources\common\lwdiv.c"
 Parameters:    Size  Location     Type
  dividend        2   24[COMRAM] unsigned int 
  divisor         2   26[COMRAM] unsigned int 
 Auto vars:     Size  Location     Type
  quotient        2   28[COMRAM] unsigned int 
  counter         1   30[COMRAM] unsigned char 
 Return value:  Size  Location     Type
                  2   24[COMRAM] unsigned int 
 Registers used:
		wreg, status,2, status,0
 Tracked objects:
		On entry : 
		On exit  : 
		Unchanged: 
 Data sizes:     COMRAM   BANK0   BANK1   BANK2   BANK3   BANK4   BANK5   BANK6   BANK7   BANK8   BANK9  BANK10  BANK11  BANK12  BANK13  BANK14  BANK15
      Params:         4       0       0       0       0       0       0       0       0       0       0       0       0       0       0       0       0
      Locals:         3       0       0       0       0       0       0       0       0       0       0       0       0       0       0       0       0
      Temps:          0       0       0       0       0       0       0       0       0       0       0       0       0       0       0       0       0
      Totals:         7       0       0       0       0       0       0       0       0       0       0       0       0       0       0       0       0
Total ram usage:        7 bytes
 Hardware stack levels used:    1
 Hardware stack levels required when called:    3
 This function calls:
		Nothing
 This function is called by:
		_TM1640_Show_integer
 This function uses a non-reentrant model


 *************** function _TM1640_Writer_Dates *****************
 Defined at:
		line 99 in file "_01_USER/TM1640.c"
 Parameters:    Size  Location     Type
  Addr            1    wreg     unsigned char 
  Date            1   29[COMRAM] unsigned char 
 Auto vars:     Size  Location     Type
  Addr            1   30[COMRAM] unsigned char 
 Return value:  Size  Location     Type
		None               void
 Registers used:
		wreg, status,2, status,0, cstack
 Tracked objects:
		On entry : 
		On exit  : 
		Unchanged: 
 Data sizes:     COMRAM   BANK0   BANK1   BANK2   BANK3   BANK4   BANK5   BANK6   BANK7   BANK8   BANK9  BANK10  BANK11  BANK12  BANK13  BANK14  BANK15
      Params:         1       0       0       0       0       0       0       0       0       0       0       0       0       0       0       0       0
      Locals:         1       0       0       0       0       0       0       0       0       0       0       0       0       0       0       0       0
      Temps:          0       0       0       0       0       0       0       0       0       0       0       0       0       0       0       0       0
      Totals:         2       0       0       0       0       0       0       0       0       0       0       0       0       0       0       0       0
Total ram usage:        2 bytes
 Hardware stack levels used:    1
 Hardware stack levels required when called:    5
 This function calls:
		_TM1640_Start
		_TM1640_Stop
		_TM1640_Writer_Byte
 This function is called by:
		_TM1640_Show_integer
		_ShowResult
		_TM1640_Show_Numbers
		_TM1640_Show_Decimal
 This function uses a non-reentrant model


 *************** function _LED_Control *****************
 Defined at:
		line 58 in file "_01_USER/GPIO.c"
 Parameters:    Size  Location     Type
  _LED_num        1    wreg     unsigned char 
  _switch         1   24[COMRAM] unsigned char 
 Auto vars:     Size  Location     Type
  _LED_num        1   25[COMRAM] unsigned char 
 Return value:  Size  Location     Type
		None               void
 Registers used:
		wreg, status,2, status,0
 Tracked objects:
		On entry : 
		On exit  : 
		Unchanged: 
 Data sizes:     COMRAM   BANK0   BANK1   BANK2   BANK3   BANK4   BANK5   BANK6   BANK7   BANK8   BANK9  BANK10  BANK11  BANK12  BANK13  BANK14  BANK15
      Params:         1       0       0       0       0       0       0       0       0       0       0       0       0       0       0       0       0
      Locals:         1       0       0       0       0       0       0       0       0       0       0       0       0       0       0       0       0
      Temps:          0       0       0       0       0       0       0       0       0       0       0       0       0       0       0       0       0
      Totals:         2       0       0       0       0       0       0       0       0       0       0       0       0       0       0       0       0
Total ram usage:        2 bytes
 Hardware stack levels used:    1
 Hardware stack levels required when called:    3
 This function calls:
		Nothing
 This function is called by:
		_ShowResult
 This function uses a non-reentrant model


 *************** function _SCR_Init *****************
 Defined at:
		line 39 in file "_01_USER/SCR.c"
 Parameters:    Size  Location     Type
		None
 Auto vars:     Size  Location     Type
		None
 Return value:  Size  Location     Type
		None               void
 Registers used:
		None
 Tracked objects:
		On entry : 
		On exit  : 
		Unchanged: 
 Data sizes:     COMRAM   BANK0   BANK1   BANK2   BANK3   BANK4   BANK5   BANK6   BANK7   BANK8   BANK9  BANK10  BANK11  BANK12  BANK13  BANK14  BANK15
      Params:         0       0       0       0       0       0       0       0       0       0       0       0       0       0       0       0       0
      Locals:         0       0       0       0       0       0       0       0       0       0       0       0       0       0       0       0       0
      Temps:          0       0       0       0       0       0       0       0       0       0       0       0       0       0       0       0       0
      Totals:         0       0       0       0       0       0       0       0       0       0       0       0       0       0       0       0       0
Total ram usage:        0 bytes
 Hardware stack levels used:    1
 Hardware stack levels required when called:    3
 This function calls:
		Nothing
 This function is called by:
		_main
 This function uses a non-reentrant model


 *************** function _Run *****************
 Defined at:
		line 69 in file "_01_USER/Run.c"
 Parameters:    Size  Location     Type
		None
 Auto vars:     Size  Location     Type
		None
 Return value:  Size  Location     Type
		None               void
 Registers used:
		wreg, fsr2l, fsr2h, status,2, status,0, prodl, prodh, cstack
 Tracked objects:
		On entry : 
		On exit  : 
		Unchanged: 
 Data sizes:     COMRAM   BANK0   BANK1   BANK2   BANK3   BANK4   BANK5   BANK6   BANK7   BANK8   BANK9  BANK10  BANK11  BANK12  BANK13  BANK14  BANK15
      Params:         0       0       0       0       0       0       0       0       0       0       0       0       0       0       0       0       0
      Locals:         0       0       0       0       0       0       0       0       0       0       0       0       0       0       0       0       0
      Temps:          0       4       0       0       0       0       0       0       0       0       0       0       0       0       0       0       0
      Totals:         0       4       0       0       0       0       0       0       0       0       0       0       0       0       0       0       0
Total ram usage:        4 bytes
 Hardware stack levels used:    1
 Hardware stack levels required when called:    6
 This function calls:
		_GetADC6
		_RS485_SendDate
		_Relay_Control
 This function is called by:
		_main
 This function uses a non-reentrant model


 *************** function _GetADC6 *****************
 Defined at:
		line 67 in file "_01_USER/My_ADC.c"
 Parameters:    Size  Location     Type
		None
 Auto vars:     Size  Location     Type
		None
 Return value:  Size  Location     Type
		None               void
 Registers used:
		wreg, status,2, status,0, cstack
 Tracked objects:
		On entry : 
		On exit  : 
		Unchanged: 
 Data sizes:     COMRAM   BANK0   BANK1   BANK2   BANK3   BANK4   BANK5   BANK6   BANK7   BANK8   BANK9  BANK10  BANK11  BANK12  BANK13  BANK14  BANK15
      Params:         0       0       0       0       0       0       0       0       0       0       0       0       0       0       0       0       0
      Locals:         0       0       0       0       0       0       0       0       0       0       0       0       0       0       0       0       0
      Temps:          0       0       0       0       0       0       0       0       0       0       0       0       0       0       0       0       0
      Totals:         0       0       0       0       0       0       0       0       0       0       0       0       0       0       0       0       0
Total ram usage:        0 bytes
 Hardware stack levels used:    1
 Hardware stack levels required when called:    5
 This function calls:
		_BusyADC
		_ConvertADC
		_ReadADC
		___ftdiv
		___ftmul
		___lwtoft
 This function is called by:
		_Run
 This function uses a non-reentrant model


 *************** function ___lwtoft *****************
 Defined at:
		line 28 in file "F:\Program Files (x86)\Microchip\xc8\v1.34\sources\common\lwtoft.c"
 Parameters:    Size  Location     Type
  c               2   32[COMRAM] unsigned int 
 Auto vars:     Size  Location     Type
		None
 Return value:  Size  Location     Type
                  3   32[COMRAM] float 
 Registers used:
		wreg, status,2, status,0, cstack
 Tracked objects:
		On entry : 
		On exit  : 
		Unchanged: 
 Data sizes:     COMRAM   BANK0   BANK1   BANK2   BANK3   BANK4   BANK5   BANK6   BANK7   BANK8   BANK9  BANK10  BANK11  BANK12  BANK13  BANK14  BANK15
      Params:         3       0       0       0       0       0       0       0       0       0       0       0       0       0       0       0       0
      Locals:         0       0       0       0       0       0       0       0       0       0       0       0       0       0       0       0       0
      Temps:          0       0       0       0       0       0       0       0       0       0       0       0       0       0       0       0       0
      Totals:         3       0       0       0       0       0       0       0       0       0       0       0       0       0       0       0       0
Total ram usage:        3 bytes
 Hardware stack levels used:    1
 Hardware stack levels required when called:    4
 This function calls:
		___ftpack
 This function is called by:
		_GetADC6
 This function uses a non-reentrant model


 *************** function ___ftmul *****************
 Defined at:
		line 62 in file "F:\Program Files (x86)\Microchip\xc8\v1.34\sources\common\ftmul.c"
 Parameters:    Size  Location     Type
  f1              3   35[COMRAM] float 
  f2              3   38[COMRAM] float 
 Auto vars:     Size  Location     Type
  f3_as_produc    3    1[BANK0 ] unsigned um
  sign            1    5[BANK0 ] unsigned char 
  cntr            1    4[BANK0 ] unsigned char 
  exp             1    0[BANK0 ] unsigned char 
 Return value:  Size  Location     Type
                  3   35[COMRAM] float 
 Registers used:
		wreg, status,2, status,0, cstack
 Tracked objects:
		On entry : 
		On exit  : 
		Unchanged: 
 Data sizes:     COMRAM   BANK0   BANK1   BANK2   BANK3   BANK4   BANK5   BANK6   BANK7   BANK8   BANK9  BANK10  BANK11  BANK12  BANK13  BANK14  BANK15
      Params:         6       0       0       0       0       0       0       0       0       0       0       0       0       0       0       0       0
      Locals:         0       6       0       0       0       0       0       0       0       0       0       0       0       0       0       0       0
      Temps:          3       0       0       0       0       0       0       0       0       0       0       0       0       0       0       0       0
      Totals:         9       6       0       0       0       0       0       0       0       0       0       0       0       0       0       0       0
Total ram usage:       15 bytes
 Hardware stack levels used:    1
 Hardware stack levels required when called:    4
 This function calls:
		___ftpack
 This function is called by:
		_GetADC6
		_TM1640_Show_Decimal
 This function uses a non-reentrant model


 *************** function ___ftdiv *****************
 Defined at:
		line 54 in file "F:\Program Files (x86)\Microchip\xc8\v1.34\sources\common\ftdiv.c"
 Parameters:    Size  Location     Type
  f1              3    6[BANK0 ] float 
  f2              3    9[BANK0 ] float 
 Auto vars:     Size  Location     Type
  f3              3   16[BANK0 ] float 
  sign            1   20[BANK0 ] unsigned char 
  exp             1   19[BANK0 ] unsigned char 
  cntr            1   15[BANK0 ] unsigned char 
 Return value:  Size  Location     Type
                  3    6[BANK0 ] float 
 Registers used:
		wreg, status,2, status,0, cstack
 Tracked objects:
		On entry : 
		On exit  : 
		Unchanged: 
 Data sizes:     COMRAM   BANK0   BANK1   BANK2   BANK3   BANK4   BANK5   BANK6   BANK7   BANK8   BANK9  BANK10  BANK11  BANK12  BANK13  BANK14  BANK15
      Params:         0       6       0       0       0       0       0       0       0       0       0       0       0       0       0       0       0
      Locals:         0       6       0       0       0       0       0       0       0       0       0       0       0       0       0       0       0
      Temps:          0       3       0       0       0       0       0       0       0       0       0       0       0       0       0       0       0
      Totals:         0      15       0       0       0       0       0       0       0       0       0       0       0       0       0       0       0
Total ram usage:       15 bytes
 Hardware stack levels used:    1
 Hardware stack levels required when called:    4
 This function calls:
		___ftpack
 This function is called by:
		_GetADC6
		_TM1640_Show_Decimal
 This function uses a non-reentrant model


 *************** function ___ftpack *****************
 Defined at:
		line 62 in file "F:\Program Files (x86)\Microchip\xc8\v1.34\sources\common\float.c"
 Parameters:    Size  Location     Type
  arg             3   24[COMRAM] unsigned um
  exp             1   27[COMRAM] unsigned char 
  sign            1   28[COMRAM] unsigned char 
 Auto vars:     Size  Location     Type
		None
 Return value:  Size  Location     Type
                  3   24[COMRAM] float 
 Registers used:
		wreg, status,2, status,0
 Tracked objects:
		On entry : 
		On exit  : 
		Unchanged: 
 Data sizes:     COMRAM   BANK0   BANK1   BANK2   BANK3   BANK4   BANK5   BANK6   BANK7   BANK8   BANK9  BANK10  BANK11  BANK12  BANK13  BANK14  BANK15
[...]
		None               void
 Registers used:
		wreg, status,2, status,0, cstack
 Tracked objects:
		On entry : 
		On exit  : 
		Unchanged: 
 Data sizes:     COMRAM   BANK0   BANK1   BANK2   BANK3   BANK4   BANK5   BANK6   BANK7   BANK8   BANK9  BANK10  BANK11  BANK12  BANK13  BANK14  BANK15
      Params:         0       0       0       0       0       0       0       0       0       0       0       0       0       0       0       0       0
      Locals:         0       0       0       0       0       0       0       0       0       0       0       0       0       0       0       0       0
      Temps:          0       0       0       0       0       0       0       0       0       0       0       0       0       0       0       0       0
      Totals:         0       0       0       0       0       0       0       0       0       0       0       0       0       0       0       0       0
Total ram usage:        0 bytes
 Hardware stack levels used:    1
 Hardware stack levels required when called:    4
 This function calls:
		_OpenADC
 This function is called by:
		_main
 This function uses a non-reentrant model


 *************** function _OpenADC *****************
 Defined at:
		line 305 in file "F:\Program Files (x86)\Microchip\xc8\v1.34\sources\pic18\plib\ADC\adcopen.c"
 Parameters:    Size  Location     Type
  config          1    wreg     unsigned char 
  config2         1   24[COMRAM] unsigned char 
  config3         1   25[COMRAM] unsigned char 
 Auto vars:     Size  Location     Type
  config          1   28[COMRAM] unsigned char 
 Return value:  Size  Location     Type
		None               void
 Registers used:
		wreg, status,2, status,0
 Tracked objects:
		On entry : 
		On exit  : 
		Unchanged: 
 Data sizes:     COMRAM   BANK0   BANK1   BANK2   BANK3   BANK4   BANK5   BANK6   BANK7   BANK8   BANK9  BANK10  BANK11  BANK12  BANK13  BANK14  BANK15
      Params:         2       0       0       0       0       0       0       0       0       0       0       0       0       0       0       0       0
      Locals:         1       0       0       0       0       0       0       0       0       0       0       0       0       0       0       0       0
      Temps:          2       0       0       0       0       0       0       0       0       0       0       0       0       0       0       0       0
      Totals:         5       0       0       0       0       0       0       0       0       0       0       0       0       0       0       0       0
Total ram usage:        5 bytes
 Hardware stack levels used:    1
 Hardware stack levels required when called:    3
 This function calls:
		Nothing
 This function is called by:
		_ADC6_Init
 This function uses a non-reentrant model


 *************** function _Sys_Cyc *****************
 Defined at:
		line 100 in file "_01_USER/My_Timer.c"
 Parameters:    Size  Location     Type
		None
 Auto vars:     Size  Location     Type
  _temp           1   23[COMRAM] unsigned char 
 Return value:  Size  Location     Type
		None               void
 Registers used:
		wreg, fsr2l, fsr2h, status,2, status,0, prodl, prodh, cstack
 Tracked objects:
		On entry : 
		On exit  : 
		Unchanged: 
 Data sizes:     COMRAM   BANK0   BANK1   BANK2   BANK3   BANK4   BANK5   BANK6   BANK7   BANK8   BANK9  BANK10  BANK11  BANK12  BANK13  BANK14  BANK15
      Params:         0       0       0       0       0       0       0       0       0       0       0       0       0       0       0       0       0
      Locals:         1       0       0       0       0       0       0       0       0       0       0       0       0       0       0       0       0
      Temps:         14       0       0       0       0       0       0       0       0       0       0       0       0       0       0       0       0
      Totals:        15       0       0       0       0       0       0       0       0       0       0       0       0       0       0       0       0
Total ram usage:       15 bytes
 Hardware stack levels used:    1
 Hardware stack levels required when called:    2
 This function calls:
		_Key_ScanFSM
		_Pulse_1Khz
		i2_LED_Control
		i2_SetTimer0
		i2___llmod
 This function is called by:
		Interrupt level 2
 This function uses a non-reentrant model


 *************** function i2___llmod *****************
 Defined at:
		line 8 in file "F:\Program Files (x86)\Microchip\xc8\v1.34\sources\common\llmod.c"
 Parameters:    Size  Location     Type
  dividend        4    0[COMRAM] unsigned long 
  divisor         4    4[COMRAM] unsigned long 
 Auto vars:     Size  Location     Type
  __llmod         1    8[COMRAM] unsigned char 
 Return value:  Size  Location     Type
                  4    0[COMRAM] unsigned long 
 Registers used:
		wreg, status,2, status,0
 Tracked objects:
		On entry : 
		On exit  : 
		Unchanged: 
 Data sizes:     COMRAM   BANK0   BANK1   BANK2   BANK3   BANK4   BANK5   BANK6   BANK7   BANK8   BANK9  BANK10  BANK11  BANK12  BANK13  BANK14  BANK15
      Params:         8       0       0       0       0       0       0       0       0       0       0       0       0       0       0       0       0
      Locals:         1       0       0       0       0       0       0       0       0       0       0       0       0       0       0       0       0
      Temps:          0       0       0       0       0       0       0       0       0       0       0       0       0       0       0       0       0
      Totals:         9       0       0       0       0       0       0       0       0       0       0       0       0       0       0       0       0
Total ram usage:        9 bytes
 Hardware stack levels used:    1
 This function calls:
		Nothing
 This function is called by:
		_Sys_Cyc
 This function uses a non-reentrant model


 *************** function i2_SetTimer0 *****************
 Defined at:
		line 81 in file "_01_USER/My_Timer.c"
 Parameters:    Size  Location     Type
  _tmr            2    0[COMRAM] unsigned int 
 Auto vars:     Size  Location     Type
		None
 Return value:  Size  Location     Type
		None               void
 Registers used:
		wreg, status,2, status,0
 Tracked objects:
		On entry : 
		On exit  : 
		Unchanged: 
 Data sizes:     COMRAM   BANK0   BANK1   BANK2   BANK3   BANK4   BANK5   BANK6   BANK7   BANK8   BANK9  BANK10  BANK11  BANK12  BANK13  BANK14  BANK15
      Params:         2       0       0       0       0       0       0       0       0       0       0       0       0       0       0       0       0
      Locals:         0       0       0       0       0       0       0       0       0       0       0       0       0       0       0       0       0
      Temps:          2       0       0       0       0       0       0       0       0       0       0       0       0       0       0       0       0
      Totals:         4       0       0       0       0       0       0       0       0       0       0       0       0       0       0       0       0
Total ram usage:        4 bytes
 Hardware stack levels used:    1
 This function calls:
		Nothing
 This function is called by:
		_Sys_Cyc
 This function uses a non-reentrant model


 *************** function i2_LED_Control *****************
 Defined at:
		line 58 in file "_01_USER/GPIO.c"
 Parameters:    Size  Location     Type
  _LED_num        1    wreg     unsigned char 
  _switch         1    0[COMRAM] unsigned char 
 Auto vars:     Size  Location     Type
  _LED_num        1    1[COMRAM] unsigned char 
 Return value:  Size  Location     Type
		None               void
 Registers used:
		wreg, status,2, status,0
 Tracked objects:
		On entry : 
		On exit  : 
		Unchanged: 
 Data sizes:     COMRAM   BANK0   BANK1   BANK2   BANK3   BANK4   BANK5   BANK6   BANK7   BANK8   BANK9  BANK10  BANK11  BANK12  BANK13  BANK14  BANK15
      Params:         1       0       0       0       0       0       0       0       0       0       0       0       0       0       0       0       0
      Locals:         1       0       0       0       0       0       0       0       0       0       0       0       0       0       0       0       0
      Temps:          0       0       0       0       0       0       0       0       0       0       0       0       0       0       0       0       0
      Totals:         2       0       0       0       0       0       0       0       0       0       0       0       0       0       0       0       0
Total ram usage:        2 bytes
 Hardware stack levels used:    1
 This function calls:
		Nothing
 This function is called by:
		_Sys_Cyc
 This function uses a non-reentrant model


 *************** function _Pulse_1Khz *****************
 Defined at:
		line 80 in file "_01_USER/SCR.c"
 Parameters:    Size  Location     Type
  _QD             1    wreg     unsigned char 
 Auto vars:     Size  Location     Type
  _QD             1    3[COMRAM] unsigned char 
  _pulse          1    4[COMRAM] unsigned char 
 Return value:  Size  Location     Type
		None               void
 Registers used:
		wreg, status,2, status,0, cstack
 Tracked objects:
		On entry : 
		On exit  : 
		Unchanged: 
 Data sizes:     COMRAM   BANK0   BANK1   BANK2   BANK3   BANK4   BANK5   BANK6   BANK7   BANK8   BANK9  BANK10  BANK11  BANK12  BANK13  BANK14  BANK15
      Params:         0       0       0       0       0       0       0       0       0       0       0       0       0       0       0       0       0
      Locals:         2       0       0       0       0       0       0       0       0       0       0       0       0       0       0       0       0
      Temps:          0       0       0       0       0       0       0       0       0       0       0       0       0       0       0       0       0
      Totals:         2       0       0       0       0       0       0       0       0       0       0       0       0       0       0       0       0
Total ram usage:        2 bytes
 Hardware stack levels used:    1
 Hardware stack levels required when called:    1
 This function calls:
		_Delay_1Khz
 This function is called by:
		_Sys_Cyc
 This function uses a non-reentrant model


 *************** function _Delay_1Khz *****************
 Defined at:
		line 63 in file "_01_USER/SCR.c"
 Parameters:    Size  Location     Type
		None
 Auto vars:     Size  Location     Type
  c               1    2[COMRAM] unsigned char 
  b               1    1[COMRAM] unsigned char 
  a               1    0[COMRAM] unsigned char 
 Return value:  Size  Location     Type
		None               void
 Registers used:
		wreg, status,2, status,0
 Tracked objects:
		On entry : 
		On exit  : 
		Unchanged: 
 Data sizes:     COMRAM   BANK0   BANK1   BANK2   BANK3   BANK4   BANK5   BANK6   BANK7   BANK8   BANK9  BANK10  BANK11  BANK12  BANK13  BANK14  BANK15
      Params:         0       0       0       0       0       0       0       0       0       0       0       0       0       0       0       0       0
      Locals:         3       0       0       0       0       0       0       0       0       0       0       0       0       0       0       0       0
      Temps:          0       0       0       0       0       0       0       0       0       0       0       0       0       0       0       0       0
      Totals:         3       0       0       0       0       0       0       0       0       0       0       0       0       0       0       0       0
Total ram usage:        3 bytes
 Hardware stack levels used:    1
 This function calls:
		Nothing
 This function is called by:
		_Pulse_1Khz
 This function uses a non-reentrant model


 *************** function _Key_ScanFSM *****************
 Defined at:
		line 91 in file "_01_USER/Key.c"
 Parameters:    Size  Location     Type
		None
 Auto vars:     Size  Location     Type
		None
 Return value:  Size  Location     Type
		None               void
 Registers used:
		wreg, status,2, status,0, cstack
 Tracked objects:
		On entry : 
		On exit  : 
		Unchanged: 
 Data sizes:     COMRAM   BANK0   BANK1   BANK2   BANK3   BANK4   BANK5   BANK6   BANK7   BANK8   BANK9  BANK10  BANK11  BANK12  BANK13  BANK14  BANK15
      Params:         0       0       0       0       0       0       0       0       0       0       0       0       0       0       0       0       0
      Locals:         0       0       0       0       0       0       0       0       0       0       0       0       0       0       0       0       0
      Temps:          0       0       0       0       0       0       0       0       0       0       0       0       0       0       0       0       0
      Totals:         0       0       0       0       0       0       0       0       0       0       0       0       0       0       0       0       0
Total ram usage:        0 bytes
 Hardware stack levels used:    1
 Hardware stack levels required when called:    1
 This function calls:
		_Key_Scan
 This function is called by:
		_Sys_Cyc
 This function uses a non-reentrant model


 *************** function _Key_Scan *****************
 Defined at:
		line 69 in file "_01_USER/Key.c"
 Parameters:    Size  Location     Type
		None
 Auto vars:     Size  Location     Type
		None
 Return value:  Size  Location     Type
		None               void
 Registers used:
		wreg, status,2, status,0
 Tracked objects:
		On entry : 
		On exit  : 
		Unchanged: 
 Data sizes:     COMRAM   BANK0   BANK1   BANK2   BANK3   BANK4   BANK5   BANK6   BANK7   BANK8   BANK9  BANK10  BANK11  BANK12  BANK13  BANK14  BANK15
      Params:         0       0       0       0       0       0       0       0       0       0       0       0       0       0       0       0       0
      Locals:         0       0       0       0       0       0       0       0       0       0       0       0       0       0       0       0       0
      Temps:          0       0       0       0       0       0       0       0       0       0       0       0       0       0       0       0       0
      Totals:         0       0       0       0       0       0       0       0       0       0       0       0       0       0       0       0       0
Total ram usage:        0 bytes
 Hardware stack levels used:    1
 This function calls:
		Nothing
 This function is called by:
		_Key_ScanFSM
 This function uses a non-reentrant model



MODULE INFORMATION

Module		Function		Class		Link	Load	Size
F:\Program Files (x86)\Microchip\xc8\v1.34\sources\common\lwmod.c
		___lwmod       		CODE           	16D2	0000	77

F:\Program Files (x86)\Microchip\xc8\v1.34\sources\common\lwmod.c estimated size: 77

_01_USER/GPIO.c
		_GPIO_Config   		CODE           	1BDC	0000	3
		_LED_Control   		CODE           	17B2	0000	69

_01_USER/GPIO.c estimated size: 72

F:\Program Files (x86)\Microchip\xc8\v1.34\sources\common\Umul16.c
		___wmul        		CODE           	19F2	0000	41

F:\Program Files (x86)\Microchip\xc8\v1.34\sources\common\Umul16.c estimated size: 41

F:\Program Files (x86)\Microchip\xc8\v1.34\sources\common\llmod.c
		___llmod       		CODE           	1360	0000	113

F:\Program Files (x86)\Microchip\xc8\v1.34\sources\common\llmod.c estimated size: 113

F:\Program Files (x86)\Microchip\xc8\v1.34\sources\pic18\plib\ADC\adcbusy.c
		_BusyADC       		CODE           	1BB0	0000	15

F:\Program Files (x86)\Microchip\xc8\v1.34\sources\pic18\plib\ADC\adcbusy.c estimated size: 15

F:\Program Files (x86)\Microchip\xc8\v1.34\sources\pic18\plib\ADC\adcopen.c
		_OpenADC       		CODE           	1684	0000	79

F:\Program Files (x86)\Microchip\xc8\v1.34\sources\pic18\plib\ADC\adcopen.c estimated size: 79

F:\Program Files (x86)\Microchip\xc8\v1.34\sources\common\ftmul.c
		___ftmul       		CODE           	0E14	0000	303

F:\Program Files (x86)\Microchip\xc8\v1.34\sources\common\ftmul.c estimated size: 303

F:\Program Files (x86)\Microchip\xc8\v1.34\sources\common\ftdiv.c
		___ftdiv       		CODE           	0B86	0000	339

F:\Program Files (x86)\Microchip\xc8\v1.34\sources\common\ftdiv.c estimated size: 339

F:\Program Files (x86)\Microchip\xc8\v1.34\sources\pic18\plib\USART\u1open.c
		_Open1USART    		CODE           	151A	0000	101

F:\Program Files (x86)\Microchip\xc8\v1.34\sources\pic18\plib\USART\u1open.c estimated size: 101

_01_USER/TM1640.c
		_TM1640_Stop   		CODE           	1A8A	0000	37
		_TM1640_Delay  		CODE           	1B4C	0000	27
		_TM1640_Start  		CODE           	1AAE	0000	37
		_TM1640_Show_in		CODE           	0F42	0000	255
		_TM1640_Writer_		CODE           	1AD2	0000	35
		_TM1640_Writer_		CODE           	187E	0000	63
		_Init_TM1640   		CODE           	1A40	0000	39

_01_USER/TM1640.c estimated size: 493

F:\Program Files (x86)\Microchip\xc8\v1.34\sources\common\lwdiv.c
		___lwdiv       		CODE           	157E	0000	93

F:\Program Files (x86)\Microchip\xc8\v1.34\sources\common\lwdiv.c estimated size: 93

F:\Program Files (x86)\Microchip\xc8\v1.34\sources\common\lbmod.c
		___lbmod       		CODE           	1960	0000	51

F:\Program Files (x86)\Microchip\xc8\v1.34\sources\common\lbmod.c estimated size: 51

_01_USER/main.c
		_main          		CODE           	192C	0000	53

_01_USER/main.c estimated size: 53

F:\Program Files (x86)\Microchip\xc8\v1.34\sources\common\lldiv.c
		___lldiv       		CODE           	125E	0000	141

F:\Program Files (x86)\Microchip\xc8\v1.34\sources\common\lldiv.c estimated size: 141

F:\Program Files (x86)\Microchip\xc8\v1.34\sources\pic18\plib\ADC\adcread.c
		_ReadADC       		CODE           	1BA0	0000	17

F:\Program Files (x86)\Microchip\xc8\v1.34\sources\pic18\plib\ADC\adcread.c estimated size: 17

_01_USER/SCR.c
		_Delay_1Khz    		CODE           	18F4	0000	57
		_SCR_Init      		CODE           	1BCC	0000	13
		_Pulse_1Khz    		CODE           	1634	0000	81

_01_USER/SCR.c estimated size: 151

shared
		i2_SetTimer0   		CODE           	19C2	0000	49
		__initializatio		CODE           	171E	0000	69
		i2_LED_Control 		CODE           	17F6	0000	69
		i2___llmod     		CODE           	13D0	0000	113

shared estimated size: 300

F:\Program Files (x86)\Microchip\xc8\v1.34\sources\pic18\plib\ADC\adcconv.c
		_ConvertADC    		CODE           	1BD8	0000	5

F:\Program Files (x86)\Microchip\xc8\v1.34\sources\pic18\plib\ADC\adcconv.c estimated size: 5

F:\Program Files (x86)\Microchip\xc8\v1.34\sources\common\lwtoft.c
		___lwtoft      		CODE           	1A1A	0000	39

F:\Program Files (x86)\Microchip\xc8\v1.34\sources\common\lwtoft.c estimated size: 39

_01_USER/My_ADC.c
		_GetADC6       		CODE           	14AE	0000	109
		_ADC6_Init     		CODE           	1B7E	0000	19

_01_USER/My_ADC.c estimated size: 128

_01_USER/Key.c
		_Key_ReadFSM   		CODE           	0866	0000	419
		_Key_Init      		CODE           	1B14	0000	31
		_Key_ResetFSM  		CODE           	1768	0000	75
		_Key_Scan      		CODE           	183A	0000	69
		_Key_ScanFSM   		CODE           	15DA	0000	91
		_Key_ManageMess		CODE           	0A08	0000	383

_01_USER/Key.c estimated size: 1068

_01_USER/Run.c
		_ShowResult    		CODE           	11C8	0000	151
		_Run           		CODE           	1440	0000	111
		_ManageMessage 		CODE           	1AF4	0000	33

_01_USER/Run.c estimated size: 295

_01_USER/My_USART.c
		_RS485_ManageMe		CODE           	057C	0000	747
		_VerifyCRC     		CODE           	0CD8	0000	317
		_RS485_Analysis		CODE           	01A6	0000	983
		_RS485_Init    		CODE           	1B66	0000	25
		_RS485_SendDate		CODE           	1106	0000	195

_01_USER/My_USART.c estimated size: 2267

F:\Program Files (x86)\Microchip\xc8\v1.34\sources\common\float.c
		___ftpack      		CODE           	1040	0000	199

F:\Program Files (x86)\Microchip\xc8\v1.34\sources\common\float.c estimated size: 199

_01_USER/Relay.c
		_Relay_Init    		CODE           	1BBE	0000	15
		_Relay_Control 		CODE           	12EA	0000	119

_01_USER/Relay.c estimated size: 134

_01_USER/My_Timer.c
		_Timer0_Init   		CODE           	1A66	0000	37
		_SetTimer0     		CODE           	1992	0000	49
		_Sys_Cyc       		CODE           	0008	0000	411

_01_USER/My_Timer.c estimated size: 497

_01_USER/My_Delay.c
		_delay_ms      		CODE           	1B32	0000	27
		_delay1ms      		CODE           	18BC	0000	57

_01_USER/My_Delay.c estimated size: 84

