Microchip MPLAB XC8 Compiler V1.34 ()

Linker command line:

--edf=F:\Program Files (x86)\Microchip\xc8\v1.34\dat\en_msgs.txt -cs \
  -h+dist/default/production\________.production.sym \
  --cmf=dist/default/production\________.production.cmf -z -Q18F67K22 \
  -oC:\Users\llhlh\AppData\Local\Temp\sdfo.6 \
  -Mdist/default/production/________.production.map -E1 -ver=XC8 \
  -ASTACK=060h-0f15h -pstack=STACK -ACODE=00h-01FFFFh -ACONST=00h-01FFFFh \
  -ASMALLCONST=01000h-010FFhx496 \
  -AMEDIUMCONST=01000h-0FFFFh,011000h-01FFFFh -ACOMRAM=01h-05Fh \
  -AABS1=00h-0F15h -ABIGRAM=01h-0F15h \
  -ARAM=060h-0FFh,0100h-01FFhx14,0F00h-0F15h -ABANK0=060h-0FFh \
  -ABANK1=0100h-01FFh -ABANK2=0200h-02FFh -ABANK3=0300h-03FFh \
  -ABANK4=0400h-04FFh -ABANK5=0500h-05FFh -ABANK6=0600h-06FFh \
  -ABANK7=0700h-07FFh -ABANK8=0800h-08FFh -ABANK9=0900h-09FFh \
  -ABANK10=0A00h-0AFFh -ABANK11=0B00h-0BFFh -ABANK12=0C00h-0CFFh \
  -ABANK13=0D00h-0DFFh -ABANK14=0E00h-0EFFh -ABANK15=0F00h-0F15h \
  -ASFR=0F16h-0F5Fh,0F60h-0FFFh \
  -preset_vec=00h,intcode,intcodelo,powerup,init,end_init -pramtop=01000h \
  -psmallconst=SMALLCONST -pmediumconst=MEDIUMCONST -pconst=CONST \
  -AFARRAM=00h-00h -ACONFIG=0300000h-030000Dh -pconfig=CONFIG \
  -AIDLOC=0200000h-0200007h -pidloc=IDLOC -AEEDATA=0F00000h-0F003FFh \
  -peeprom_data=EEDATA \
  -prdata=COMRAM,nvrram=COMRAM,nvbit=COMRAM,rbss=COMRAM,rbit=COMRAM \
  -pfarbss=FARRAM,fardata=FARRAM,nvFARRAM=FARRAM \
  -pintsave_regs=BIGRAM,bigbss=BIGRAM,bigdata=BIGRAM -pbss=RAM \
  -pidata=CODE,irdata=CODE,ibigdata=CODE,ifardata=CODE -prparam=COMRAM \
  C:\Users\llhlh\AppData\Local\Temp\sdfo.obj \
  dist/default/production\________.production.obj 

Object code version is 3.11

Machine type is 18F67K22

Call graph: (short form)




                Name                               Link     Load   Length Selector   Space Scale
C:\Users\llhlh\AppData\Local\Temp\sdfo.obj
                end_init                              0        0        4        0       0
                idloc                            200000   200000        8   200000       0
                config                           300000   300000        E   300000       0
dist/default/production\________.production.obj
                text10                            1FDC2    1FDC2        C     FEE1       0
                text9                             1FDCE    1FDCE        E     FEE7       0
                text8                             1FDFA    1FDFA       1A     FEFD       0
                text7                             1FE36    1FE36       24     FF1B       0
                text6                             1FE5A    1FE5A       24     FF2D       0
                text5                             1FECA    1FECA       3E     FF65       0
                text4                             1FE7E    1FE7E       26     FF3F       0
                text3                             1FDDC    1FDDC        E     FEEE       0
                text2                             1FE14    1FE14       22     FF0A       0
                text1                             1FF7E    1FF7E       82     FFBF       0
                text0                             1FF08    1FF08       76     FF84       0
                cstackCOMRAM                         11       11        9        1       1
                dataCOMRAM                            1        1       10        1       1
                cinit                             1FEA4    1FEA4       26     FF52       0
                idataCOMRAM                       1FDEA    1FDEA       10    1FDEA       0

TOTAL           Name                               Link     Load   Length     Space
        CLASS   STACK          

        CLASS   CODE           
                end_init                              0        0        4         0
                text10                            1FDC2    1FDC2        C         0
                text9                             1FDCE    1FDCE        E         0
                text8                             1FDFA    1FDFA       1A         0
                text7                             1FE36    1FE36       24         0
                text6                             1FE5A    1FE5A       24         0
                text5                             1FECA    1FECA       3E         0
                text4                             1FE7E    1FE7E       26         0
                text3                             1FDDC    1FDDC        E         0
                text2                             1FE14    1FE14       22         0
                text1                             1FF7E    1FF7E       82         0
                text0                             1FF08    1FF08       76         0
                cinit                             1FEA4    1FEA4       26         0
                idataCOMRAM                       1FDEA    1FDEA       10         0

        CLASS   CONST          

        CLASS   SMALLCONST     

        CLASS   MEDIUMCONST    

        CLASS   COMRAM         
                cstackCOMRAM                         11       11        9         1
                dataCOMRAM                            1        1       10         1

        CLASS   ABS1           

        CLASS   BIGRAM         

        CLASS   RAM            

        CLASS   BANK0          

        CLASS   BANK1          

        CLASS   BANK2          

        CLASS   BANK3          

        CLASS   BANK4          

        CLASS   BANK5          

        CLASS   BANK6          

        CLASS   BANK7          

        CLASS   BANK8          

        CLASS   BANK9          

        CLASS   BANK10         

        CLASS   BANK11         

        CLASS   BANK12         

        CLASS   BANK13         

        CLASS   BANK14         

        CLASS   BANK15         

        CLASS   SFR            

        CLASS   FARRAM         

        CLASS   CONFIG         
                config                           300000   300000        E         0

        CLASS   IDLOC          
                idloc                            200000   200000        8         0

        CLASS   EEDATA         



SEGMENTS        Name                           Load    Length   Top    Selector   Space  Class

                reset_vec                      000000  000004  000004         0       0  CODE    
                dataCOMRAM                     000001  000019  00001A         1       1  COMRAM  
                text10                         01FDC2  00000C  01FDCE      FEE1       0  CODE    
                text9                          01FDCE  00000E  01FDDC      FEE7       0  CODE    
                text3                          01FDDC  00000E  01FDEA      FEEE       0  CODE    
                idataCOMRAM                    01FDEA  000010  01FDFA     1FDEA       0  CODE    
                text8                          01FDFA  00001A  01FE14      FEFD       0  CODE    
                text2                          01FE14  000022  01FE36      FF0A       0  CODE    
                text7                          01FE36  000024  01FE5A      FF1B       0  CODE    
                text6                          01FE5A  000024  01FE7E      FF2D       0  CODE    
                text4                          01FE7E  000026  01FEA4      FF3F       0  CODE    
                cinit                          01FEA4  000026  01FECA      FF52       0  CODE    
                text5                          01FECA  00003E  01FF08      FF65       0  CODE    
                text0                          01FF08  000076  01FF7E      FF84       0  CODE    
                text1                          01FF7E  000082  020000      FFBF       0  CODE    
                idloc                          200000  000008  200008    200000       0  IDLOC   
                config                         300000  00000E  30000E    300000       0  CONFIG  


UNUSED ADDRESS RANGES

        Name                Unused          Largest block    Delta
        BANK0            000060-0000FF               A0
        BANK1            000100-0001FF              100
        BANK10           000A00-000AFF              100
        BANK11           000B00-000BFF              100
        BANK12           000C00-000CFF              100
        BANK13           000D00-000DFF              100
        BANK14           000E00-000EFF              100
        BANK15           000F00-000F15               16
        BANK2            000200-0002FF              100
        BANK3            000300-0003FF              100
        BANK4            000400-0004FF              100
        BANK5            000500-0005FF              100
        BANK6            000600-0006FF              100
        BANK7            000700-0007FF              100
        BANK8            000800-0008FF              100
        BANK9            000900-0009FF              100
        BIGRAM           00001A-000F15              EFC
        CODE             000004-01FDC1            1FDBE
        COMRAM           00001A-00005F               46
        CONST            000004-01FDC1            1FDBE
        EEDATA           F00000-F003FF              400
        MEDIUMCONST      001000-00FFFF             F000
                         011000-01FDC1             EDC2
        RAM              000060-000F15              100
        SFR              000F16-000FFF               4A
        SMALLCONST       001000-01FDC1              100
        STACK            000060-000F15              EB6

                                  Symbol Table

?___awmod                     cstackCOMRAM 000011
TM1640_Delay@Time             cstackCOMRAM 000011
TM1640_Delay@i                cstackCOMRAM 000012
TM1640_Writer_Byte@Date       cstackCOMRAM 000013
TM1640_Writer_Byte@mask       cstackCOMRAM 000014
TM1640_Writer_Dates@Addr      cstackCOMRAM 000016
TM1640_Writer_Dates@Date      cstackCOMRAM 000015
_Init_Key                     text10       01FDC2
_Init_LED                     text9        01FDCE
_Init_System                  text3        01FDDC
_Init_TM1640                  text4        01FE7E
_LED_Number                   dataCOMRAM   000001
_RC3                          (abs)        007C13
_RC4                          (abs)        007C14
_RD6                          (abs)        007C1E
_RD7                          (abs)        007C1F
_RE2                          (abs)        007C22
_RE3                          (abs)        007C23
_RE4                          (abs)        007C24
_RE5                          (abs)        007C25
_RE6                          (abs)        007C26
_RE7                          (abs)        007C27
_TM1640_Delay                 text8        01FDFA
_TM1640_Start                 text7        01FE36
_TM1640_Stop                  text6        01FE5A
_TM1640_Writer_Byte           text5        01FECA
_TM1640_Writer_Dates          text2        01FE14
_TRISCbits                    (abs)        000F94
_TRISD6                       (abs)        007CAE
_TRISD7                       (abs)        007CAF
_TRISE2                       (abs)        007CB2
_TRISE3                       (abs)        007CB3
_TRISE4                       (abs)        007CB4
_TRISE5                       (abs)        007CB5
_TRISE6                       (abs)        007CB6
_TRISE7                       (abs)        007CB7
__HRAM                        (abs)        000000
__Habs1                       abs1         000000
__Hbank0                      bank0        000000
__Hbank1                      bank1        000000
__Hbank10                     bank10       000000
__Hbank11                     bank11       000000
__Hbank12                     bank12       000000
__Hbank13                     bank13       000000
__Hbank14                     bank14       000000
__Hbank15                     bank15       000000
__Hbank2                      bank2        000000
__Hbank3                      bank3        000000
__Hbank4                      bank4        000000
__Hbank5                      bank5        000000
__Hbank6                      bank6        000000
__Hbank7                      bank7        000000
__Hbank8                      bank8        000000
__Hbank9                      bank9        000000
__Hbigbss                     bigbss       000000
__Hbigdata                    bigdata      000000
__Hbigram                     bigram       000000
__Hbss                        bss          000000
__Hcinit                      cinit        000000
__Hclrtext                    clrtext      000000
__Hcomram                     comram       000000
__Hconfig                     config       30000E
__Hconst                      const        000000
__HcstackCOMRAM               cstackCOMRAM 000000
__Hdata                       data         000000
__HdataCOMRAM                 dataCOMRAM   000000
__Heeprom_data                eeprom_data  000000
__Hend_init                   end_init     000004
__Hfarbss                     farbss       000000
__Hfardata                    fardata      000000
__Hibigdata                   ibigdata     000000
__Hidata                      idata        000000
__HidataCOMRAM                idataCOMRAM  000000
__Hidloc                      idloc        200008
__Hifardata                   ifardata     000000
__Hinit                       init         000000
__Hintcode                    intcode      000000
__Hintcode_body               intcode_body 000000
__Hintcodelo                  intcodelo    000000
__Hintentry                   intentry     000000
__Hintret                     intret       000000
__Hintsave_regs               intsave_regs 000000
__Hirdata                     irdata       000000
__Hmediumconst                mediumconst  000000
__HnvFARRAM                   nvFARRAM     000000
__Hnvbit                      nvbit        000000
__Hnvrram                     nvrram       000000
__Hparam                      rparam       000000
__Hpowerup                    powerup      000000
__Hram                        ram          000000
__Hramtop                     ramtop       001000
__Hrbit                       rbit         000000
__Hrbss                       rbss         000000
__Hrdata                      rdata        000000
__Hreset_vec                  reset_vec    000000
__Hrparam                     rparam       000000
__Hsfr                        sfr          000000
__Hsmallconst                 smallconst   000000
__Hspace_0                    (abs)        30000E
__Hspace_1                    (abs)        00001A
__Hspace_2                    (abs)        000000
__Hstack                      stack        000000
__Hstruct                     struct       000000
__Htemp                       temp         000000
__Htext                       text         000000
__Htext0                      text0        000000
__Htext1                      text1        000000
__Htext10                     text10       000000
__Htext2                      text2        000000
__Htext3                      text3        000000
__Htext4                      text4        000000
__Htext5                      text5        000000
__Htext6                      text6        000000
__Htext7                      text7        000000
__Htext8                      text8        000000
__Htext9                      text9        000000
__LRAM                        (abs)        000001
__Labs1                       abs1         000000
__Lbank0                      bank0        000000
__Lbank1                      bank1        000000
__Lbank10                     bank10       000000
__Lbank11                     bank11       000000
__Lbank12                     bank12       000000
__Lbank13                     bank13       000000
__Lbank14                     bank14       000000
__Lbank15                     bank15       000000
__Lbank2                      bank2        000000
__Lbank3                      bank3        000000
__Lbank4                      bank4        000000
__Lbank5                      bank5        000000
__Lbank6                      bank6        000000
__Lbank7                      bank7        000000
__Lbank8                      bank8        000000
__Lbank9                      bank9        000000
__Lbigbss                     bigbss       000000
__Lbigdata                    bigdata      000000
__Lbigram                     bigram       000000
__Lbss                        bss          000000
__Lcinit                      cinit        000000
__Lclrtext                    clrtext      000000
__Lcomram                     comram       000000
__Lconfig                     config       300000
__Lconst                      const        000000
__LcstackCOMRAM               cstackCOMRAM 000000
__Ldata                       data         000000
__LdataCOMRAM                 dataCOMRAM   000000
__Leeprom_data                eeprom_data  000000
__Lend_init                   end_init     000000
__Lfarbss                     farbss       000000
__Lfardata                    fardata      000000
__Libigdata                   ibigdata     000000
__Lidata                      idata        000000
__LidataCOMRAM                idataCOMRAM  000000
__Lidloc                      idloc        200000
__Lifardata                   ifardata     000000
__Linit                       init         000000
__Lintcode                    intcode      000000
__Lintcode_body               intcode_body 000000
__Lintcodelo                  intcodelo    000000
__Lintentry                   intentry     000000
__Lintret                     intret       000000
__Lintsave_regs               intsave_regs 000000
__Lirdata                     irdata       000000
__Lmediumconst                mediumconst  000000
__LnvFARRAM                   nvFARRAM     000000
__Lnvbit                      nvbit        000000
__Lnvrram                     nvrram       000000
__Lparam                      rparam       000000
__Lpowerup                    powerup      000000
__Lram                        ram          000000
__Lramtop                     ramtop       001000
__Lrbit                       rbit         000000
__Lrbss                       rbss         000000
__Lrdata                      rdata        000000
__Lreset_vec                  reset_vec    000000
__Lrparam                     rparam       000000
__Lsfr                        sfr          000000
__Lsmallconst                 smallconst   000000
__Lspace_0                    (abs)        000000
__Lspace_1                    (abs)        000000
__Lspace_2                    (abs)        000000
__Lstack                      stack        000000
__Lstruct                     struct       000000
__Ltemp                       temp         000000
__Ltext                       text         000000
__Ltext0                      text0        000000
__Ltext1                      text1        000000
__Ltext10                     text10       000000
__Ltext2                      text2        000000
__Ltext3                      text3        000000
__Ltext4                      text4        000000
__Ltext5                      text5        000000
__Ltext6                      text6        000000
__Ltext7                      text7        000000
__Ltext8                      text8        000000
__Ltext9                      text9        000000
__S0                          (abs)        30000E
__S1                          (abs)        00001A
__S2                          (abs)        000000
___awmod                      text1        01FF7E
___awmod@counter              cstackCOMRAM 000015
___awmod@dividend             cstackCOMRAM 000011
___awmod@divisor              cstackCOMRAM 000013
___awmod@sign                 cstackCOMRAM 000016
___inthi_sp                   stack        000000
___intlo_sp                   stack        000000
___param_bank                 (abs)        000010
___rparam_used                (abs)        000001
___sp                         stack        000000
__accesstop                   (abs)        000060
__activetblptr                (abs)        000003
__end_of_Init_Key             text10       01FDCE
__end_of_Init_LED             text9        01FDDC
__end_of_Init_System          text3        01FDEA
__end_of_Init_TM1640          text4        01FEA4
__end_of_TM1640_Delay         text8        01FE14
__end_of_TM1640_Start         text7        01FE5A
__end_of_TM1640_Stop          text6        01FE7E
__end_of_TM1640_Writer_Byte   text5        01FF08
__end_of_TM1640_Writer_Dates  text2        01FE36
__end_of___awmod              text1        020000
__end_of__initialization      cinit        01FEC4
__end_of_main                 text0        01FF7E
__initialization              cinit        01FEA4
__mediumconst                 mediumconst  000000
__pcinit                      cinit        01FEA4
__pcstackCOMRAM               cstackCOMRAM 000011
__pdataCOMRAM                 dataCOMRAM   000001
__pidataCOMRAM                idataCOMRAM  01FDEA
__ptext0                      text0        01FF08
__ptext1                      text1        01FF7E
__ptext10                     text10       01FDC2
__ptext2                      text2        01FE14
__ptext3                      text3        01FDDC
__ptext4                      text4        01FE7E
__ptext5                      text5        01FECA
__ptext6                      text6        01FE5A
__ptext7                      text7        01FE36
__ptext8                      text8        01FDFA
__ptext9                      text9        01FDCE
__ramtop                      ramtop       001000
__size_of_Init_Key            (abs)        000000
__size_of_Init_LED            (abs)        000000
__size_of_Init_System         (abs)        000000
__size_of_Init_TM1640         (abs)        000000
__size_of_TM1640_Delay        (abs)        000000
__size_of_TM1640_Start        (abs)        000000
__size_of_TM1640_Stop         (abs)        000000
__size_of_TM1640_Writer_Byte  (abs)        000000
__size_of_TM1640_Writer_Dates (abs)        000000
__size_of___awmod             (abs)        000000
__size_of_main                (abs)        000000
__smallconst                  smallconst   000000
_main                         text0        01FF08
end_of_initialization         cinit        01FEC4
intlevel0                     text         000000
intlevel1                     text         000000
intlevel2                     text         000000
intlevel3                     text         000000
main@NUM                      cstackCOMRAM 000019
main@i                        cstackCOMRAM 000017
stackhi                       (abs)        000F15
stacklo                       (abs)        000060
start                         init         000000
start_initialization          cinit        01FEA4


FUNCTION INFORMATION:

 *************** function _main *****************
 Defined at:
		line 15 in file "User/main.c"
 Parameters:    Size  Location     Type
		None
 Auto vars:     Size  Location     Type
  i               2    6[COMRAM] int 
  NUM             1    8[COMRAM] unsigned char 
 Return value:  Size  Location     Type
		None               void
 Registers used:
		wreg, status,2, status,0, cstack
 Tracked objects:
		On entry : 
		On exit  : 
		Unchanged: 
 Data sizes:     COMRAM   BANK0   BANK1   BANK2   BANK3   BANK4   BANK5   BANK6   BANK7   BANK8   BANK9  BANK10  BANK11  BANK12  BANK13  BANK14  BANK15
      Params:         0       0       0       0       0       0       0       0       0       0       0       0       0       0       0       0       0
      Locals:         3       0       0       0       0       0       0       0       0       0       0       0       0       0       0       0       0
      Temps:          0       0       0       0       0       0       0       0       0       0       0       0       0       0       0       0       0
      Totals:         3       0       0       0       0       0       0       0       0       0       0       0       0       0       0       0       0
Total ram usage:        3 bytes
 Hardware stack levels required when called:    4
 This function calls:
		_Init_System
		_TM1640_Writer_Dates
		___awmod
 This function is called by:
		Startup code after reset
 This function uses a non-reentrant model


 *************** function ___awmod *****************
 Defined at:
		line 8 in file "F:\Program Files (x86)\Microchip\xc8\v1.34\sources\common\awmod.c"
 Parameters:    Size  Location     Type
  dividend        2    0[COMRAM] int 
  divisor         2    2[COMRAM] int 
 Auto vars:     Size  Location     Type
  sign            1    5[COMRAM] unsigned char 
  counter         1    4[COMRAM] unsigned char 
 Return value:  Size  Location     Type
                  2    0[COMRAM] int 
 Registers used:
		wreg, status,2, status,0
 Tracked objects:
		On entry : 
		On exit  : 
		Unchanged: 
 Data sizes:     COMRAM   BANK0   BANK1   BANK2   BANK3   BANK4   BANK5   BANK6   BANK7   BANK8   BANK9  BANK10  BANK11  BANK12  BANK13  BANK14  BANK15
      Params:         4       0       0       0       0       0       0       0       0       0       0       0       0       0       0       0       0
      Locals:         2       0       0       0       0       0       0       0       0       0       0       0       0       0       0       0       0
      Temps:          0       0       0       0       0       0       0       0       0       0       0       0       0       0       0       0       0
      Totals:         6       0       0       0       0       0       0       0       0       0       0       0       0       0       0       0       0
Total ram usage:        6 bytes
 Hardware stack levels used:    1
 This function calls:
		Nothing
 This function is called by:
		_main
		_TM1640_Show_Numbers
 This function uses a non-reentrant model


 *************** function _TM1640_Writer_Dates *****************
 Defined at:
		line 109 in file "User/TM1640.c"
 Parameters:    Size  Location     Type
  Addr            1    wreg     unsigned char 
  Date            1    4[COMRAM] unsigned char 
 Auto vars:     Size  Location     Type
  Addr            1    5[COMRAM] unsigned char 
 Return value:  Size  Location     Type
		None               void
 Registers used:
		wreg, status,2, status,0, cstack
 Tracked objects:
		On entry : 
		On exit  : 
		Unchanged: 
 Data sizes:     COMRAM   BANK0   BANK1   BANK2   BANK3   BANK4   BANK5   BANK6   BANK7   BANK8   BANK9  BANK10  BANK11  BANK12  BANK13  BANK14  BANK15
      Params:         1       0       0       0       0       0       0       0       0       0       0       0       0       0       0       0       0
      Locals:         1       0       0       0       0       0       0       0       0       0       0       0       0       0       0       0       0
      Temps:          0       0       0       0       0       0       0       0       0       0       0       0       0       0       0       0       0
      Totals:         2       0       0       0       0       0       0       0       0       0       0       0       0       0       0       0       0
Total ram usage:        2 bytes
 Hardware stack levels used:    1
 Hardware stack levels required when called:    2
 This function calls:
		_TM1640_Start
		_TM1640_Stop
		_TM1640_Writer_Byte
 This function is called by:
		_main
		_TM1640_Show_Numbers
 This function uses a non-reentrant model


 *************** function _Init_System *****************
 Defined at:
		line 36 in file "User/main.c"
 Parameters:    Size  Location     Type
		None
 Auto vars:     Size  Location     Type
		None
 Return value:  Size  Location     Type
		None               void
 Registers used:
		wreg, status,2, status,0, cstack
 Tracked objects:
		On entry : 
		On exit  : 
		Unchanged: 
 Data sizes:     COMRAM   BANK0   BANK1   BANK2   BANK3   BANK4   BANK5   BANK6   BANK7   BANK8   BANK9  BANK10  BANK11  BANK12  BANK13  BANK14  BANK15
      Params:         0       0       0       0       0       0       0       0       0       0       0       0       0       0       0       0       0
      Locals:         0       0       0       0       0       0       0       0       0       0       0       0       0       0       0       0       0
      Temps:          0       0       0       0       0       0       0       0       0       0       0       0       0       0       0       0       0
      Totals:         0       0       0       0       0       0       0       0       0       0       0       0       0       0       0       0       0
Total ram usage:        0 bytes
 Hardware stack levels used:    1
 Hardware stack levels required when called:    3
 This function calls:
		_Init_Key
		_Init_LED
		_Init_TM1640
 This function is called by:
		_main
 This function uses a non-reentrant model


 *************** function _Init_TM1640 *****************
 Defined at:
		line 162 in file "User/TM1640.c"
 Parameters:    Size  Location     Type
		None
 Auto vars:     Size  Location     Type
		None
 Return value:  Size  Location     Type
		None               void
 Registers used:
		wreg, status,2, status,0, cstack
 Tracked objects:
		On entry : 
		On exit  : 
		Unchanged: 
 Data sizes:     COMRAM   BANK0   BANK1   BANK2   BANK3   BANK4   BANK5   BANK6   BANK7   BANK8   BANK9  BANK10  BANK11  BANK12  BANK13  BANK14  BANK15
      Params:         0       0       0       0       0       0       0       0       0       0       0       0       0       0       0       0       0
      Locals:         0       0       0       0       0       0       0       0       0       0       0       0       0       0       0       0       0
      Temps:          0       0       0       0       0       0       0       0       0       0       0       0       0       0       0       0       0
      Totals:         0       0       0       0       0       0       0       0       0       0       0       0       0       0       0       0       0
Total ram usage:        0 bytes
 Hardware stack levels used:    1
 Hardware stack levels required when called:    2
 This function calls:
		_TM1640_Start
		_TM1640_Stop
		_TM1640_Writer_Byte
 This function is called by:
		_Init_System
 This function uses a non-reentrant model


 *************** function _TM1640_Writer_Byte *****************
 Defined at:
		line 120 in file "User/TM1640.c"
 Parameters:    Size  Location     Type
  Date            1    wreg     const unsigned char 
 Auto vars:     Size  Location     Type
  Date            1    2[COMRAM] const unsigned char 
  mask            1    3[COMRAM] unsigned char 
 Return value:  Size  Location     Type
		None               void
 Registers used:
		wreg, status,2, status,0, cstack
 Tracked objects:
		On entry : 
		On exit  : 
		Unchanged: 
 Data sizes:     COMRAM   BANK0   BANK1   BANK2   BANK3   BANK4   BANK5   BANK6   BANK7   BANK8   BANK9  BANK10  BANK11  BANK12  BANK13  BANK14  BANK15
      Params:         0       0       0       0       0       0       0       0       0       0       0       0       0       0       0       0       0
      Locals:         2       0       0       0       0       0       0       0       0       0       0       0       0       0       0       0       0
      Temps:          0       0       0       0       0       0       0       0       0       0       0       0       0       0       0       0       0
      Totals:         2       0       0       0       0       0       0       0       0       0       0       0       0       0       0       0       0
Total ram usage:        2 bytes
 Hardware stack levels used:    1
 Hardware stack levels required when called:    1
 This function calls:
		_TM1640_Delay
 This function is called by:
		_TM1640_Writer_Dates
		_Init_TM1640
		_Open_Display
		_Disable_Display
 This function uses a non-reentrant model


 *************** function _TM1640_Stop *****************
 Defined at:
		line 30 in file "User/TM1640.c"
 Parameters:    Size  Location     Type
		None
 Auto vars:     Size  Location     Type
		None
 Return value:  Size  Location     Type
		None               void
 Registers used:
		wreg, status,2, status,0, cstack
 Tracked objects:
		On entry : 
		On exit  : 
		Unchanged: 
 Data sizes:     COMRAM   BANK0   BANK1   BANK2   BANK3   BANK4   BANK5   BANK6   BANK7   BANK8   BANK9  BANK10  BANK11  BANK12  BANK13  BANK14  BANK15
      Params:         0       0       0       0       0       0       0       0       0       0       0       0       0       0       0       0       0
      Locals:         0       0       0       0       0       0       0       0       0       0       0       0       0       0       0       0       0
      Temps:          0       0       0       0       0       0       0       0       0       0       0       0       0       0       0       0       0
      Totals:         0       0       0       0       0       0       0       0       0       0       0       0       0       0       0       0       0
Total ram usage:        0 bytes
 Hardware stack levels used:    1
 Hardware stack levels required when called:    1
 This function calls:
		_TM1640_Delay
 This function is called by:
		_TM1640_Writer_Dates
		_Init_TM1640
		_Open_Display
		_Disable_Display
 This function uses a non-reentrant model


 *************** function _TM1640_Start *****************
 Defined at:
		line 17 in file "User/TM1640.c"
 Parameters:    Size  Location     Type
		None
 Auto vars:     Size  Location     Type
		None
 Return value:  Size  Location     Type
		None               void
 Registers used:
		wreg, status,2, status,0, cstack
 Tracked objects:
		On entry : 
		On exit  : 
		Unchanged: 
 Data sizes:     COMRAM   BANK0   BANK1   BANK2   BANK3   BANK4   BANK5   BANK6   BANK7   BANK8   BANK9  BANK10  BANK11  BANK12  BANK13  BANK14  BANK15
      Params:         0       0       0       0       0       0       0       0       0       0       0       0       0       0       0       0       0
      Locals:         0       0       0       0       0       0       0       0       0       0       0       0       0       0       0       0       0
      Temps:          0       0       0       0       0       0       0       0       0       0       0       0       0       0       0       0       0
      Totals:         0       0       0       0       0       0       0       0       0       0       0       0       0       0       0       0       0
Total ram usage:        0 bytes
 Hardware stack levels used:    1
 Hardware stack levels required when called:    1
 This function calls:
		_TM1640_Delay
 This function is called by:
		_TM1640_Writer_Dates
		_Init_TM1640
		_Open_Display
		_Disable_Display
 This function uses a non-reentrant model


 *************** function _TM1640_Delay *****************
 Defined at:
		line 152 in file "User/TM1640.c"
 Parameters:    Size  Location     Type
  Time            1    wreg     unsigned char 
 Auto vars:     Size  Location     Type
  Time            1    0[COMRAM] unsigned char 
  i               1    1[COMRAM] unsigned char 
 Return value:  Size  Location     Type
		None               void
 Registers used:
		wreg, status,2, status,0
 Tracked objects:
		On entry : 
		On exit  : 
		Unchanged: 
 Data sizes:     COMRAM   BANK0   BANK1   BANK2   BANK3   BANK4   BANK5   BANK6   BANK7   BANK8   BANK9  BANK10  BANK11  BANK12  BANK13  BANK14  BANK15
      Params:         0       0       0       0       0       0       0       0       0       0       0       0       0       0       0       0       0
      Locals:         2       0       0       0       0       0       0       0       0       0       0       0       0       0       0       0       0
      Temps:          0       0       0       0       0       0       0       0       0       0       0       0       0       0       0       0       0
      Totals:         2       0       0       0       0       0       0       0       0       0       0       0       0       0       0       0       0
Total ram usage:        2 bytes
 Hardware stack levels used:    1
 This function calls:
		Nothing
 This function is called by:
		_TM1640_Start
		_TM1640_Stop
		_TM1640_Writer_Byte
 This function uses a non-reentrant model


 *************** function _Init_LED *****************
 Defined at:
		line 12 in file "User/LED.c"
 Parameters:    Size  Location     Type
		None
 Auto vars:     Size  Location     Type
		None
 Return value:  Size  Location     Type
		None               void
 Registers used:
		None
 Tracked objects:
		On entry : 
		On exit  : 
		Unchanged: 
 Data sizes:     COMRAM   BANK0   BANK1   BANK2   BANK3   BANK4   BANK5   BANK6   BANK7   BANK8   BANK9  BANK10  BANK11  BANK12  BANK13  BANK14  BANK15
      Params:         0       0       0       0       0       0       0       0       0       0       0       0       0       0       0       0       0
      Locals:         0       0       0       0       0       0       0       0       0       0       0       0       0       0       0       0       0
      Temps:          0       0       0       0       0       0       0       0       0       0       0       0       0       0       0       0       0
      Totals:         0       0       0       0       0       0       0       0       0       0       0       0       0       0       0       0       0
Total ram usage:        0 bytes
 Hardware stack levels used:    1
 This function calls:
		Nothing
 This function is called by:
		_Init_System
 This function uses a non-reentrant model


 *************** function _Init_Key *****************
 Defined at:
		line 12 in file "User/Key.c"
 Parameters:    Size  Location     Type
		None
 Auto vars:     Size  Location     Type
		None
 Return value:  Size  Location     Type
		None               void
 Registers used:
		None
 Tracked objects:
		On entry : 
		On exit  : 
		Unchanged: 
 Data sizes:     COMRAM   BANK0   BANK1   BANK2   BANK3   BANK4   BANK5   BANK6   BANK7   BANK8   BANK9  BANK10  BANK11  BANK12  BANK13  BANK14  BANK15
      Params:         0       0       0       0       0       0       0       0       0       0       0       0       0       0       0       0       0
      Locals:         0       0       0       0       0       0       0       0       0       0       0       0       0       0       0       0       0
      Temps:          0       0       0       0       0       0       0       0       0       0       0       0       0       0       0       0       0
      Totals:         0       0       0       0       0       0       0       0       0       0       0       0       0       0       0       0       0
Total ram usage:        0 bytes
 Hardware stack levels used:    1
 This function calls:
		Nothing
 This function is called by:
		_Init_System
 This function uses a non-reentrant model



MODULE INFORMATION

Module		Function		Class		Link	Load	Size
F:\Program Files (x86)\Microchip\xc8\v1.34\sources\common\awmod.c
		___awmod       		CODE           	1FF7E	0000	131

F:\Program Files (x86)\Microchip\xc8\v1.34\sources\common\awmod.c estimated size: 131

User/Key.c
		_Init_Key      		CODE           	1FDC2	0000	13

User/Key.c estimated size: 13

User/TM1640.c
		_TM1640_Stop   		CODE           	1FE5A	0000	37
		_TM1640_Delay  		CODE           	1FDFA	0000	27
		_TM1640_Start  		CODE           	1FE36	0000	37
		_TM1640_Writer_		CODE           	1FE14	0000	35
		_TM1640_Writer_		CODE           	1FECA	0000	63
		_Init_TM1640   		CODE           	1FE7E	0000	39

User/TM1640.c estimated size: 238

shared
		__initializatio		CODE           	1FEA4	0000	33

shared estimated size: 33

User/main.c
		_main          		CODE           	1FF08	0000	119
		_Init_System   		CODE           	1FDDC	0000	15

User/main.c estimated size: 134

User/LED.c
		_Init_LED      		CODE           	1FDCE	0000	15

User/LED.c estimated size: 15

