Microchip MPLAB XC8 Compiler V1.34 ()

Linker command line:

--edf=F:\Program Files (x86)\Microchip\xc8\v1.34\dat\en_msgs.txt -cs \
  -h+dist/default/production\Handle_03_AD_.production.sym \
  --cmf=dist/default/production\Handle_03_AD_.production.cmf -z -Q18F67K22 \
  -oC:\Users\llhlh\AppData\Local\Temp\so98.6 \
  -Mdist/default/production/Handle_03_AD_.production.map -E1 -ver=XC8 \
  -ASTACK=080h-0f15h -pstack=STACK -ACODE=00h-01FFFFh -ACONST=00h-01FFFFh \
  -ASMALLCONST=01000h-010FFhx496 \
  -AMEDIUMCONST=01000h-0FFFFh,011000h-01FFFFh -ACOMRAM=01h-05Fh \
  -AABS1=00h-0F15h -ABIGRAM=01h-0F15h \
  -ARAM=060h-0FFh,0100h-01FFhx14,0F00h-0F15h -ABANK0=060h-0FFh \
  -ABANK1=0100h-01FFh -ABANK2=0200h-02FFh -ABANK3=0300h-03FFh \
  -ABANK4=0400h-04FFh -ABANK5=0500h-05FFh -ABANK6=0600h-06FFh \
  -ABANK7=0700h-07FFh -ABANK8=0800h-08FFh -ABANK9=0900h-09FFh \
  -ABANK10=0A00h-0AFFh -ABANK11=0B00h-0BFFh -ABANK12=0C00h-0CFFh \
  -ABANK13=0D00h-0DFFh -ABANK14=0E00h-0EFFh -ABANK15=0F00h-0F15h \
  -ASFR=0F16h-0F5Fh,0F60h-0FFFh \
  -preset_vec=00h,intcode=08h,intcodelo,powerup,init,end_init \
  -pramtop=01000h -psmallconst=SMALLCONST -pmediumconst=MEDIUMCONST \
  -pconst=CONST -AFARRAM=00h-00h -ACONFIG=0300000h-030000Dh -pconfig=CONFIG \
  -AIDLOC=0200000h-0200007h -pidloc=IDLOC -AEEDATA=0F00000h-0F003FFh \
  -peeprom_data=EEDATA \
  -prdata=COMRAM,nvrram=COMRAM,nvbit=COMRAM,rbss=COMRAM,rbit=COMRAM \
  -pfarbss=FARRAM,fardata=FARRAM,nvFARRAM=FARRAM \
  -pintsave_regs=BIGRAM,bigbss=BIGRAM,bigdata=BIGRAM -pbss=RAM \
  -pidata=CODE,irdata=CODE,ibigdata=CODE,ifardata=CODE -prparam=COMRAM \
  C:\Users\llhlh\AppData\Local\Temp\so98.obj \
  dist/default/production\Handle_03_AD_.production.obj 

Object code version is 3.11

Machine type is 18F67K22

Call graph: (short form)




                Name                               Link     Load   Length Selector   Space Scale
C:\Users\llhlh\AppData\Local\Temp\so98.obj
                end_init                            120      120        4        4       0
                reset_vec                             0        0        4        0       0
                idloc                            200000   200000        8   200000       0
                config                           300000   300000        E   300000       0
dist/default/production\Handle_03_AD_.production.obj
                intcode                               8        8      118        4       0
                smallconst                         1000     1000       12      800       0
                text33                             1FA0     1FA0        E      809       0
                text32                             1FC4     1FC4        4      809       0
                text31                             1F90     1F90       10      809       0
                text30                             19F8     19F8       C6      809       0
                text29                             1EA6     1EA6       26      809       0
                text28                             190C     190C       EC      809       0
                text27                             180A     180A      102      809       0
                text26                             1BE2     1BE2       66      809       0
                text25                             1E02     1E02       2E      809       0
                text24                             1708     1708      102      809       0
                text23                             1B72     1B72       70      809       0
                text22                             1DD2     1DD2       30      809       0
                text20                             1C48     1C48       64      809       0
                text19                             1F7A     1F7A       16      809       0
                text18                             1FAE     1FAE        C      809       0
                text17                             1F14     1F14       24      809       0
                text16                             1EF0     1EF0       24      809       0
                text15                             1ECC     1ECC       24      809       0
                text14                             1D48     1D48       4C      809       0
                text13                             1E80     1E80       26      809       0
                text12                             1FBA     1FBA        A      809       0
                text11                             1E30     1E30       2A      809       0
                text10                             1ABE     1ABE       B4      809       0
                text9                              15E8     15E8      120      809       0
                text8                              1496     1496      152      809       0
                text7                              11D8     11D8      16C      809       0
                text6                              1344     1344      152      809       0
                text5                              1012     1012      1C6      809       0
                text4                              1D94     1D94       3E      809       0
                text3                              1E5A     1E5A       26      809       0
                text2                              1CAC     1CAC       50      809       0
                text1                              1F5A     1F5A       20      809       0
                text0                              1CFC     1CFC       4C      809       0
                cstackCOMRAM                          1        1       37        1       1
                cstackBANK0                          60       60       1D       60       1
                bssBANK0                             7D       7D        3       60       1
                bssCOMRAM                            38       38       10        1       1
                cinit                              1F38     1F38       22      809       0

TOTAL           Name                               Link     Load   Length     Space
        CLASS   STACK          

        CLASS   CODE           
                end_init                            120      120        4         0
                intcode                               8        8      118         0
                reset_vec                             0        0        4         0
                text33                             1FA0     1FA0        E         0
                text32                             1FC4     1FC4        4         0
                text31                             1F90     1F90       10         0
                text30                             19F8     19F8       C6         0
                text29                             1EA6     1EA6       26         0
                text28                             190C     190C       EC         0
                text27                             180A     180A      102         0
                text26                             1BE2     1BE2       66         0
                text25                             1E02     1E02       2E         0
                text24                             1708     1708      102         0
                text23                             1B72     1B72       70         0
                text22                             1DD2     1DD2       30         0
                text20                             1C48     1C48       64         0
                text19                             1F7A     1F7A       16         0
                text18                             1FAE     1FAE        C         0
                text17                             1F14     1F14       24         0
                text16                             1EF0     1EF0       24         0
                text15                             1ECC     1ECC       24         0
                text14                             1D48     1D48       4C         0
                text13                             1E80     1E80       26         0
                text12                             1FBA     1FBA        A         0
                text11                             1E30     1E30       2A         0
                text10                             1ABE     1ABE       B4         0
                text9                              15E8     15E8      120         0
                text8                              1496     1496      152         0
                text7                              11D8     11D8      16C         0
                text6                              1344     1344      152         0
                text5                              1012     1012      1C6         0
                text4                              1D94     1D94       3E         0
                text3                              1E5A     1E5A       26         0
                text2                              1CAC     1CAC       50         0
                text1                              1F5A     1F5A       20         0
                text0                              1CFC     1CFC       4C         0
                cinit                              1F38     1F38       22         0

        CLASS   CONST          

        CLASS   SMALLCONST     
                smallconst                         1000     1000       12         0

        CLASS   MEDIUMCONST    

        CLASS   COMRAM         
                cstackCOMRAM                          1        1       37         1
                bssCOMRAM                            38       38       10         1

        CLASS   ABS1           

        CLASS   BIGRAM         

        CLASS   RAM            

        CLASS   BANK0          
                cstackBANK0                          60       60       1D         1
                bssBANK0                             7D       7D        3         1

        CLASS   BANK1          

        CLASS   BANK2          

        CLASS   BANK3          

        CLASS   BANK4          

        CLASS   BANK5          

        CLASS   BANK6          

        CLASS   BANK7          

        CLASS   BANK8          

        CLASS   BANK9          

        CLASS   BANK10         

        CLASS   BANK11         

        CLASS   BANK12         

        CLASS   BANK13         

        CLASS   BANK14         

        CLASS   BANK15         

        CLASS   SFR            

        CLASS   FARRAM         

        CLASS   CONFIG         
                config                           300000   300000        E         0

        CLASS   IDLOC          
                idloc                            200000   200000        8         0

        CLASS   EEDATA         



SEGMENTS        Name                           Load    Length   Top    Selector   Space  Class

                reset_vec                      000000  000004  000004         0       0  CODE    
                cstackCOMRAM                   000001  000047  000048         1       1  COMRAM  
                intcode                        000008  00011C  000124         4       0  CODE    
                cstackBANK0                    000060  000020  000080        60       1  BANK0   
                smallconst                     001000  000012  001012       800       0  SMALLCON
                text5                          001012  000FB6  001FC8       809       0  CODE    
                idloc                          200000  000008  200008    200000       0  IDLOC   
                config                         300000  00000E  30000E    300000       0  CONFIG  


UNUSED ADDRESS RANGES

        Name                Unused          Largest block    Delta
        BANK0            000080-0000FF               80
        BANK1            000100-0001FF              100
        BANK10           000A00-000AFF              100
        BANK11           000B00-000BFF              100
        BANK12           000C00-000CFF              100
        BANK13           000D00-000DFF              100
        BANK14           000E00-000EFF              100
        BANK15           000F00-000F15               16
        BANK2            000200-0002FF              100
        BANK3            000300-0003FF              100
        BANK4            000400-0004FF              100
        BANK5            000500-0005FF              100
        BANK6            000600-0006FF              100
        BANK7            000700-0007FF              100
        BANK8            000800-0008FF              100
        BANK9            000900-0009FF              100
        BIGRAM           000048-00005F               18
                         000080-000F15              E96
        CODE             000004-000007                4
                         000124-000FFF              EDC
                         001FC8-01FFFF            1E038
        COMRAM           000048-00005F               18
        CONST            000004-000007                4
                         000124-000FFF              EDC
                         001FC8-01FFFF            1E038
        EEDATA           F00000-F003FF              400
        MEDIUMCONST      001FC8-00FFFF             E038
                         011000-01FFFF             F000
        RAM              000080-000F15              100
        SFR              000F16-000FFF               4A
        SMALLCONST       001FC8-01FFFF              100
        STACK            000080-000F15              E96

                                  Symbol Table

?_ReadADC                     cstackCOMRAM 000001
?___awmod                     cstackBANK0  00006F
?___ftdiv                     cstackBANK0  000068
?___ftmul                     cstackBANK0  000068
?___ftpack                    cstackBANK0  000060
?___fttol                     cstackBANK0  000060
?___llmod                     cstackCOMRAM 000001
?___lwtoft                    cstackCOMRAM 000009
?i2___ftdiv                   cstackCOMRAM 00001B
?i2___ftmul                   cstackCOMRAM 00000C
?i2___ftpack                  cstackCOMRAM 000001
OpenADC@config                cstackBANK0  000064
OpenADC@config2               cstackBANK0  000060
OpenADC@config3               cstackBANK0  000061
SetTimer0@_tmr                cstackBANK0  000060
Sys_Cyc@t                     bssCOMRAM    00003C
TM1640_Delay@Time             cstackBANK0  000060
TM1640_Delay@i                cstackBANK0  000061
TM1640_Show_Decimal@Numbers   cstackBANK0  000077
TM1640_Writer_Byte@Date       cstackBANK0  000062
TM1640_Writer_Byte@mask       cstackBANK0  000063
TM1640_Writer_Dates@Addr      cstackBANK0  000076
TM1640_Writer_Dates@Date      cstackBANK0  000075
_ADC6_Buff                    bssBANK0     00007D
_ADC6_Init                    text19       001F7A
_ADCON0                       (abs)        000FC2
_ADCON0bits                   (abs)        000FC2
_ADCON1                       (abs)        000FC1
_ADCON2                       (abs)        000FC0
_ADRESH                       (abs)        000FC4
_ADRESL                       (abs)        000FC3
_BusyADC                      text33       001FA0
_ConvertADC                   text32       001FC4
_GIE                          (abs)        007F97
_GPIO_Config                  text18       001FAE
_Get_ADC6                     text26       001BE2
_INTCONbits                   (abs)        000FF2
_IPEN                         (abs)        007E87
_Init_TM1640                  text13       001E80
_Key_FSM_Scan                 text24       001708
_Key_Init                     text12       001FBA
_Key_Scan                     text25       001E02
_LED2_switch                  bssCOMRAM    00003D
_LED_Number                   smallconst   001001
_Local_Key_FSM                bssCOMRAM    00003E
_OpenADC                      text20       001C48
_PIE1bits                     (abs)        000F9D
_PIR1bits                     (abs)        000F9E
_PORTEbits                    (abs)        000F84
_PSA                          (abs)        007EAB
_RC3                          (abs)        007C13
_RC4                          (abs)        007C14
_RD6                          (abs)        007C1E
_RD7                          (abs)        007C1F
_RE2                          (abs)        007C22
_RE3                          (abs)        007C23
_RE4                          (abs)        007C24
_RE5                          (abs)        007C25
_RE6                          (abs)        007C26
_RE7                          (abs)        007C27
_ReadADC                      text31       001F90
_SetTimer0                    text4        001D94
_Sys_Cyc                      intcode      000008
_T08BIT                       (abs)        007EAE
_T0CS                         (abs)        007EAD
_T0PS0                        (abs)        007EA8
_T0PS1                        (abs)        007EA9
_T0PS2                        (abs)        007EAA
_T0SE                         (abs)        007EAC
_TM1640_Delay                 text17       001F14
_TM1640_Show_Decimal          text5        001012
_TM1640_Start                 text16       001EF0
_TM1640_Stop                  text15       001ECC
_TM1640_Writer_Byte           text14       001D48
_TM1640_Writer_Dates          text11       001E30
_TMR0H                        (abs)        000FD7
_TMR0IE                       (abs)        007F95
_TMR0IF                       (abs)        007F92
_TMR0L                        (abs)        000FD6
_TMR0ON                       (abs)        007EAF
_TRISCbits                    (abs)        000F94
_TRISD                        (abs)        000F95
_TRISE                        (abs)        000F96
_Timer0_Init                  text3        001E5A
_Timer_Cyc                    bssCOMRAM    000038
__CFG_BBSIZ$BB2K              (abs)        000000
__CFG_BOREN$SBORDIS           (abs)        000000
__CFG_BORPWR$ZPBORMV          (abs)        000000
__CFG_BORV$3                  (abs)        000000
__CFG_CCP2MX$PORTC            (abs)        000000
__CFG_CP0$OFF                 (abs)        000000
__CFG_CP1$OFF                 (abs)        000000
__CFG_CP2$OFF                 (abs)        000000
__CFG_CP3$OFF                 (abs)        000000
__CFG_CP4$OFF                 (abs)        000000
__CFG_CP5$OFF                 (abs)        000000
__CFG_CP6$OFF                 (abs)        000000
__CFG_CP7$OFF                 (abs)        000000
__CFG_CPB$OFF                 (abs)        000000
__CFG_CPD$OFF                 (abs)        000000
__CFG_EBRT0$OFF               (abs)        000000
__CFG_EBRT1$OFF               (abs)        000000
__CFG_EBRT2$OFF               (abs)        000000
__CFG_EBRT3$OFF               (abs)        000000
__CFG_EBRT4$OFF               (abs)        000000
__CFG_EBRT5$OFF               (abs)        000000
__CFG_EBRT6$OFF               (abs)        000000
__CFG_EBRT7$OFF               (abs)        000000
__CFG_EBRTB$OFF               (abs)        000000
__CFG_FCMEN$OFF               (abs)        000000
__CFG_FOSC$HS1                (abs)        000000
__CFG_IESO$OFF                (abs)        000000
__CFG_INTOSCSEL$HIGH          (abs)        000000
__CFG_MCLRE$ON                (abs)        000000
__CFG_MSSPMSK$MSK7            (abs)        000000
__CFG_PLLCFG$OFF              (abs)        000000
__CFG_PWRTEN$OFF              (abs)        000000
__CFG_RETEN$ON                (abs)        000000
__CFG_RTCOSC$SOSCREF          (abs)        000000
__CFG_SOSCSEL$HIGH            (abs)        000000
__CFG_STVREN$ON               (abs)        000000
__CFG_WDTEN$SWDTDIS           (abs)        000000
__CFG_WDTPS$1048576           (abs)        000000
__CFG_WRT0$OFF                (abs)        000000
__CFG_WRT1$OFF                (abs)        000000
__CFG_WRT2$OFF                (abs)        000000
__CFG_WRT3$OFF                (abs)        000000
__CFG_WRT4$OFF                (abs)        000000
__CFG_WRT5$OFF                (abs)        000000
__CFG_WRT6$OFF                (abs)        000000
__CFG_WRT7$OFF                (abs)        000000
__CFG_WRTB$OFF                (abs)        000000
__CFG_WRTC$OFF                (abs)        000000
__CFG_WRTD$OFF                (abs)        000000
__CFG_XINST$OFF               (abs)        000000
__HRAM                        (abs)        000000
__Habs1                       abs1         000000
__Hbank0                      bank0        000000
__Hbank1                      bank1        000000
__Hbank10                     bank10       000000
__Hbank11                     bank11       000000
__Hbank12                     bank12       000000
__Hbank13                     bank13       000000
__Hbank14                     bank14       000000
__Hbank15                     bank15       000000
__Hbank2                      bank2        000000
__Hbank3                      bank3        000000
__Hbank4                      bank4        000000
__Hbank5                      bank5        000000
__Hbank6                      bank6        000000
__Hbank7                      bank7        000000
__Hbank8                      bank8        000000
__Hbank9                      bank9        000000
__Hbigbss                     bigbss       000000
__Hbigdata                    bigdata      000000
__Hbigram                     bigram       000000
__Hbss                        bss          000000
__HbssBANK0                   bssBANK0     000000
__HbssCOMRAM                  bssCOMRAM    000000
__Hcinit                      cinit        000000
__Hclrtext                    clrtext      000000
__Hcomram                     comram       000000
__Hconfig                     config       30000E
__Hconst                      const        000000
__HcstackBANK0                cstackBANK0  000000
__HcstackCOMRAM               cstackCOMRAM 000000
__Hdata                       data         000000
__Heeprom_data                eeprom_data  000000
__Hend_init                   end_init     000124
__Hfarbss                     farbss       000000
__Hfardata                    fardata      000000
__Hibigdata                   ibigdata     000000
__Hidata                      idata        000000
__Hidloc                      idloc        200008
__Hifardata                   ifardata     000000
__Hinit                       init         000120
__Hintcode                    intcode      000120
__Hintcode_body               intcode_body 000000
__Hintcodelo                  intcodelo    000120
__Hintentry                   intentry     000000
__Hintret                     intret       000000
__Hintsave_regs               intsave_regs 000000
__Hirdata                     irdata       000000
__Hmediumconst                mediumconst  000000
__HnvFARRAM                   nvFARRAM     000000
__Hnvbit                      nvbit        000000
__Hnvrram                     nvrram       000000
__Hparam                      rparam       000000
__Hpowerup                    powerup      000120
__Hram                        ram          000000
__Hramtop                     ramtop       001000
__Hrbit                       rbit         000000
__Hrbss                       rbss         000000
__Hrdata                      rdata        000000
__Hreset_vec                  reset_vec    000004
__Hrparam                     rparam       000000
__Hsfr                        sfr          000000
__Hsmallconst                 smallconst   001012
__Hspace_0                    (abs)        30000E
__Hspace_1                    (abs)        000080
__Hspace_2                    (abs)        000000
__Hstack                      stack        000000
__Hstruct                     struct       000000
__Htemp                       temp         000000
__Htext                       text         000000
__Htext0                      text0        000000
__Htext1                      text1        000000
__Htext10                     text10       000000
__Htext11                     text11       000000
__Htext12                     text12       000000
__Htext13                     text13       000000
__Htext14                     text14       000000
__Htext15                     text15       000000
__Htext16                     text16       000000
__Htext17                     text17       000000
__Htext18                     text18       000000
__Htext19                     text19       000000
__Htext2                      text2        000000
__Htext20                     text20       000000
__Htext22                     text22       000000
__Htext23                     text23       000000
__Htext24                     text24       000000
__Htext25                     text25       000000
__Htext26                     text26       000000
__Htext27                     text27       000000
__Htext28                     text28       000000
__Htext29                     text29       000000
__Htext3                      text3        000000
__Htext30                     text30       000000
__Htext31                     text31       000000
__Htext32                     text32       000000
__Htext33                     text33       000000
__Htext4                      text4        000000
__Htext5                      text5        000000
__Htext6                      text6        000000
__Htext7                      text7        000000
__Htext8                      text8        000000
__Htext9                      text9        000000
__LRAM                        (abs)        000001
__Labs1                       abs1         000000
__Lbank0                      bank0        000000
__Lbank1                      bank1        000000
__Lbank10                     bank10       000000
__Lbank11                     bank11       000000
__Lbank12                     bank12       000000
__Lbank13                     bank13       000000
__Lbank14                     bank14       000000
__Lbank15                     bank15       000000
__Lbank2                      bank2        000000
__Lbank3                      bank3        000000
__Lbank4                      bank4        000000
__Lbank5                      bank5        000000
__Lbank6                      bank6        000000
__Lbank7                      bank7        000000
__Lbank8                      bank8        000000
__Lbank9                      bank9        000000
__Lbigbss                     bigbss       000000
__Lbigdata                    bigdata      000000
__Lbigram                     bigram       000000
__Lbss                        bss          000000
__LbssBANK0                   bssBANK0     000000
__LbssCOMRAM                  bssCOMRAM    000000
__Lcinit                      cinit        000000
__Lclrtext                    clrtext      000000
__Lcomram                     comram       000000
__Lconfig                     config       300000
__Lconst                      const        000000
__LcstackBANK0                cstackBANK0  000000
__LcstackCOMRAM               cstackCOMRAM 000000
__Ldata                       data         000000
__Leeprom_data                eeprom_data  000000
__Lend_init                   end_init     000120
__Lfarbss                     farbss       000000
__Lfardata                    fardata      000000
__Libigdata                   ibigdata     000000
__Lidata                      idata        000000
__Lidloc                      idloc        200000
__Lifardata                   ifardata     000000
__Linit                       init         000120
__Lintcode                    intcode      000008
__Lintcode_body               intcode_body 000000
__Lintcodelo                  intcodelo    000120
__Lintentry                   intentry     000000
__Lintret                     intret       000000
__Lintsave_regs               intsave_regs 000000
__Lirdata                     irdata       000000
__Lmediumconst                mediumconst  000000
__LnvFARRAM                   nvFARRAM     000000
__Lnvbit                      nvbit        000000
__Lnvrram                     nvrram       000000
__Lparam                      rparam       000000
__Lpowerup                    powerup      000120
__Lram                        ram          000000
__Lramtop                     ramtop       001000
__Lrbit                       rbit         000000
__Lrbss                       rbss         000000
__Lrdata                      rdata        000000
__Lreset_vec                  reset_vec    000000
__Lrparam                     rparam       000000
__Lsfr                        sfr          000000
__Lsmallconst                 smallconst   001000
__Lspace_0                    (abs)        000000
__Lspace_1                    (abs)        000000
__Lspace_2                    (abs)        000000
__Lstack                      stack        000000
__Lstruct                     struct       000000
__Ltemp                       temp         000000
__Ltext                       text         000000
__Ltext0                      text0        000000
__Ltext1                      text1        000000
__Ltext10                     text10       000000
__Ltext11                     text11       000000
__Ltext12                     text12       000000
__Ltext13                     text13       000000
__Ltext14                     text14       000000
__Ltext15                     text15       000000
__Ltext16                     text16       000000
__Ltext17                     text17       000000
__Ltext18                     text18       000000
__Ltext19                     text19       000000
__Ltext2                      text2        000000
__Ltext20                     text20       000000
__Ltext22                     text22       000000
__Ltext23                     text23       000000
__Ltext24                     text24       000000
__Ltext25                     text25       000000
__Ltext26                     text26       000000
__Ltext27                     text27       000000
__Ltext28                     text28       000000
__Ltext29                     text29       000000
__Ltext3                      text3        000000
__Ltext30                     text30       000000
__Ltext31                     text31       000000
__Ltext32                     text32       000000
__Ltext33                     text33       000000
__Ltext4                      text4        000000
__Ltext5                      text5        000000
__Ltext6                      text6        000000
__Ltext7                      text7        000000
__Ltext8                      text8        000000
__Ltext9                      text9        000000
__S0                          (abs)        30000E
__S1                          (abs)        000080
__S2                          (abs)        000000
___awmod                      text10       001ABE
___awmod@counter              cstackBANK0  000073
___awmod@dividend             cstackBANK0  00006F
___awmod@divisor              cstackBANK0  000071
___awmod@sign                 cstackBANK0  000074
___ftdiv                      text8        001496
___ftdiv@cntr                 cstackBANK0  000071
___ftdiv@exp                  cstackBANK0  000075
___ftdiv@f1                   cstackBANK0  000068
___ftdiv@f2                   cstackBANK0  00006B
___ftdiv@f3                   cstackBANK0  000072
___ftdiv@sign                 cstackBANK0  000076
___ftmul                      text7        0011D8
___ftmul@cntr                 cstackBANK0  000075
___ftmul@exp                  cstackBANK0  000071
___ftmul@f1                   cstackBANK0  000068
___ftmul@f2                   cstackBANK0  00006B
___ftmul@f3_as_product        cstackBANK0  000072
___ftmul@sign                 cstackBANK0  000076
___ftpack                     text9        0015E8
___ftpack@arg                 cstackBANK0  000060
___ftpack@exp                 cstackBANK0  000063
___ftpack@sign                cstackBANK0  000064
___fttol                      text6        001344
___fttol@exp1                 cstackBANK0  00006E
___fttol@f1                   cstackBANK0  000060
___fttol@lval                 cstackBANK0  00006A
___fttol@sign1                cstackBANK0  000069
___inthi_sp                   stack        000000
___intlo_sp                   stack        000000
___llmod                      text23       001B72
___llmod@counter              cstackCOMRAM 000009
___llmod@dividend             cstackCOMRAM 000001
___llmod@divisor              cstackCOMRAM 000005
___lwtoft                     text29       001EA6
___lwtoft@c                   cstackCOMRAM 000009
___param_bank                 (abs)        000010
___rparam_used                (abs)        000001
___sp                         stack        000000
__accesstop                   (abs)        000060
__activetblptr                (abs)        000001
__end_of_ADC6_Init            text19       001F90
__end_of_BusyADC              text33       001FAE
__end_of_ConvertADC           text32       001FC8
__end_of_GPIO_Config          text18       001FBA
__end_of_Get_ADC6             text26       001C48
__end_of_Init_TM1640          text13       001EA6
__end_of_Key_FSM_Scan         text24       00180A
__end_of_Key_Init             text12       001FC4
__end_of_Key_Scan             text25       001E30
__end_of_LED_Number           smallconst   001011
__end_of_OpenADC              text20       001CAC
__end_of_ReadADC              text31       001FA0
__end_of_SetTimer0            text4        001DD2
__end_of_Sys_Cyc              intcode      000120
__end_of_TM1640_Delay         text17       001F38
__end_of_TM1640_Show_Decimal  text5        0011D8
__end_of_TM1640_Start         text16       001F14
__end_of_TM1640_Stop          text15       001EF0
__end_of_TM1640_Writer_Byte   text14       001D94
__end_of_TM1640_Writer_Dates  text11       001E5A
__end_of_Timer0_Init          text3        001E80
__end_of___awmod              text10       001B72
__end_of___ftdiv              text8        0015E8
__end_of___ftmul              text7        001344
__end_of___ftpack             text9        001708
__end_of___fttol              text6        001496
__end_of___llmod              text23       001BE2
__end_of___lwtoft             text29       001ECC
__end_of__initialization      cinit        001F4C
__end_of_delay1ms             text2        001CFC
__end_of_delay_ms             text1        001F7A
__end_of_main                 text0        001D48
__end_ofi2_SetTimer0          text22       001E02
__end_ofi2___ftdiv            text28       0019F8
__end_ofi2___ftmul            text27       00190C
__end_ofi2___ftpack           text30       001ABE
__initialization              cinit        001F38
__mediumconst                 mediumconst  000000
__pbssBANK0                   bssBANK0     00007D
__pbssCOMRAM                  bssCOMRAM    000038
__pcinit                      cinit        001F38
__pcstackBANK0                cstackBANK0  000060
__pcstackCOMRAM               cstackCOMRAM 000001
__pintcode                    intcode      000008
__psmallconst                 smallconst   001000
__ptext0                      text0        001CFC
__ptext1                      text1        001F5A
__ptext10                     text10       001ABE
__ptext11                     text11       001E30
__ptext12                     text12       001FBA
__ptext13                     text13       001E80
__ptext14                     text14       001D48
__ptext15                     text15       001ECC
__ptext16                     text16       001EF0
__ptext17                     text17       001F14
__ptext18                     text18       001FAE
__ptext19                     text19       001F7A
__ptext2                      text2        001CAC
__ptext20                     text20       001C48
__ptext22                     text22       001DD2
__ptext23                     text23       001B72
__ptext24                     text24       001708
__ptext25                     text25       001E02
__ptext26                     text26       001BE2
__ptext27                     text27       00180A
__ptext28                     text28       00190C
__ptext29                     text29       001EA6
__ptext3                      text3        001E5A
__ptext30                     text30       0019F8
__ptext31                     text31       001F90
__ptext32                     text32       001FC4
__ptext33                     text33       001FA0
__ptext4                      text4        001D94
__ptext5                      text5        001012
__ptext6                      text6        001344
__ptext7                      text7        0011D8
__ptext8                      text8        001496
__ptext9                      text9        0015E8
__ramtop                      ramtop       001000
__size_of_ADC6_Init           (abs)        000000
__size_of_BusyADC             (abs)        000000
__size_of_ConvertADC          (abs)        000000
__size_of_GPIO_Config         (abs)        000000
__size_of_Get_ADC6            (abs)        000000
__size_of_Init_TM1640         (abs)        000000
__size_of_Key_FSM_Scan        (abs)        000000
__size_of_Key_Init            (abs)        000000
__size_of_Key_Scan            (abs)        000000
__size_of_OpenADC             (abs)        000000
__size_of_ReadADC             (abs)        000000
__size_of_SetTimer0           (abs)        000000
__size_of_Sys_Cyc             (abs)        000000
__size_of_TM1640_Delay        (abs)        000000
__size_of_TM1640_Show_Decimal (abs)        000000
__size_of_TM1640_Start        (abs)        000000
__size_of_TM1640_Stop         (abs)        000000
__size_of_TM1640_Writer_Byte  (abs)        000000
__size_of_TM1640_Writer_Dates (abs)        000000
__size_of_Timer0_Init         (abs)        000000
__size_of___awmod             (abs)        000000
__size_of___ftdiv             (abs)        000000
__size_of___ftmul             (abs)        000000
__size_of___ftpack            (abs)        000000
__size_of___fttol             (abs)        000000
__size_of___llmod             (abs)        000000
__size_of___lwtoft            (abs)        000000
__size_of_delay1ms            (abs)        000000
__size_of_delay_ms            (abs)        000000
__size_of_main                (abs)        000000
__size_ofi2_SetTimer0         (abs)        000000
__size_ofi2___ftdiv           (abs)        000000
__size_ofi2___ftmul           (abs)        000000
__size_ofi2___ftpack          (abs)        000000
__smallconst                  smallconst   001000
_delay1ms                     text2        001CAC
_delay_ms                     text1        001F5A
_main                         text0        001CFC
delay1ms@a                    cstackBANK0  000060
delay1ms@b                    cstackBANK0  000061
delay1ms@c                    cstackBANK0  000062
delay_ms@_ms                  cstackBANK0  000063
end_of_initialization         cinit        001F4C
i2SetTimer0@_tmr              cstackCOMRAM 000001
i2_SetTimer0                  text22       001DD2
i2___ftdiv                    text28       00190C
i2___ftdiv@cntr               cstackCOMRAM 000024
i2___ftdiv@exp                cstackCOMRAM 000028
i2___ftdiv@f1                 cstackCOMRAM 00001B
i2___ftdiv@f2                 cstackCOMRAM 00001E
i2___ftdiv@f3                 cstackCOMRAM 000025
i2___ftdiv@sign               cstackCOMRAM 000029
i2___ftmul                    text27       00180A
i2___ftmul@cntr               cstackCOMRAM 000019
i2___ftmul@exp                cstackCOMRAM 000015
i2___ftmul@f1                 cstackCOMRAM 00000C
i2___ftmul@f2                 cstackCOMRAM 00000F
i2___ftmul@f3_as_product      cstackCOMRAM 000016
i2___ftmul@sign               cstackCOMRAM 00001A
i2___ftpack                   text30       0019F8
i2___ftpack@arg               cstackCOMRAM 000001
i2___ftpack@exp               cstackCOMRAM 000004
i2___ftpack@sign              cstackCOMRAM 000005
intlevel0                     text         000000
intlevel1                     text         000000
intlevel2                     text         000000
intlevel3                     text         000000
main@num                      cstackBANK0  00007A
stackhi                       (abs)        000F15
stacklo                       (abs)        000080
start                         init         000120
start_initialization          cinit        001F38


FUNCTION INFORMATION:

 *************** function _main *****************
 Defined at:
		line 34 in file "_01_USER/main.c"
 Parameters:    Size  Location     Type
		None
 Auto vars:     Size  Location     Type
  num             3   26[BANK0 ] float 
 Return value:  Size  Location     Type
                  2   18[None  ] int 
 Registers used:
		wreg, status,2, status,0, tblptrl, tblptrh, tblptru, cstack
 Tracked objects:
		On entry : 
		On exit  : 
		Unchanged: 
 Data sizes:     COMRAM   BANK0   BANK1   BANK2   BANK3   BANK4   BANK5   BANK6   BANK7   BANK8   BANK9  BANK10  BANK11  BANK12  BANK13  BANK14  BANK15
      Params:         0       0       0       0       0       0       0       0       0       0       0       0       0       0       0       0       0
      Locals:         0       3       0       0       0       0       0       0       0       0       0       0       0       0       0       0       0
      Temps:          0       0       0       0       0       0       0       0       0       0       0       0       0       0       0       0       0
      Totals:         0       3       0       0       0       0       0       0       0       0       0       0       0       0       0       0       0
Total ram usage:        3 bytes
 Hardware stack levels required when called:    8
 This function calls:
		_ADC6_Init
		_GPIO_Config
		_Init_TM1640
		_Key_Init
		_TM1640_Show_Decimal
		_Timer0_Init
		_delay_ms
 This function is called by:
		Startup code after reset
 This function uses a non-reentrant model


 *************** function _delay_ms *****************
 Defined at:
		line 35 in file "_01_USER/My_Delay.c"
 Parameters:    Size  Location     Type
  _ms             2    3[BANK0 ] unsigned int 
 Auto vars:     Size  Location     Type
		None
 Return value:  Size  Location     Type
		None               void
 Registers used:
		wreg, status,2, status,0, cstack
 Tracked objects:
		On entry : 
		On exit  : 
		Unchanged: 
 Data sizes:     COMRAM   BANK0   BANK1   BANK2   BANK3   BANK4   BANK5   BANK6   BANK7   BANK8   BANK9  BANK10  BANK11  BANK12  BANK13  BANK14  BANK15
      Params:         0       2       0       0       0       0       0       0       0       0       0       0       0       0       0       0       0
      Locals:         0       0       0       0       0       0       0       0       0       0       0       0       0       0       0       0       0
      Temps:          0       0       0       0       0       0       0       0       0       0       0       0       0       0       0       0       0
      Totals:         0       2       0       0       0       0       0       0       0       0       0       0       0       0       0       0       0
Total ram usage:        2 bytes
 Hardware stack levels used:    1
 Hardware stack levels required when called:    5
 This function calls:
		_delay1ms
 This function is called by:
		_main
 This function uses a non-reentrant model


 *************** function _delay1ms *****************
 Defined at:
		line 58 in file "_01_USER/My_Delay.c"
 Parameters:    Size  Location     Type
		None
 Auto vars:     Size  Location     Type
  c               1    2[BANK0 ] unsigned char 
  b               1    1[BANK0 ] unsigned char 
  a               1    0[BANK0 ] unsigned char 
 Return value:  Size  Location     Type
		None               void
 Registers used:
		wreg, status,2, status,0
 Tracked objects:
		On entry : 
		On exit  : 
		Unchanged: 
 Data sizes:     COMRAM   BANK0   BANK1   BANK2   BANK3   BANK4   BANK5   BANK6   BANK7   BANK8   BANK9  BANK10  BANK11  BANK12  BANK13  BANK14  BANK15
      Params:         0       0       0       0       0       0       0       0       0       0       0       0       0       0       0       0       0
      Locals:         0       3       0       0       0       0       0       0       0       0       0       0       0       0       0       0       0
      Temps:          0       0       0       0       0       0       0       0       0       0       0       0       0       0       0       0       0
      Totals:         0       3       0       0       0       0       0       0       0       0       0       0       0       0       0       0       0
Total ram usage:        3 bytes
 Hardware stack levels used:    1
 Hardware stack levels required when called:    4
 This function calls:
		Nothing
 This function is called by:
		_delay_ms
 This function uses a non-reentrant model


 *************** function _Timer0_Init *****************
 Defined at:
		line 40 in file "_01_USER/My_Timer.c"
 Parameters:    Size  Location     Type
		None
 Auto vars:     Size  Location     Type
		None
 Return value:  Size  Location     Type
                  2    6[None  ] int 
 Registers used:
		wreg, status,2, status,0, cstack
 Tracked objects:
		On entry : 
		On exit  : 
		Unchanged: 
 Data sizes:     COMRAM   BANK0   BANK1   BANK2   BANK3   BANK4   BANK5   BANK6   BANK7   BANK8   BANK9  BANK10  BANK11  BANK12  BANK13  BANK14  BANK15
      Params:         0       0       0       0       0       0       0       0       0       0       0       0       0       0       0       0       0
      Locals:         0       0       0       0       0       0       0       0       0       0       0       0       0       0       0       0       0
      Temps:          0       0       0       0       0       0       0       0       0       0       0       0       0       0       0       0       0
      Totals:         0       0       0       0       0       0       0       0       0       0       0       0       0       0       0       0       0
Total ram usage:        0 bytes
 Hardware stack levels used:    1
 Hardware stack levels required when called:    5
 This function calls:
		_SetTimer0
 This function is called by:
		_main
 This function uses a non-reentrant model


 *************** function _SetTimer0 *****************
 Defined at:
		line 78 in file "_01_USER/My_Timer.c"
 Parameters:    Size  Location     Type
  _tmr            2    0[BANK0 ] unsigned int 
 Auto vars:     Size  Location     Type
		None
 Return value:  Size  Location     Type
		None               void
 Registers used:
		wreg, status,2, status,0
 Tracked objects:
		On entry : 
		On exit  : 
		Unchanged: 
 Data sizes:     COMRAM   BANK0   BANK1   BANK2   BANK3   BANK4   BANK5   BANK6   BANK7   BANK8   BANK9  BANK10  BANK11  BANK12  BANK13  BANK14  BANK15
      Params:         0       2       0       0       0       0       0       0       0       0       0       0       0       0       0       0       0
      Locals:         0       0       0       0       0       0       0       0       0       0       0       0       0       0       0       0       0
      Temps:          0       2       0       0       0       0       0       0       0       0       0       0       0       0       0       0       0
      Totals:         0       4       0       0       0       0       0       0       0       0       0       0       0       0       0       0       0
Total ram usage:        4 bytes
 Hardware stack levels used:    1
 Hardware stack levels required when called:    4
 This function calls:
		Nothing
 This function is called by:
		_Timer0_Init
 This function uses a non-reentrant model


 *************** function _TM1640_Show_Decimal *****************
 Defined at:
		line 45 in file "_01_USER/TM1640.c"
 Parameters:    Size  Location     Type
  Numbers         3   23[BANK0 ] float 
 Auto vars:     Size  Location     Type
		None
 Return value:  Size  Location     Type
		None               void
 Registers used:
		wreg, status,2, status,0, tblptrl, tblptrh, tblptru, cstack
 Tracked objects:
		On entry : 
		On exit  : 
		Unchanged: 
 Data sizes:     COMRAM   BANK0   BANK1   BANK2   BANK3   BANK4   BANK5   BANK6   BANK7   BANK8   BANK9  BANK10  BANK11  BANK12  BANK13  BANK14  BANK15
      Params:         0       3       0       0       0       0       0       0       0       0       0       0       0       0       0       0       0
      Locals:         0       0       0       0       0       0       0       0       0       0       0       0       0       0       0       0       0
      Temps:          0       0       0       0       0       0       0       0       0       0       0       0       0       0       0       0       0
      Totals:         0       3       0       0       0       0       0       0       0       0       0       0       0       0       0       0       0
Total ram usage:        3 bytes
 Hardware stack levels used:    1
 Hardware stack levels required when called:    7
 This function calls:
		_TM1640_Writer_Dates
		___awmod
		___ftdiv
		___ftmul
		___fttol
 This function is called by:
		_main
 This function uses a non-reentrant model


 *************** function ___fttol *****************
 Defined at:
		line 44 in file "F:\Program Files (x86)\Microchip\xc8\v1.34\sources\common\fttol.c"
 Parameters:    Size  Location     Type
  f1              3    0[BANK0 ] float 
 Auto vars:     Size  Location     Type
  lval            4   10[BANK0 ] unsigned long 
  exp1            1   14[BANK0 ] unsigned char 
  sign1           1    9[BANK0 ] unsigned char 
 Return value:  Size  Location     Type
                  4    0[BANK0 ] long 
 Registers used:
		wreg, status,2, status,0
 Tracked objects:
		On entry : 
		On exit  : 
		Unchanged: 
 Data sizes:     COMRAM   BANK0   BANK1   BANK2   BANK3   BANK4   BANK5   BANK6   BANK7   BANK8   BANK9  BANK10  BANK11  BANK12  BANK13  BANK14  BANK15
      Params:         0       4       0       0       0       0       0       0       0       0       0       0       0       0       0       0       0
      Locals:         0       6       0       0       0       0       0       0       0       0       0       0       0       0       0       0       0
      Temps:          0       5       0       0       0       0       0       0       0       0       0       0       0       0       0       0       0
      Totals:         0      15       0       0       0       0       0       0       0       0       0       0       0       0       0       0       0
Total ram usage:       15 bytes
 Hardware stack levels used:    1
 Hardware stack levels required when called:    4
 This function calls:
		Nothing
 This function is called by:
		_TM1640_Show_Decimal
 This function uses a non-reentrant model


 *************** function ___ftmul *****************
 Defined at:
		line 62 in file "F:\Program Files (x86)\Microchip\xc8\v1.34\sources\common\ftmul.c"
 Parameters:    Size  Location     Type
  f1              3    8[BANK0 ] float 
  f2              3   11[BANK0 ] float 
 Auto vars:     Size  Location     Type
  f3_as_produc    3   18[BANK0 ] unsigned um
  sign            1   22[BANK0 ] unsigned char 
  cntr            1   21[BANK0 ] unsigned char 
  exp             1   17[BANK0 ] unsigned char 
 Return value:  Size  Location     Type
                  3    8[BANK0 ] float 
 Registers used:
		wreg, status,2, status,0, cstack
 Tracked objects:
		On entry : 
		On exit  : 
		Unchanged: 
 Data sizes:     COMRAM   BANK0   BANK1   BANK2   BANK3   BANK4   BANK5   BANK6   BANK7   BANK8   BANK9  BANK10  BANK11  BANK12  BANK13  BANK14  BANK15
      Params:         0       6       0       0       0       0       0       0       0       0       0       0       0       0       0       0       0
      Locals:         0       6       0       0       0       0       0       0       0       0       0       0       0       0       0       0       0
      Temps:          0       3       0       0       0       0       0       0       0       0       0       0       0       0       0       0       0
      Totals:         0      15       0       0       0       0       0       0       0       0       0       0       0       0       0       0       0
Total ram usage:       15 bytes
 Hardware stack levels used:    1
 Hardware stack levels required when called:    5
 This function calls:
		___ftpack
 This function is called by:
		_TM1640_Show_Decimal
 This function uses a non-reentrant model


 *************** function ___ftdiv *****************
 Defined at:
		line 54 in file "F:\Program Files (x86)\Microchip\xc8\v1.34\sources\common\ftdiv.c"
 Parameters:    Size  Location     Type
  f1              3    8[BANK0 ] float 
  f2              3   11[BANK0 ] float 
 Auto vars:     Size  Location     Type
  f3              3   18[BANK0 ] float 
  sign            1   22[BANK0 ] unsigned char 
  exp             1   21[BANK0 ] unsigned char 
  cntr            1   17[BANK0 ] unsigned char 
 Return value:  Size  Location     Type
                  3    8[BANK0 ] float 
 Registers used:
		wreg, status,2, status,0, cstack
 Tracked objects:
		On entry : 
		On exit  : 
		Unchanged: 
 Data sizes:     COMRAM   BANK0   BANK1   BANK2   BANK3   BANK4   BANK5   BANK6   BANK7   BANK8   BANK9  BANK10  BANK11  BANK12  BANK13  BANK14  BANK15
      Params:         0       6       0       0       0       0       0       0       0       0       0       0       0       0       0       0       0
      Locals:         0       6       0       0       0       0       0       0       0       0       0       0       0       0       0       0       0
      Temps:          0       3       0       0       0       0       0       0       0       0       0       0       0       0       0       0       0
      Totals:         0      15       0       0       0       0       0       0       0       0       0       0       0       0       0       0       0
Total ram usage:       15 bytes
 Hardware stack levels used:    1
 Hardware stack levels required when called:    5
 This function calls:
		___ftpack
 This function is called by:
		_TM1640_Show_Decimal
 This function uses a non-reentrant model


 *************** function ___ftpack *****************
 Defined at:
		line 62 in file "F:\Program Files (x86)\Microchip\xc8\v1.34\sources\common\float.c"
 Parameters:    Size  Location     Type
  arg             3    0[BANK0 ] unsigned um
  exp             1    3[BANK0 ] unsigned char 
  sign            1    4[BANK0 ] unsigned char 
 Auto vars:     Size  Location     Type
		None
 Return value:  Size  Location     Type
                  3    0[BANK0 ] float 
 Registers used:
		wreg, status,2, status,0
 Tracked objects:
		On entry : 
		On exit  : 
		Unchanged: 
 Data sizes:     COMRAM   BANK0   BANK1   BANK2   BANK3   BANK4   BANK5   BANK6   BANK7   BANK8   BANK9  BANK10  BANK11  BANK12  BANK13  BANK14  BANK15
      Params:         0       5       0       0       0       0       0       0       0       0       0       0       0       0       0       0       0
      Locals:         0       0       0       0       0       0       0       0       0       0       0       0       0       0       0       0       0
      Temps:          0       3       0       0       0       0       0       0       0       0       0       0       0       0       0       0       0
      Totals:         0       8       0       0       0       0       0       0       0       0       0       0       0       0       0       0       0
Total ram usage:        8 bytes
 Hardware stack levels used:    1
 Hardware stack levels required when called:    4
 This function calls:
		Nothing
 This function is called by:
		___ftdiv
		___ftmul
 This function uses a non-reentrant model


 *************** function ___awmod *****************
 Defined at:
		line 8 in file "F:\Program Files (x86)\Microchip\xc8\v1.34\sources\common\awmod.c"
 Parameters:    Size  Location     Type
  dividend        2   15[BANK0 ] int 
  divisor         2   17[BANK0 ] int 
 Auto vars:     Size  Location     Type
  sign            1   20[BANK0 ] unsigned char 
  counter         1   19[BANK0 ] unsigned char 
 Return value:  Size  Location     Type
                  2   15[BANK0 ] int 
 Registers used:
		wreg, status,2, status,0
 Tracked objects:
		On entry : 
		On exit  : 
		Unchanged: 
 Data sizes:     COMRAM   BANK0   BANK1   BANK2   BANK3   BANK4   BANK5   BANK6   BANK7   BANK8   BANK9  BANK10  BANK11  BANK12  BANK13  BANK14  BANK15
      Params:         0       4       0       0       0       0       0       0       0       0       0       0       0       0       0       0       0
      Locals:         0       2       0       0       0       0       0       0       0       0       0       0       0       0       0       0       0
      Temps:          0       0       0       0       0       0       0       0       0       0       0       0       0       0       0       0       0
      Totals:         0       6       0       0       0       0       0       0       0       0       0       0       0       0       0       0       0
Total ram usage:        6 bytes
 Hardware stack levels used:    1
 Hardware stack levels required when called:    4
 This function calls:
		Nothing
 This function is called by:
		_TM1640_Show_Decimal
 This function uses a non-reentrant model


 *************** function _TM1640_Writer_Dates *****************
 Defined at:
		line 66 in file "_01_USER/TM1640.c"
 Parameters:    Size  Location     Type
  Addr            1    wreg     unsigned char 
  Date            1   21[BANK0 ] unsigned char 
 Auto vars:     Size  Location     Type
  Addr            1   22[BANK0 ] unsigned char 
 Return value:  Size  Location     Type
		None               void
 Registers used:
		wreg, status,2, status,0, cstack
 Tracked objects:
		On entry : 
		On exit  : 
		Unchanged: 
 Data sizes:     COMRAM   BANK0   BANK1   BANK2   BANK3   BANK4   BANK5   BANK6   BANK7   BANK8   BANK9  BANK10  BANK11  BANK12  BANK13  BANK14  BANK15
      Params:         0       1       0       0       0       0       0       0       0       0       0       0       0       0       0       0       0
      Locals:         0       1       0       0       0       0       0       0       0       0       0       0       0       0       0       0       0
      Temps:          0       0       0       0       0       0       0       0       0       0       0       0       0       0       0       0       0
      Totals:         0       2       0       0       0       0       0       0       0       0       0       0       0       0       0       0       0
Total ram usage:        2 bytes
 Hardware stack levels used:    1
 Hardware stack levels required when called:    6
 This function calls:
		_TM1640_Start
		_TM1640_Stop
		_TM1640_Writer_Byte
 This function is called by:
		_TM1640_Show_Decimal
		_TM1640_Show_integer
 This function uses a non-reentrant model


 *************** function _Key_Init *****************
 Defined at:
		line 38 in file "_01_USER/Key.c"
 Parameters:    Size  Location     Type
		None
 Auto vars:     Size  Location     Type
		None
 Return value:  Size  Location     Type
		None               void
 Registers used:
		wreg, status,2, status,0
 Tracked objects:
		On entry : 
		On exit  : 
		Unchanged: 
 Data sizes:     COMRAM   BANK0   BANK1   BANK2   BANK3   BANK4   BANK5   BANK6   BANK7   BANK8   BANK9  BANK10  BANK11  BANK12  BANK13  BANK14  BANK15
      Params:         0       0       0       0       0       0       0       0       0       0       0       0       0       0       0       0       0
      Locals:         0       0       0       0       0       0       0       0       0       0       0       0       0       0       0       0       0
      Temps:          0       0       0       0       0       0       0       0       0       0       0       0       0       0       0       0       0
      Totals:         0       0       0       0       0       0       0       0       0       0       0       0       0       0       0       0       0
Total ram usage:        0 bytes
 Hardware stack levels used:    1
 Hardware stack levels required when called:    4
 This function calls:
		Nothing
 This function is called by:
		_main
 This function uses a non-reentrant model


 *************** function _Init_TM1640 *****************
 Defined at:
		line 119 in file "_01_USER/TM1640.c"
 Parameters:    Size  Location     Type
		None
 Auto vars:     Size  Location     Type
		None
 Return value:  Size  Location     Type
		None               void
 Registers used:
		wreg, status,2, status,0, cstack
 Tracked objects:
		On entry : 
		On exit  : 
		Unchanged: 
 Data sizes:     COMRAM   BANK0   BANK1   BANK2   BANK3   BANK4   BANK5   BANK6   BANK7   BANK8   BANK9  BANK10  BANK11  BANK12  BANK13  BANK14  BANK15
      Params:         0       0       0       0       0       0       0       0       0       0       0       0       0       0       0       0       0
      Locals:         0       0       0       0       0       0       0       0       0       0       0       0       0       0       0       0       0
      Temps:          0       0       0       0       0       0       0       0       0       0       0       0       0       0       0       0       0
      Totals:         0       0       0       0       0       0       0       0       0       0       0       0       0       0       0       0       0
Total ram usage:        0 bytes
 Hardware stack levels used:    1
 Hardware stack levels required when called:    6
 This function calls:
		_TM1640_Start
		_TM1640_Stop
		_TM1640_Writer_Byte
 This function is called by:
		_main
 This function uses a non-reentrant model


 *************** function _TM1640_Writer_Byte *****************
 Defined at:
		line 77 in file "_01_USER/TM1640.c"
 Parameters:    Size  Location     Type
  Date            1    wreg     const unsigned char 
 Auto vars:     Size  Location     Type
  Date            1    2[BANK0 ] const unsigned char 
  mask            1    3[BANK0 ] unsigned char 
 Return value:  Size  Location     Type
		None               void
 Registers used:
		wreg, status,2, status,0, cstack
 Tracked objects:
		On entry : 
		On exit  : 
		Unchanged: 
 Data sizes:     COMRAM   BANK0   BANK1   BANK2   BANK3   BANK4   BANK5   BANK6   BANK7   BANK8   BANK9  BANK10  BANK11  BANK12  BANK13  BANK14  BANK15
      Params:         0       0       0       0       0       0       0       0       0       0       0       0       0       0       0       0       0
      Locals:         0       2       0       0       0       0       0       0       0       0       0       0       0       0       0       0       0
      Temps:          0       0       0       0       0       0       0       0       0       0       0       0       0       0       0       0       0
      Totals:         0       2       0       0       0       0       0       0       0       0       0       0       0       0       0       0       0
Total ram usage:        2 bytes
 Hardware stack levels used:    1
 Hardware stack levels required when called:    5
 This function calls:
		_TM1640_Delay
 This function is called by:
		_TM1640_Writer_Dates
		_Init_TM1640
		_Open_Display
		_Disable_Display
 This function uses a non-reentrant model


 *************** function _TM1640_Stop *****************
 Defined at:
		line 32 in file "_01_USER/TM1640.c"
 Parameters:    Size  Location     Type
		None
 Auto vars:     Size  Location     Type
		None
 Return value:  Size  Location     Type
		None               void
 Registers used:
		wreg, status,2, status,0, cstack
 Tracked objects:
		On entry : 
		On exit  : 
		Unchanged: 
 Data sizes:     COMRAM   BANK0   BANK1   BANK2   BANK3   BANK4   BANK5   BANK6   BANK7   BANK8   BANK9  BANK10  BANK11  BANK12  BANK13  BANK14  BANK15
      Params:         0       0       0       0       0       0       0       0       0       0       0       0       0       0       0       0       0
      Locals:         0       0       0       0       0       0       0       0       0       0       0       0       0       0       0       0       0
      Temps:          0       0       0       0       0       0       0       0       0       0       0       0       0       0       0       0       0
      Totals:         0       0       0       0       0       0       0       0       0       0       0       0       0       0       0       0       0
Total ram usage:        0 bytes
 Hardware stack levels used:    1
 Hardware stack levels required when called:    5
 This function calls:
		_TM1640_Delay
 This function is called by:
		_TM1640_Writer_Dates
		_Init_TM1640
		_Open_Display
		_Disable_Display
 This function uses a non-reentrant model


 *************** function _TM1640_Start *****************
 Defined at:
		line 19 in file "_01_USER/TM1640.c"
 Parameters:    Size  Location     Type
		None
 Auto vars:     Size  Location     Type
		None
 Return value:  Size  Location     Type
		None               void
 Registers used:
		wreg, status,2, status,0, cstack
 Tracked objects:
		On entry : 
		On exit  : 
		Unchanged: 
 Data sizes:     COMRAM   BANK0   BANK1   BANK2   BANK3   BANK4   BANK5   BANK6   BANK7   BANK8   BANK9  BANK10  BANK11  BANK12  BANK13  BANK14  BANK15
      Params:         0       0       0       0       0       0       0       0       0       0       0       0       0       0       0       0       0
      Locals:         0       0       0       0       0       0       0       0       0       0       0       0       0       0       0       0       0
      Temps:          0       0       0       0       0       0       0       0       0       0       0       0       0       0       0       0       0
      Totals:         0       0       0       0       0       0       0       0       0       0       0       0       0       0       0       0       0
Total ram usage:        0 bytes
 Hardware stack levels used:    1
 Hardware stack levels required when called:    5
 This function calls:
		_TM1640_Delay
 This function is called by:
		_TM1640_Writer_Dates
		_Init_TM1640
		_Open_Display
		_Disable_Display
 This function uses a non-reentrant model


 *************** function _TM1640_Delay *****************
 Defined at:
		line 109 in file "_01_USER/TM1640.c"
 Parameters:    Size  Location     Type
  Time            1    wreg     unsigned char 
 Auto vars:     Size  Location     Type
  Time            1    0[BANK0 ] unsigned char 
  i               1    1[BANK0 ] unsigned char 
 Return value:  Size  Location     Type
		None               void
 Registers used:
		wreg, status,2, status,0
 Tracked objects:
		On entry : 
		On exit  : 
		Unchanged: 
 Data sizes:     COMRAM   BANK0   BANK1   BANK2   BANK3   BANK4   BANK5   BANK6   BANK7   BANK8   BANK9  BANK10  BANK11  BANK12  BANK13  BANK14  BANK15
      Params:         0       0       0       0       0       0       0       0       0       0       0       0       0       0       0       0       0
      Locals:         0       2       0       0       0       0       0       0       0       0       0       0       0       0       0       0       0
      Temps:          0       0       0       0       0       0       0       0       0       0       0       0       0       0       0       0       0
      Totals:         0       2       0       0       0       0       0       0       0       0       0       0       0       0       0       0       0
Total ram usage:        2 bytes
 Hardware stack levels used:    1
 Hardware stack levels required when called:    4
 This function calls:
		Nothing
 This function is called by:
		_TM1640_Start
		_TM1640_Stop
		_TM1640_Writer_Byte
 This function uses a non-reentrant model


 *************** function _GPIO_Config *****************
 Defined at:
		line 38 in file "_01_USER/GPIO.c"
 Parameters:    Size  Location     Type
		None
 Auto vars:     Size  Location     Type
		None
 Return value:  Size  Location     Type
		None               void
 Registers used:
		wreg, status,2, status,0
 Tracked objects:
		On entry : 
		On exit  : 
		Unchanged: 
 Data sizes:     COMRAM   BANK0   BANK1   BANK2   BANK3   BANK4   BANK5   BANK6   BANK7   BANK8   BANK9  BANK10  BANK11  BANK12  BANK13  BANK14  BANK15
      Params:         0       0       0       0       0       0       0       0       0       0       0       0       0       0       0       0       0
      Locals:         0       0       0       0       0       0       0       0       0       0       0       0       0       0       0       0       0
      Temps:          0       0       0       0       0       0       0       0       0       0       0       0       0       0       0       0       0
      Totals:         0       0       0       0       0       0       0       0       0       0       0       0       0       0       0       0       0
Total ram usage:        0 bytes
 Hardware stack levels used:    1
 Hardware stack levels required when called:    4
 This function calls:
		Nothing
 This function is called by:
		_main
 This function uses a non-reentrant model


 *************** function _ADC6_Init *****************
 Defined at:
		line 37 in file "_01_USER/My_ADC.c"
 Parameters:    Size  Location     Type
		None
 Auto vars:     Size  Location     Type
		None
 Return value:  Size  Location     Type
		None               void
 Registers used:
		wreg, status,2, status,0, cstack
 Tracked objects:
		On entry : 
		On exit  : 
		Unchanged: 
 Data sizes:     COMRAM   BANK0   BANK1   BANK2   BANK3   BANK4   BANK5   BANK6   BANK7   BANK8   BANK9  BANK10  BANK11  BANK12  BANK13  BANK14  BANK15
      Params:         0       0       0       0       0       0       0       0       0       0       0       0       0       0       0       0       0
      Locals:         0       0       0       0       0       0       0       0       0       0       0       0       0       0       0       0       0
      Temps:          0       0       0       0       0       0       0       0       0       0       0       0       0       0       0       0       0
      Totals:         0       0       0       0       0       0       0       0       0       0       0       0       0       0       0       0       0
Total ram usage:        0 bytes
 Hardware stack levels used:    1
 Hardware stack levels required when called:    5
 This function calls:
		_OpenADC
 This function is called by:
		_main
 This function uses a non-reentrant model


 *************** function _OpenADC *****************
 Defined at:
		line 305 in file "F:\Program Files (x86)\Microchip\xc8\v1.34\sources\pic18\plib\ADC\adcopen.c"
 Parameters:    Size  Location     Type
  config          1    wreg     unsigned char 
  config2         1    0[BANK0 ] unsigned char 
  config3         1    1[BANK0 ] unsigned char 
 Auto vars:     Size  Location     Type
  config          1    4[BANK0 ] unsigned char 
 Return value:  Size  Location     Type
		None               void
 Registers used:
		wreg, status,2, status,0
 Tracked objects:
		On entry : 
		On exit  : 
		Unchanged: 
 Data sizes:     COMRAM   BANK0   BANK1   BANK2   BANK3   BANK4   BANK5   BANK6   BANK7   BANK8   BANK9  BANK10  BANK11  BANK12  BANK13  BANK14  BANK15
      Params:         0       2       0       0       0       0       0       0       0       0       0       0       0       0       0       0       0
      Locals:         0       1       0       0       0       0       0       0       0       0       0       0       0       0       0       0       0
      Temps:          0       2       0       0       0       0       0       0       0       0       0       0       0       0       0       0       0
      Totals:         0       5       0       0       0       0       0       0       0       0       0       0       0       0       0       0       0
Total ram usage:        5 bytes
 Hardware stack levels used:    1
 Hardware stack levels required when called:    4
 This function calls:
		Nothing
 This function is called by:
		_ADC6_Init
 This function uses a non-reentrant model


 *************** function _Sys_Cyc *****************
 Defined at:
		line 97 in file "_01_USER/My_Timer.c"
 Parameters:    Size  Location     Type
		None
 Auto vars:     Size  Location     Type
		None
 Return value:  Size  Location     Type
		None               void
 Registers used:
		wreg, status,2, status,0, cstack
 Tracked objects:
		On entry : 
		On exit  : 
		Unchanged: 
 Data sizes:     COMRAM   BANK0   BANK1   BANK2   BANK3   BANK4   BANK5   BANK6   BANK7   BANK8   BANK9  BANK10  BANK11  BANK12  BANK13  BANK14  BANK15
      Params:         0       0       0       0       0       0       0       0       0       0       0       0       0       0       0       0       0
      Locals:         0       0       0       0       0       0       0       0       0       0       0       0       0       0       0       0       0
      Temps:         14       0       0       0       0       0       0       0       0       0       0       0       0       0       0       0       0
      Totals:        14       0       0       0       0       0       0       0       0       0       0       0       0       0       0       0       0
Total ram usage:       14 bytes
 Hardware stack levels used:    1
 Hardware stack levels required when called:    3
 This function calls:
		_Get_ADC6
		_Key_FSM_Scan
		___llmod
		i2_SetTimer0
 This function is called by:
		Interrupt level 2
 This function uses a non-reentrant model


 *************** function i2_SetTimer0 *****************
 Defined at:
		line 78 in file "_01_USER/My_Timer.c"
 Parameters:    Size  Location     Type
  _tmr            2    0[COMRAM] unsigned int 
 Auto vars:     Size  Location     Type
		None
 Return value:  Size  Location     Type
		None               void
 Registers used:
		wreg, status,2, status,0
 Tracked objects:
		On entry : 
		On exit  : 
		Unchanged: 
 Data sizes:     COMRAM   BANK0   BANK1   BANK2   BANK3   BANK4   BANK5   BANK6   BANK7   BANK8   BANK9  BANK10  BANK11  BANK12  BANK13  BANK14  BANK15
      Params:         2       0       0       0       0       0       0       0       0       0       0       0       0       0       0       0       0
      Locals:         0       0       0       0       0       0       0       0       0       0       0       0       0       0       0       0       0
      Temps:          2       0       0       0       0       0       0       0       0       0       0       0       0       0       0       0       0
      Totals:         4       0       0       0       0       0       0       0       0       0       0       0       0       0       0       0       0
Total ram usage:        4 bytes
 Hardware stack levels used:    1
 This function calls:
		Nothing
 This function is called by:
		_Sys_Cyc
 This function uses a non-reentrant model


 *************** function ___llmod *****************
 Defined at:
		line 8 in file "F:\Program Files (x86)\Microchip\xc8\v1.34\sources\common\llmod.c"
 Parameters:    Size  Location     Type
  dividend        4    0[COMRAM] unsigned long 
  divisor         4    4[COMRAM] unsigned long 
 Auto vars:     Size  Location     Type
  counter         1    8[COMRAM] unsigned char 
 Return value:  Size  Location     Type
                  4    0[COMRAM] unsigned long 
 Registers used:
		wreg, status,2, status,0
 Tracked objects:
		On entry : 
		On exit  : 
		Unchanged: 
 Data sizes:     COMRAM   BANK0   BANK1   BANK2   BANK3   BANK4   BANK5   BANK6   BANK7   BANK8   BANK9  BANK10  BANK11  BANK12  BANK13  BANK14  BANK15
      Params:         8       0       0       0       0       0       0       0       0       0       0       0       0       0       0       0       0
      Locals:         1       0       0       0       0       0       0       0       0       0       0       0       0       0       0       0       0
      Temps:          0       0       0       0       0       0       0       0       0       0       0       0       0       0       0       0       0
      Totals:         9       0       0       0       0       0       0       0       0       0       0       0       0       0       0       0       0
Total ram usage:        9 bytes
 Hardware stack levels used:    1
 This function calls:
		Nothing
 This function is called by:
		_Sys_Cyc
 This function uses a non-reentrant model


 *************** function _Key_FSM_Scan *****************
 Defined at:
		line 75 in file "_01_USER/Key.c"
 Parameters:    Size  Location     Type
		None
 Auto vars:     Size  Location     Type
		None
 Return value:  Size  Location     Type
		None               void
 Registers used:
		wreg, status,2, status,0, cstack
 Tracked objects:
		On entry : 
		On exit  : 
		Unchanged: 
 Data sizes:     COMRAM   BANK0   BANK1   BANK2   BANK3   BANK4   BANK5   BANK6   BANK7   BANK8   BANK9  BANK10  BANK11  BANK12  BANK13  BANK14  BANK15
      Params:         0       0       0       0       0       0       0       0       0       0       0       0       0       0       0       0       0
      Locals:         0       0       0       0       0       0       0       0       0       0       0       0       0       0       0       0       0
      Temps:          0       0       0       0       0       0       0       0       0       0       0       0       0       0       0       0       0
      Totals:         0       0       0       0       0       0       0       0       0       0       0       0       0       0       0       0       0
Total ram usage:        0 bytes
 Hardware stack levels used:    1
 Hardware stack levels required when called:    1
 This function calls:
		_Key_Scan
 This function is called by:
		_Sys_Cyc
 This function uses a non-reentrant model


 *************** function _Key_Scan *****************
 Defined at:
		line 54 in file "_01_USER/Key.c"
 Parameters:    Size  Location     Type
		None
 Auto vars:     Size  Location     Type
		None
 Return value:  Size  Location     Type
		None               void
 Registers used:
		wreg, status,2, status,0
 Tracked objects:
		On entry : 
		On exit  : 
		Unchanged: 
 Data sizes:     COMRAM   BANK0   BANK1   BANK2   BANK3   BANK4   BANK5   BANK6   BANK7   BANK8   BANK9  BANK10  BANK11  BANK12  BANK13  BANK14  BANK15
      Params:         0       0       0       0       0       0       0       0       0       0       0       0       0       0       0       0       0
      Locals:         0       0       0       0       0       0       0       0       0       0       0       0       0       0       0       0       0
      Temps:          0       0       0       0       0       0       0       0       0       0       0       0       0       0       0       0       0
      Totals:         0       0       0       0       0       0       0       0       0       0       0       0       0       0       0       0       0
Total ram usage:        0 bytes
 Hardware stack levels used:    1
 This function calls:
		Nothing
 This function is called by:
		_Key_FSM_Scan
 This function uses a non-reentrant model


 *************** function _Get_ADC6 *****************
 Defined at:
		line 67 in file "_01_USER/My_ADC.c"
 Parameters:    Size  Location     Type
		None
 Auto vars:     Size  Location     Type
		None
 Return value:  Size  Location     Type
		None               void
 Registers used:
		wreg, status,2, status,0, cstack
 Tracked objects:
		On entry : 
		On exit  : 
		Unchanged: 
 Data sizes:     COMRAM   BANK0   BANK1   BANK2   BANK3   BANK4   BANK5   BANK6   BANK7   BANK8   BANK9  BANK10  BANK11  BANK12  BANK13  BANK14  BANK15
      Params:         0       0       0       0       0       0       0       0       0       0       0       0       0       0       0       0       0
      Locals:         0       0       0       0       0       0       0       0       0       0       0       0       0       0       0       0       0
      Temps:          0       0       0       0       0       0       0       0       0       0       0       0       0       0       0       0       0
      Totals:         0       0       0       0       0       0       0       0       0       0       0       0       0       0       0       0       0
Total ram usage:        0 bytes
 Hardware stack levels used:    1
 Hardware stack levels required when called:    2
 This function calls:
		_BusyADC
		_ConvertADC
		_ReadADC
		___lwtoft
		i2___ftdiv
		i2___ftmul
 This function is called by:
		_Sys_Cyc
 This function uses a non-reentrant model


 *************** function i2___ftmul *****************
 Defined at:
		line 62 in file "F:\Program Files (x86)\Microchip\xc8\v1.34\sources\common\ftmul.c"
 Parameters:    Size  Location     Type
  f1              3   11[COMRAM] float 
  f2              3   14[COMRAM] float 
 Auto vars:     Size  Location     Type
  __ftmul         3   21[COMRAM] unsigned um
  __ftmul         1   25[COMRAM] unsigned char 
  __ftmul         1   24[COMRAM] unsigned char 
  __ftmul         1   20[COMRAM] unsigned char 
 Return value:  Size  Location     Type
                  3   11[COMRAM] float 
 Registers used:
		wreg, status,2, status,0, cstack
 Tracked objects:
		On entry : 
		On exit  : 
		Unchanged: 
 Data sizes:     COMRAM   BANK0   BANK1   BANK2   BANK3   BANK4   BANK5   BANK6   BANK7   BANK8   BANK9  BANK10  BANK11  BANK12  BANK13  BANK14  BANK15
      Params:         6       0       0       0       0       0       0       0       0       0       0       0       0       0       0       0       0
      Locals:         6       0       0       0       0       0       0       0       0       0       0       0       0       0       0       0       0
      Temps:          3       0       0       0       0       0       0       0       0       0       0       0       0       0       0       0       0
      Totals:        15       0       0       0       0       0       0       0       0       0       0       0       0       0       0       0       0
Total ram usage:       15 bytes
 Hardware stack levels used:    1
 Hardware stack levels required when called:    1
 This function calls:
		i2___ftpack
 This function is called by:
		_Get_ADC6
 This function uses a non-reentrant model


 *************** function i2___ftdiv *****************
 Defined at:
		line 54 in file "F:\Program Files (x86)\Microchip\xc8\v1.34\sources\common\ftdiv.c"
 Parameters:    Size  Location     Type
  f1              3   26[COMRAM] float 
  f2              3   29[COMRAM] float 
 Auto vars:     Size  Location     Type
  __ftdiv         3   36[COMRAM] float 
  __ftdiv         1   40[COMRAM] unsigned char 
  __ftdiv         1   39[COMRAM] unsigned char 
  __ftdiv         1   35[COMRAM] unsigned char 
 Return value:  Size  Location     Type
                  3   26[COMRAM] float 
 Registers used:
		wreg, status,2, status,0, cstack
 Tracked objects:
		On entry : 
		On exit  : 
		Unchanged: 
 Data sizes:     COMRAM   BANK0   BANK1   BANK2   BANK3   BANK4   BANK5   BANK6   BANK7   BANK8   BANK9  BANK10  BANK11  BANK12  BANK13  BANK14  BANK15
      Params:         6       0       0       0       0       0       0       0       0       0       0       0       0       0       0       0       0
      Locals:         6       0       0       0       0       0       0       0       0       0       0       0       0       0       0       0       0
      Temps:          3       0       0       0       0       0       0       0       0       0       0       0       0       0       0       0       0
      Totals:        15       0       0       0       0       0       0       0       0       0       0       0       0       0       0       0       0
Total ram usage:       15 bytes
 Hardware stack levels used:    1
 Hardware stack levels required when called:    1
 This function calls:
		i2___ftpack
 This function is called by:
		_Get_ADC6
 This function uses a non-reentrant model


 *************** function ___lwtoft *****************
 Defined at:
		line 28 in file "F:\Program Files (x86)\Microchip\xc8\v1.34\sources\common\lwtoft.c"
 Parameters:    Size  Location     Type
  c               2    8[COMRAM] unsigned int 
 Auto vars:     Size  Location     Type
		None
 Return value:  Size  Location     Type
                  3    8[COMRAM] float 
 Registers used:
		wreg, status,2, status,0, cstack
 Tracked objects:
		On entry : 
		On exit  : 
		Unchanged: 
 Data sizes:     COMRAM   BANK0   BANK1   BANK2   BANK3   BANK4   BANK5   BANK6   BANK7   BANK8   BANK9  BANK10  BANK11  BANK12  BANK13  BANK14  BANK15
      Params:         3       0       0       0       0       0       0       0       0       0       0       0       0       0       0       0       0
      Locals:         0       0       0       0       0       0       0       0       0       0       0       0       0       0       0       0       0
      Temps:          0       0       0       0       0       0       0       0       0       0       0       0       0       0       0       0       0
      Totals:         3       0       0       0       0       0       0       0       0       0       0       0       0       0       0       0       0
Total ram usage:        3 bytes
 Hardware stack levels used:    1
 Hardware stack levels required when called:    1
 This function calls:
		i2___ftpack
 This function is called by:
		_Get_ADC6
 This function uses a non-reentrant model


 *************** function i2___ftpack *****************
 Defined at:
		line 62 in file "F:\Program Files (x86)\Microchip\xc8\v1.34\sources\common\float.c"
 Parameters:    Size  Location     Type
  arg             3    0[COMRAM] unsigned um
  exp             1    3[COMRAM] unsigned char 
  sign            1    4[COMRAM] unsigned char 
 Auto vars:     Size  Location     Type
		None
 Return value:  Size  Location     Type
                  3    0[COMRAM] float 
 Registers used:
		wreg, status,2, status,0
 Tracked objects:
		On entry : 
		On exit  : 
		Unchanged: 
 Data sizes:     COMRAM   BANK0   BANK1   BANK2   BANK3   BANK4   BANK5   BANK6   BANK7   BANK8   BANK9  BANK10  BANK11  BANK12  BANK13  BANK14  BANK15
      Params:         5       0       0       0       0       0       0       0       0       0       0       0       0       0       0       0       0
      Locals:         0       0       0       0       0       0       0       0       0       0       0       0       0       0       0       0       0
      Temps:          3       0       0       0       0       0       0       0       0       0       0       0       0       0       0       0       0
      Totals:         8       0       0       0       0       0       0       0       0       0       0       0       0       0       0       0       0
Total ram usage:        8 bytes
 Hardware stack levels used:    1
 This function calls:
		Nothing
 This function is called by:
		___lwtoft
		i2___ftdiv
		i2___ftmul
 This function uses a non-reentrant model


 *************** function _ReadADC *****************
 Defined at:
		line 24 in file "F:\Program Files (x86)\Microchip\xc8\v1.34\sources\pic18\plib\ADC\adcread.c"
 Parameters:    Size  Location     Type
		None
 Auto vars:     Size  Location     Type
		None
 Return value:  Size  Location     Type
                  2    0[COMRAM] int 
 Registers used:
		wreg, status,2
 Tracked objects:
		On entry : 
		On exit  : 
		Unchanged: 
 Data sizes:     COMRAM   BANK0   BANK1   BANK2   BANK3   BANK4   BANK5   BANK6   BANK7   BANK8   BANK9  BANK10  BANK11  BANK12  BANK13  BANK14  BANK15
      Params:         2       0       0       0       0       0       0       0       0       0       0       0       0       0       0       0       0
      Locals:         0       0       0       0       0       0       0       0       0       0       0       0       0       0       0       0       0
      Temps:          2       0       0       0       0       0       0       0       0       0       0       0       0       0       0       0       0
      Totals:         4       0       0       0       0       0       0       0       0       0       0       0       0       0       0       0       0
Total ram usage:        4 bytes
 Hardware stack levels used:    1
 This function calls:
		Nothing
 This function is called by:
		_Get_ADC6
 This function uses a non-reentrant model


 *************** function _ConvertADC *****************
 Defined at:
		line 22 in file "F:\Program Files (x86)\Microchip\xc8\v1.34\sources\pic18\plib\ADC\adcconv.c"
 Parameters:    Size  Location     Type
		None
 Auto vars:     Size  Location     Type
		None
 Return value:  Size  Location     Type
		None               void
 Registers used:
		None
 Tracked objects:
		On entry : 
		On exit  : 
		Unchanged: 
 Data sizes:     COMRAM   BANK0   BANK1   BANK2   BANK3   BANK4   BANK5   BANK6   BANK7   BANK8   BANK9  BANK10  BANK11  BANK12  BANK13  BANK14  BANK15
      Params:         0       0       0       0       0       0       0       0       0       0       0       0       0       0       0       0       0
      Locals:         0       0       0       0       0       0       0       0       0       0       0       0       0       0       0       0       0
      Temps:          0       0       0       0       0       0       0       0       0       0       0       0       0       0       0       0       0
      Totals:         0       0       0       0       0       0       0       0       0       0       0       0       0       0       0       0       0
Total ram usage:        0 bytes
 Hardware stack levels used:    1
 This function calls:
		Nothing
 This function is called by:
		_Get_ADC6
 This function uses a non-reentrant model


 *************** function _BusyADC *****************
 Defined at:
		line 26 in file "F:\Program Files (x86)\Microchip\xc8\v1.34\sources\pic18\plib\ADC\adcbusy.c"
 Parameters:    Size  Location     Type
		None
 Auto vars:     Size  Location     Type
		None
 Return value:  Size  Location     Type
                  1    wreg      unsigned char 
 Registers used:
		wreg
 Tracked objects:
		On entry : 
		On exit  : 
		Unchanged: 
 Data sizes:     COMRAM   BANK0   BANK1   BANK2   BANK3   BANK4   BANK5   BANK6   BANK7   BANK8   BANK9  BANK10  BANK11  BANK12  BANK13  BANK14  BANK15
      Params:         0       0       0       0       0       0       0       0       0       0       0       0       0       0       0       0       0
      Locals:         0       0       0       0       0       0       0       0       0       0       0       0       0       0       0       0       0
      Temps:          0       0       0       0       0       0       0       0       0       0       0       0       0       0       0       0       0
      Totals:         0       0       0       0       0       0       0       0       0       0       0       0       0       0       0       0       0
Total ram usage:        0 bytes
 Hardware stack levels used:    1
 This function calls:
		Nothing
 This function is called by:
		_Get_ADC6
 This function uses a non-reentrant model



MODULE INFORMATION

Module		Function		Class		Link	Load	Size
_01_USER/GPIO.c
		_GPIO_Config   		CODE           	1FAE	0000	13

_01_USER/GPIO.c estimated size: 13

F:\Program Files (x86)\Microchip\xc8\v1.34\sources\common\llmod.c
		___llmod       		CODE           	1B72	0000	113

F:\Program Files (x86)\Microchip\xc8\v1.34\sources\common\llmod.c estimated size: 113

F:\Program Files (x86)\Microchip\xc8\v1.34\sources\pic18\plib\ADC\adcbusy.c
		_BusyADC       		CODE           	1FA0	0000	15

F:\Program Files (x86)\Microchip\xc8\v1.34\sources\pic18\plib\ADC\adcbusy.c estimated size: 15

F:\Program Files (x86)\Microchip\xc8\v1.34\sources\pic18\plib\ADC\adcopen.c
		_OpenADC       		CODE           	1C48	0000	101

F:\Program Files (x86)\Microchip\xc8\v1.34\sources\pic18\plib\ADC\adcopen.c estimated size: 101

F:\Program Files (x86)\Microchip\xc8\v1.34\sources\common\ftmul.c
		___ftmul       		CODE           	11D8	0000	365

F:\Program Files (x86)\Microchip\xc8\v1.34\sources\common\ftmul.c estimated size: 365

F:\Program Files (x86)\Microchip\xc8\v1.34\sources\common\awmod.c
		___awmod       		CODE           	1ABE	0000	181

F:\Program Files (x86)\Microchip\xc8\v1.34\sources\common\awmod.c estimated size: 181

F:\Program Files (x86)\Microchip\xc8\v1.34\sources\common\ftdiv.c
		___ftdiv       		CODE           	1496	0000	339

F:\Program Files (x86)\Microchip\xc8\v1.34\sources\common\ftdiv.c estimated size: 339

_01_USER/TM1640.c
		_TM1640_Show_De		CODE           	1012	0000	455
		_TM1640_Stop   		CODE           	1ECC	0000	37
		_TM1640_Delay  		CODE           	1F14	0000	37
		_TM1640_Start  		CODE           	1EF0	0000	37
		_TM1640_Writer_		CODE           	1E30	0000	43
		_TM1640_Writer_		CODE           	1D48	0000	77
		_Init_TM1640   		CODE           	1E80	0000	39

_01_USER/TM1640.c estimated size: 725

_01_USER/main.c
		_main          		CODE           	1CFC	0000	77

_01_USER/main.c estimated size: 77

F:\Program Files (x86)\Microchip\xc8\v1.34\sources\pic18\plib\ADC\adcread.c
		_ReadADC       		CODE           	1F90	0000	17

F:\Program Files (x86)\Microchip\xc8\v1.34\sources\pic18\plib\ADC\adcread.c estimated size: 17

F:\Program Files (x86)\Microchip\xc8\v1.34\sources\common\fttol.c
		___fttol       		CODE           	1344	0000	339

F:\Program Files (x86)\Microchip\xc8\v1.34\sources\common\fttol.c estimated size: 339

shared
		i2_SetTimer0   		CODE           	1DD2	0000	49
		_LED_Number    		SMALLCONST     	1001	0000	17
		i2___ftdiv     		CODE           	190C	0000	237
		i2___ftmul     		CODE           	180A	0000	259
		i2___ftpack    		CODE           	19F8	0000	199
		__initializatio		CODE           	1F38	0000	21

shared estimated size: 782

F:\Program Files (x86)\Microchip\xc8\v1.34\sources\pic18\plib\ADC\adcconv.c
		_ConvertADC    		CODE           	1FC4	0000	5

F:\Program Files (x86)\Microchip\xc8\v1.34\sources\pic18\plib\ADC\adcconv.c estimated size: 5

F:\Program Files (x86)\Microchip\xc8\v1.34\sources\common\lwtoft.c
		___lwtoft      		CODE           	1EA6	0000	39

F:\Program Files (x86)\Microchip\xc8\v1.34\sources\common\lwtoft.c estimated size: 39

_01_USER/My_ADC.c
		_Get_ADC6      		CODE           	1BE2	0000	103
		_ADC6_Init     		CODE           	1F7A	0000	23

_01_USER/My_ADC.c estimated size: 126

_01_USER/Key.c
		_Key_FSM_Scan  		CODE           	1708	0000	259
		_Key_Init      		CODE           	1FBA	0000	11
		_Key_Scan      		CODE           	1E02	0000	47

_01_USER/Key.c estimated size: 317

F:\Program Files (x86)\Microchip\xc8\v1.34\sources\common\float.c
		___ftpack      		CODE           	15E8	0000	289

F:\Program Files (x86)\Microchip\xc8\v1.34\sources\common\float.c estimated size: 289

_01_USER/My_Timer.c
		_Timer0_Init   		CODE           	1E5A	0000	39
		_SetTimer0     		CODE           	1D94	0000	63
		_Sys_Cyc       		CODE           	0008	0000	281

_01_USER/My_Timer.c estimated size: 383

_01_USER/My_Delay.c
		_delay_ms      		CODE           	1F5A	0000	33
		_delay1ms      		CODE           	1CAC	0000	81

_01_USER/My_Delay.c estimated size: 114

