Microchip MPLAB XC8 Compiler V1.34 ()

Linker command line:

--edf=F:\Program Files (x86)\Microchip\xc8\v1.34\dat\en_msgs.txt -cs \
  -h+dist/default/production\Master_03_____.production.sym \
  --cmf=dist/default/production\Master_03_____.production.cmf -z -Q18F67K22 \
  -oC:\Users\llhlh\AppData\Local\Temp\sems.6 \
  -Mdist/default/production/Master_03_____.production.map -E1 -ver=XC8 \
  -ASTACK=0113h-0f15h -pstack=STACK -ACODE=00h-01FFFFh -ACONST=00h-01FFFFh \
  -ASMALLCONST=01000h-010FFhx496 \
  -AMEDIUMCONST=01000h-0FFFFh,011000h-01FFFFh -ACOMRAM=01h-05Fh \
  -AABS1=00h-0F15h -ABIGRAM=01h-0F15h \
  -ARAM=060h-0FFh,0100h-01FFhx14,0F00h-0F15h -ABANK0=060h-0FFh \
  -ABANK1=0100h-01FFh -ABANK2=0200h-02FFh -ABANK3=0300h-03FFh \
  -ABANK4=0400h-04FFh -ABANK5=0500h-05FFh -ABANK6=0600h-06FFh \
  -ABANK7=0700h-07FFh -ABANK8=0800h-08FFh -ABANK9=0900h-09FFh \
  -ABANK10=0A00h-0AFFh -ABANK11=0B00h-0BFFh -ABANK12=0C00h-0CFFh \
  -ABANK13=0D00h-0DFFh -ABANK14=0E00h-0EFFh -ABANK15=0F00h-0F15h \
  -ASFR=0F16h-0F5Fh,0F60h-0FFFh \
  -preset_vec=00h,intcode=08h,intcodelo,powerup,init,end_init \
  -pramtop=01000h -psmallconst=SMALLCONST -pmediumconst=MEDIUMCONST \
  -pconst=CONST -AFARRAM=00h-00h -ACONFIG=0300000h-030000Dh -pconfig=CONFIG \
  -AIDLOC=0200000h-0200007h -pidloc=IDLOC -AEEDATA=0F00000h-0F003FFh \
  -peeprom_data=EEDATA \
  -prdata=COMRAM,nvrram=COMRAM,nvbit=COMRAM,rbss=COMRAM,rbit=COMRAM \
  -pfarbss=FARRAM,fardata=FARRAM,nvFARRAM=FARRAM \
  -pintsave_regs=BIGRAM,bigbss=BIGRAM,bigdata=BIGRAM -pbss=RAM \
  -pidata=CODE,irdata=CODE,ibigdata=CODE,ifardata=CODE -prparam=COMRAM \
  C:\Users\llhlh\AppData\Local\Temp\sems.obj \
  dist/default/production\Master_03_____.production.obj 

Object code version is 3.11

Machine type is 18F67K22

Call graph: (short form)




                Name                               Link     Load   Length Selector   Space Scale
C:\Users\llhlh\AppData\Local\Temp\sems.obj
                end_init                            1A2      1A2        4        4       0
                reset_vec                             0        0        4        0       0
                idloc                            200000   200000        8   200000       0
                config                           300000   300000        E   300000       0
dist/default/production\Master_03_____.production.obj
                intcode                               8        8      19A        4       0
                text52                             14B8     14B8       44        4       0
                text51                             12A2     12A2       5A        4       0
                text50                             15B0     15B0       38        4       0
                text49                             12FC     12FC       50        4       0
                text48                             1474     1474       44        4       0
                text47                             167E     167E       30        4       0
                text46                             1098     1098       70        4       0
                text44                             134C     134C       4E        4       0
                text43                             1836     1836       12        4       0
                text42                             1894     1894        2        4       0
                text41                             1804     1804       1A        4       0
                text40                             176A     176A       24        4       0
                text39                             1746     1746       24        4       0
                text38                             153A     153A       3E        4       0
                text37                             16FC     16FC       26        4       0
                text36                             17B0     17B0       1E        4       0
                text35                              56E      56E      1A2        4       0
                text34                             13E6     13E6       4A        4       0
                text33                             161C     161C       32        4       0
                text32                              710      710      17E        4       0
                text31                              F26      F26       8C        4       0
                text30                             1028     1028       70        4       0
                text29                              9E0      9E0      128        4       0
                text28                              1A6      1A6      3C8        4       0
                text27                             17CE     17CE       1C        4       0
                text26                             11E2     11E2       64        4       0
                text25                             181E     181E       18        4       0
                text24                             1876     1876        E        4       0
                text23                             1868     1868        E        4       0
                text22                             1890     1890        4        4       0
                text21                             1858     1858       10        4       0
                text20                              D08      D08       C6        4       0
                text19                              88E      88E      152        4       0
                text18                              B08      B08      102        4       0
                text17                             16D6     16D6       26        4       0
                text16                             1176     1176       6C        4       0
                text15                              DCE      DCE       C2        4       0
                text14                             1578     1578       38        4       0
                text13                             17EA     17EA       1A        4       0
                text12                              FB2      FB2       76        4       0
                text11                             1108     1108       6E        4       0
                text10                             1884     1884        C        4       0
                text9                              1430     1430       44        4       0
                text8                              178E     178E       22        4       0
                text7                              1246     1246       5C        4       0
                text6                              139A     139A       4C        4       0
                text5                               C0A      C0A       FE        4       0
                text4                              16AE     16AE       28        4       0
                text3                               E90      E90       96        4       0
                text2                              164E     164E       30        4       0
                text1                              1722     1722       24        4       0
                text0                              15E8     15E8       34        4       0
                cstackCOMRAM                          1        1       32        1       1
                cstackBANK0                          FE       FE        1       60       1
                cstackBANK1                         100      100       13      100       1
                dataBANK0                            EE       EE       10       60       1
                bssBANK0                             60       60       8E       60       1
                bssCOMRAM                            33       33       15        1       1
                cinit                              14FC     14FC       3E        4       0
                idataBANK0                         1848     1848       10        4       0

TOTAL           Name                               Link     Load   Length     Space
        CLASS   STACK          

        CLASS   CODE           
                end_init                            1A2      1A2        4         0
                intcode                               8        8      19A         0
                reset_vec                             0        0        4         0
                text52                             14B8     14B8       44         0
                text51                             12A2     12A2       5A         0
                text50                             15B0     15B0       38         0
                text49                             12FC     12FC       50         0
                text48                             1474     1474       44         0
                text47                             167E     167E       30         0
                text46                             1098     1098       70         0
                text44                             134C     134C       4E         0
                text43                             1836     1836       12         0
                text42                             1894     1894        2         0
                text41                             1804     1804       1A         0
                text40                             176A     176A       24         0
                text39                             1746     1746       24         0
                text38                             153A     153A       3E         0
                text37                             16FC     16FC       26         0
                text36                             17B0     17B0       1E         0
                text35                              56E      56E      1A2         0
                text34                             13E6     13E6       4A         0
                text33                             161C     161C       32         0
                text32                              710      710      17E         0
                text31                              F26      F26       8C         0
                text30                             1028     1028       70         0
                text29                              9E0      9E0      128         0
                text28                              1A6      1A6      3C8         0
                text27                             17CE     17CE       1C         0
                text26                             11E2     11E2       64         0
                text25                             181E     181E       18         0
                text24                             1876     1876        E         0
                text23                             1868     1868        E         0
                text22                             1890     1890        4         0
                text21                             1858     1858       10         0
                text20                              D08      D08       C6         0
                text19                              88E      88E      152         0
                text18                              B08      B08      102         0
                text17                             16D6     16D6       26         0
                text16                             1176     1176       6C         0
                text15                              DCE      DCE       C2         0
                text14                             1578     1578       38         0
                text13                             17EA     17EA       1A         0
                text12                              FB2      FB2       76         0
                text11                             1108     1108       6E         0
                text10                             1884     1884        C         0
                text9                              1430     1430       44         0
                text8                              178E     178E       22         0
                text7                              1246     1246       5C         0
                text6                              139A     139A       4C         0
                text5                               C0A      C0A       FE         0
                text4                              16AE     16AE       28         0
                text3                               E90      E90       96         0
                text2                              164E     164E       30         0
                text1                              1722     1722       24         0
                text0                              15E8     15E8       34         0
                cinit                              14FC     14FC       3E         0
                idataBANK0                         1848     1848       10         0

        CLASS   CONST          

        CLASS   SMALLCONST     

        CLASS   MEDIUMCONST    

        CLASS   COMRAM         
                cstackCOMRAM                          1        1       32         1
                bssCOMRAM                            33       33       15         1

        CLASS   ABS1           

        CLASS   BIGRAM         

        CLASS   RAM            

        CLASS   BANK0          
                cstackBANK0                          FE       FE        1         1
                dataBANK0                            EE       EE       10         1
                bssBANK0                             60       60       8E         1

        CLASS   BANK1          
                cstackBANK1                         100      100       13         1

        CLASS   BANK2          

        CLASS   BANK3          

        CLASS   BANK4          

        CLASS   BANK5          

        CLASS   BANK6          

        CLASS   BANK7          

        CLASS   BANK8          

        CLASS   BANK9          

        CLASS   BANK10         

        CLASS   BANK11         

        CLASS   BANK12         

        CLASS   BANK13         

        CLASS   BANK14         

        CLASS   BANK15         

        CLASS   SFR            

        CLASS   FARRAM         

        CLASS   CONFIG         
                config                           300000   300000        E         0

        CLASS   IDLOC          
                idloc                            200000   200000        8         0

        CLASS   EEDATA         



SEGMENTS        Name                           Load    Length   Top    Selector   Space  Class

                reset_vec                      000000  000004  000004         0       0  CODE    
                cstackCOMRAM                   000001  000047  000048         1       1  COMRAM  
                intcode                        000008  00188E  001896         4       0  CODE    
                bssBANK0                       000060  00009F  0000FF        60       1  BANK0   
                cstackBANK1                    000100  000013  000113       100       1  BANK1   
                idloc                          200000  000008  200008    200000       0  IDLOC   
                config                         300000  00000E  30000E    300000       0  CONFIG  


UNUSED ADDRESS RANGES

        Name                Unused          Largest block    Delta
        BANK0            0000FF-0000FF                1
        BANK1            000113-0001FF               ED
        BANK10           000A00-000AFF              100
        BANK11           000B00-000BFF              100
        BANK12           000C00-000CFF              100
        BANK13           000D00-000DFF              100
        BANK14           000E00-000EFF              100
        BANK15           000F00-000F15               16
        BANK2            000200-0002FF              100
        BANK3            000300-0003FF              100
        BANK4            000400-0004FF              100
        BANK5            000500-0005FF              100
        BANK6            000600-0006FF              100
        BANK7            000700-0007FF              100
        BANK8            000800-0008FF              100
        BANK9            000900-0009FF              100
        BIGRAM           000048-00005F               18
                         0000FF-0000FF                1
                         000113-000F15              E03
        CODE             000004-000007                4
                         001896-01FFFF            1E76A
        COMRAM           000048-00005F               18
        CONST            000004-000007                4
                         001896-01FFFF            1E76A
        EEDATA           F00000-F003FF              400
        MEDIUMCONST      001896-00FFFF             E76A
                         011000-01FFFF             F000
        RAM              0000FF-0000FF                1
                         000113-000F15              100
        SFR              000F16-000FFF               4A
        SMALLCONST       001896-01FFFF              100
        STACK            000113-000F15              E03

                                  Symbol Table

?_ReadADC                      cstackCOMRAM 000019
?___ftdiv                      cstackBANK1  000100
?___ftmul                      cstackCOMRAM 000024
?___ftpack                     cstackCOMRAM 000019
?___lldiv                      cstackCOMRAM 000019
?___llmod                      cstackCOMRAM 000019
?___lwdiv                      cstackCOMRAM 000019
?___lwmod                      cstackCOMRAM 000019
?___lwtoft                     cstackCOMRAM 000021
?___wmul                       cstackCOMRAM 000019
?i2___llmod                    cstackCOMRAM 000001
Delay_1Khz@a                   cstackCOMRAM 000001
Delay_1Khz@b                   cstackCOMRAM 000002
Delay_1Khz@c                   cstackCOMRAM 000003
Key_ReadFSM@key_num            cstackCOMRAM 00001E
Key_ReadFSM@key_num_mate       cstackCOMRAM 00001D
Key_ResetFSM@t                 cstackCOMRAM 000019
LED_Control@_LED_num           cstackCOMRAM 00001A
LED_Control@_switch            cstackCOMRAM 000019
Open1USART@config              cstackCOMRAM 00001B
Open1USART@spbrg               cstackCOMRAM 000019
OpenADC@config                 cstackCOMRAM 00001D
OpenADC@config2                cstackCOMRAM 000019
OpenADC@config3                cstackCOMRAM 00001A
Pulse_1Khz@_QD                 cstackCOMRAM 000004
Pulse_1Khz@_overturn_1Khz      bssCOMRAM    00003A
Pulse_1Khz@_pulse              cstackCOMRAM 000005
RS485_ManageMessage@CRC_H      cstackBANK1  000108
RS485_ManageMessage@CRC_L      cstackBANK1  000109
RS485_ManageMessage@DataBuff   cstackBANK1  000100
RS485_ManageMessage@date_lenth cstackBANK1  000102
RS485_ManageMessage@from_dress cstackBANK1  00010A
RS485_SendDate@date_dress      cstackBANK1  000100
RS485_SendDate@date_lenth      cstackBANK1  000102
Relay_Control@_switch          cstackCOMRAM 00001E
Relay_Control@relay_num        cstackCOMRAM 00001F
SetTimer0@_tmr                 cstackCOMRAM 000019
Sys_Cyc@_Byte                  bssCOMRAM    00003B
Sys_Cyc@_flag                  bssCOMRAM    00003C
Sys_Cyc@_overturn_LED          bssCOMRAM    00003D
Sys_Cyc@_temp                  cstackCOMRAM 000018
TM1640_Delay@Time              cstackCOMRAM 000019
TM1640_Delay@i                 cstackCOMRAM 00001A
TM1640_Show_integer@Numbers    cstackCOMRAM 000020
TM1640_Writer_Byte@Date        cstackCOMRAM 00001B
TM1640_Writer_Byte@mask        cstackCOMRAM 00001C
TM1640_Writer_Dates@Addr       cstackCOMRAM 00001F
TM1640_Writer_Dates@Date       cstackCOMRAM 00001E
VerifyCRC@CRC_Byte             cstackCOMRAM 000032
VerifyCRC@CRC_Value            cstackCOMRAM 00002E
VerifyCRC@DataBuff             cstackCOMRAM 000026
VerifyCRC@date_lenth           cstackCOMRAM 000028
_ADC6_Init                     text43       001836
_ADCON0                        (abs)        000FC2
_ADCON0bits                    (abs)        000FC2
_ADCON1                        (abs)        000FC1
_ADCON2                        (abs)        000FC0
_ADRESH                        (abs)        000FC4
_ADRESL                        (abs)        000FC3
_ANSEL4                        (abs)        00792C
_ANSEL6                        (abs)        00792E
_ANSEL7                        (abs)        00792F
_ANSEL8                        (abs)        007920
_BusyADC                       text23       001868
_ConvertADC                    text22       001890
_Delay_1Khz                    text50       0015B0
_GIE                           (abs)        007F97
_GPIO_Config                   text42       001894
_GetADC6                       text16       001176
_INTCONbits                    (abs)        000FF2
_IPEN                          (abs)        007E87
_Init_TM1640                   text37       0016FC
_Key_Init                      text36       0017B0
_Key_ManageMessage             text32       000710
_Key_ReadFSM                   text35       00056E
_Key_ResetFSM                  text34       0013E6
_Key_Scan                      text52       0014B8
_Key_ScanFSM                   text51       0012A2
_LED_BUS                       bssCOMRAM    00003E
_LED_Control                   text9        001430
_LED_Number                    dataBANK0    0000EE
_ManageMessage                 text27       0017CE
_Open1USART                    text26       0011E2
_OpenADC                       text44       00134C
_PIE1bits                      (abs)        000F9D
_PIR1bits                      (abs)        000F9E
_PSA                           (abs)        007EAB
_Pulse_1Khz                    text49       0012FC
_RA4                           (abs)        007C04
_RA5                           (abs)        007C05
_RB0                           (abs)        007C08
_RB1                           (abs)        007C09
_RC0                           (abs)        007C10
_RC1                           (abs)        007C11
_RC1IF                         (abs)        007CF5
_RCREG1                        (abs)        000FAE
_RCSTA1                        (abs)        000FAB
_RCSTA1bits                    (abs)        000FAB
_RD0                           (abs)        007C18
_RD1                           (abs)        007C19
_RD2                           (abs)        007C1A
_RD3                           (abs)        007C1B
_RD4                           (abs)        007C1C
_RD5                           (abs)        007C1D
_RD6                           (abs)        007C1E
_RD7                           (abs)        007C1F
_RF1                           (abs)        007C29
_RF2                           (abs)        007C2A
_RF3                           (abs)        007C2B
_RS485_Init                    text25       00181E
_RS485_ManageMessage           text28       0001A6
_RS485_SendDate                text15       000DCE
_ReadADC                       text21       001858
_ReceiveBuff                   bssBANK0     000060
_Relay_Control                 text12       000FB2
_Relay_Init                    text24       001876
_Run                           text11       001108
_SCR_Init                      text10       001884
_SPBRG1                        (abs)        000FAF
_SPBRGH1                       (abs)        000FD4
_SetTimer0                     text2        00164E
_ShowResult                    text3        000E90
_Sys_Cyc                       intcode      000008
_T08BIT                        (abs)        007EAE
_T0CS                          (abs)        007EAD
_T0PS0                         (abs)        007EA8
_T0PS1                         (abs)        007EA9
_T0PS2                         (abs)        007EAA
_T0SE                          (abs)        007EAC
_TM1640_Delay                  text41       001804
_TM1640_Show_integer           text5        000C0A
_TM1640_Start                  text40       00176A
_TM1640_Stop                   text39       001746
_TM1640_Writer_Byte            text38       00153A
_TM1640_Writer_Dates           text8        00178E
_TMR0H                         (abs)        000FD7
_TMR0IE                        (abs)        007F95
_TMR0IF                        (abs)        007F92
_TMR0L                         (abs)        000FD6
_TMR0ON                        (abs)        007EAF
_TRISA4                        (abs)        007C94
_TRISA5                        (abs)        007C95
_TRISB0                        (abs)        007C98
_TRISB1                        (abs)        007C99
_TRISB2                        (abs)        007C9A
_TRISC0                        (abs)        007CA0
_TRISC1                        (abs)        007CA1
_TRISC6                        (abs)        007CA6
_TRISC7                        (abs)        007CA7
_TRISD0                        (abs)        007CA8
_TRISD1                        (abs)        007CA9
_TRISD2                        (abs)        007CAA
_TRISD3                        (abs)        007CAB
_TRISD4                        (abs)        007CAC
_TRISD5                        (abs)        007CAD
_TRISD6                        (abs)        007CAE
_TRISD7                        (abs)        007CAF
_TRISF1                        (abs)        007CB9
_TRISF2                        (abs)        007CBA
_TRISF3                        (abs)        007CBB
_TXREG1                        (abs)        000FAD
_TXSTA1                        (abs)        000FAC
_TXSTA1bits                    (abs)        000FAC
_Timer0_Init                   text1        001722
_VerifyCRC                     text29       0009E0
__CFG_BBSIZ$BB2K               (abs)        000000
__CFG_BOREN$SBORDIS            (abs)        000000
__CFG_BORPWR$ZPBORMV           (abs)        000000
__CFG_BORV$3                   (abs)        000000
__CFG_CCP2MX$PORTC             (abs)        000000
__CFG_CP0$OFF                  (abs)        000000
__CFG_CP1$OFF                  (abs)        000000
__CFG_CP2$OFF                  (abs)        000000
__CFG_CP3$OFF                  (abs)        000000
__CFG_CP4$OFF                  (abs)        000000
__CFG_CP5$OFF                  (abs)        000000
__CFG_CP6$OFF                  (abs)        000000
__CFG_CP7$OFF                  (abs)        000000
__CFG_CPB$OFF                  (abs)        000000
__CFG_CPD$OFF                  (abs)        000000
__CFG_EBRT0$OFF                (abs)        000000
__CFG_EBRT1$OFF                (abs)        000000
__CFG_EBRT2$OFF                (abs)        000000
__CFG_EBRT3$OFF                (abs)        000000
__CFG_EBRT4$OFF                (abs)        000000
__CFG_EBRT5$OFF                (abs)        000000
__CFG_EBRT6$OFF                (abs)        000000
__CFG_EBRT7$OFF                (abs)        000000
__CFG_EBRTB$OFF                (abs)        000000
__CFG_FCMEN$OFF                (abs)        000000
__CFG_FOSC$HS1                 (abs)        000000
__CFG_IESO$OFF                 (abs)        000000
__CFG_INTOSCSEL$HIGH           (abs)        000000
__CFG_MCLRE$ON                 (abs)        000000
__CFG_MSSPMSK$MSK7             (abs)        000000
__CFG_PLLCFG$OFF               (abs)        000000
__CFG_PWRTEN$OFF               (abs)        000000
__CFG_RETEN$ON                 (abs)        000000
__CFG_RTCOSC$SOSCREF           (abs)        000000
__CFG_SOSCSEL$DIG              (abs)        000000
__CFG_STVREN$ON                (abs)        000000
__CFG_WDTEN$OFF                (abs)        000000
__CFG_WDTPS$1048576            (abs)        000000
__CFG_WRT0$OFF                 (abs)        000000
__CFG_WRT1$OFF                 (abs)        000000
__CFG_WRT2$OFF                 (abs)        000000
__CFG_WRT3$OFF                 (abs)        000000
__CFG_WRT4$OFF                 (abs)        000000
__CFG_WRT5$OFF                 (abs)        000000
__CFG_WRT6$OFF                 (abs)        000000
__CFG_WRT7$OFF                 (abs)        000000
__CFG_WRTB$OFF                 (abs)        000000
__CFG_WRTC$OFF                 (abs)        000000
__CFG_WRTD$OFF                 (abs)        000000
__CFG_XINST$OFF                (abs)        000000
__HRAM                         (abs)        000000
__Habs1                        abs1         000000
__Hbank0                       bank0        000000
__Hbank1                       bank1        000000
__Hbank10                      bank10       000000
__Hbank11                      bank11       000000
__Hbank12                      bank12       000000
__Hbank13                      bank13       000000
__Hbank14                      bank14       000000
__Hbank15                      bank15       000000
__Hbank2                       bank2        000000
__Hbank3                       bank3        000000
__Hbank4                       bank4        000000
__Hbank5                       bank5        000000
__Hbank6                       bank6        000000
__Hbank7                       bank7        000000
__Hbank8                       bank8        000000
__Hbank9                       bank9        000000
__Hbigbss                      bigbss       000000
__Hbigdata                     bigdata      000000
__Hbigram                      bigram       000000
__Hbss                         bss          000000
__HbssBANK0                    bssBANK0     000000
__HbssCOMRAM                   bssCOMRAM    000000
__Hcinit                       cinit        000000
__Hclrtext                     clrtext      000000
__Hcomram                      comram       000000
__Hconfig                      config       30000E
__Hconst                       const        000000
__HcstackBANK0                 cstackBANK0  000000
__HcstackBANK1                 cstackBANK1  000000
__HcstackCOMRAM                cstackCOMRAM 000000
__Hdata                        data         000000
__HdataBANK0                   dataBANK0    000000
__Heeprom_data                 eeprom_data  000000
__Hend_init                    end_init     0001A6
__Hfarbss                      farbss       000000
__Hfardata                     fardata      000000
__Hibigdata                    ibigdata     000000
__Hidata                       idata        000000
__HidataBANK0                  idataBANK0   000000
__Hidloc                       idloc        200008
__Hifardata                    ifardata     000000
__Hinit                        init         0001A2
__Hintcode                     intcode      0001A2
__Hintcode_body                intcode_body 000000
__Hintcodelo                   intcodelo    0001A2
__Hintentry                    intentry     000000
__Hintret                      intret       000000
__Hintsave_regs                intsave_regs 000000
__Hirdata                      irdata       000000
__Hmediumconst                 mediumconst  000000
__HnvFARRAM                    nvFARRAM     000000
__Hnvbit                       nvbit        000000
__Hnvrram                      nvrram       000000
__Hparam                       rparam       000000
__Hpowerup                     powerup      0001A2
__Hram                         ram          000000
__Hramtop                      ramtop       001000
__Hrbit                        rbit         000000
__Hrbss                        rbss         000000
__Hrdata                       rdata        000000
__Hreset_vec                   reset_vec    000004
__Hrparam                      rparam       000000
__Hsfr                         sfr          000000
__Hsmallconst                  smallconst   000000
__Hspace_0                     (abs)        30000E
__Hspace_1                     (abs)        000113
__Hspace_2                     (abs)        000000
__Hstack                       stack        000000
__Hstruct                      struct       000000
__Htemp                        temp         000000
__Htext                        text         000000
__Htext0                       text0        000000
__Htext1                       text1        000000
__Htext10                      text10       000000
__Htext11                      text11       000000
__Htext12                      text12       000000
__Htext13                      text13       000000
__Htext14                      text14       000000
__Htext15                      text15       000000
__Htext16                      text16       000000
__Htext17                      text17       000000
__Htext18                      text18       000000
__Htext19                      text19       000000
__Htext2                       text2        000000
__Htext20                      text20       000000
__Htext21                      text21       000000
__Htext22                      text22       000000
__Htext23                      text23       000000
__Htext24                      text24       000000
__Htext25                      text25       000000
__Htext26                      text26       000000
__Htext27                      text27       000000
__Htext28                      text28       000000
__Htext29                      text29       000000
__Htext3                       text3        000000
__Htext30                      text30       000000
__Htext31                      text31       000000
__Htext32                      text32       000000
__Htext33                      text33       000000
__Htext34                      text34       000000
__Htext35                      text35       000000
__Htext36                      text36       000000
__Htext37                      text37       000000
__Htext38                      text38       000000
__Htext39                      text39       000000
__Htext4                       text4        000000
__Htext40                      text40       000000
__Htext41                      text41       000000
__Htext42                      text42       000000
__Htext43                      text43       000000
__Htext44                      text44       000000
__Htext46                      text46       000000
__Htext47                      text47       000000
__Htext48                      text48       000000
__Htext49                      text49       000000
__Htext5                       text5        000000
__Htext50                      text50       000000
__Htext51                      text51       000000
__Htext52                      text52       000000
__Htext6                       text6        000000
__Htext7                       text7        000000
__Htext8                       text8        000000
__Htext9                       text9        000000
__LRAM                         (abs)        000001
__Labs1                        abs1         000000
__Lbank0                       bank0        000000
__Lbank1                       bank1        000000
__Lbank10                      bank10       000000
__Lbank11                      bank11       000000
__Lbank12                      bank12       000000
__Lbank13                      bank13       000000
__Lbank14                      bank14       000000
__Lbank15                      bank15       000000
__Lbank2                       bank2        000000
__Lbank3                       bank3        000000
__Lbank4                       bank4        000000
__Lbank5                       bank5        000000
__Lbank6                       bank6        000000
__Lbank7                       bank7        000000
__Lbank8                       bank8        000000
__Lbank9                       bank9        000000
__Lbigbss                      bigbss       000000
__Lbigdata                     bigdata      000000
__Lbigram                      bigram       000000
__Lbss                         bss          000000
__LbssBANK0                    bssBANK0     000000
__LbssCOMRAM                   bssCOMRAM    000000
__Lcinit                       cinit        000000
__Lclrtext                     clrtext      000000
__Lcomram                      comram       000000
__Lconfig                      config       300000
__Lconst                       const        000000
__LcstackBANK0                 cstackBANK0  000000
__LcstackBANK1                 cstackBANK1  000000
__LcstackCOMRAM                cstackCOMRAM 000000
__Ldata                        data         000000
__LdataBANK0                   dataBANK0    000000
__Leeprom_data                 eeprom_data  000000
__Lend_init                    end_init     0001A2
__Lfarbss                      farbss       000000
__Lfardata                     fardata      000000
__Libigdata                    ibigdata     000000
__Lidata                       idata        000000
__LidataBANK0                  idataBANK0   000000
__Lidloc                       idloc        200000
__Lifardata                    ifardata     000000
__Linit                        init         0001A2
__Lintcode                     intcode      000008
__Lintcode_body                intcode_body 000000
__Lintcodelo                   intcodelo    0001A2
__Lintentry                    intentry     000000
__Lintret                      intret       000000
__Lintsave_regs                intsave_regs 000000
__Lirdata                      irdata       000000
__Lmediumconst                 mediumconst  000000
__LnvFARRAM                    nvFARRAM     000000
__Lnvbit                       nvbit        000000
__Lnvrram                      nvrram       000000
__Lparam                       rparam       000000
__Lpowerup                     powerup      0001A2
__Lram                         ram          000000
__Lramtop                      ramtop       001000
__Lrbit                        rbit         000000
__Lrbss                        rbss         000000
__Lrdata                       rdata        000000
__Lreset_vec                   reset_vec    000000
__Lrparam                      rparam       000000
__Lsfr                         sfr          000000
__Lsmallconst                  smallconst   000000
__Lspace_0                     (abs)        000000
__Lspace_1                     (abs)        000000
__Lspace_2                     (abs)        000000
__Lstack                       stack        000000
__Lstruct                      struct       000000
__Ltemp                        temp         000000
__Ltext                        text         000000
__Ltext0                       text0        000000
__Ltext1                       text1        000000
__Ltext10                      text10       000000
__Ltext11                      text11       000000
__Ltext12                      text12       000000
__Ltext13                      text13       000000
__Ltext14                      text14       000000
__Ltext15                      text15       000000
__Ltext16                      text16       000000
__Ltext17                      text17       000000
__Ltext18                      text18       000000
__Ltext19                      text19       000000
__Ltext2                       text2        000000
__Ltext20                      text20       000000
__Ltext21                      text21       000000
__Ltext22                      text22       000000
__Ltext23                      text23       000000
__Ltext24                      text24       000000
__Ltext25                      text25       000000
__Ltext26                      text26       000000
__Ltext27                      text27       000000
__Ltext28                      text28       000000
__Ltext29                      text29       000000
__Ltext3                       text3        000000
__Ltext30                      text30       000000
__Ltext31                      text31       000000
__Ltext32                      text32       000000
__Ltext33                      text33       000000
__Ltext34                      text34       000000
__Ltext35                      text35       000000
__Ltext36                      text36       000000
__Ltext37                      text37       000000
__Ltext38                      text38       000000
__Ltext39                      text39       000000
__Ltext4                       text4        000000
__Ltext40                      text40       000000
__Ltext41                      text41       000000
__Ltext42                      text42       000000
__Ltext43                      text43       000000
__Ltext44                      text44       000000
__Ltext46                      text46       000000
__Ltext47                      text47       000000
__Ltext48                      text48       000000
__Ltext49                      text49       000000
__Ltext5                       text5        000000
__Ltext50                      text50       000000
__Ltext51                      text51       000000
__Ltext52                      text52       000000
__Ltext6                       text6        000000
__Ltext7                       text7        000000
__Ltext8                       text8        000000
__Ltext9                       text9        000000
__S0                           (abs)        30000E
__S1                           (abs)        000113
__S2                           (abs)        000000
___ftdiv                       text19       00088E
___ftdiv@cntr                  cstackBANK1  000109
___ftdiv@exp                   cstackBANK1  00010D
___ftdiv@f1                    cstackBANK1  000100
___ftdiv@f2                    cstackBANK1  000103
___ftdiv@f3                    cstackBANK1  00010A
___ftdiv@sign                  cstackBANK1  00010E
___ftmul                       text18       000B08
___ftmul@cntr                  cstackCOMRAM 000031
___ftmul@exp                   cstackCOMRAM 00002D
___ftmul@f1                    cstackCOMRAM 000024
___ftmul@f2                    cstackCOMRAM 000027
___ftmul@f3_as_product         cstackCOMRAM 00002E
___ftmul@sign                  cstackCOMRAM 000032
___ftpack                      text20       000D08
___ftpack@arg                  cstackCOMRAM 000019
___ftpack@exp                  cstackCOMRAM 00001C
___ftpack@sign                 cstackCOMRAM 00001D
___inthi_sp                    stack        000000
___intlo_sp                    stack        000000
___lbmod                       text33       00161C
___lbmod@counter               cstackCOMRAM 00001B
___lbmod@dividend              cstackCOMRAM 00001A
___lbmod@divisor               cstackCOMRAM 000019
___lbmod@rem                   cstackCOMRAM 00001C
___lldiv                       text31       000F26
___lldiv@counter               cstackCOMRAM 000025
___lldiv@dividend              cstackCOMRAM 000019
___lldiv@divisor               cstackCOMRAM 00001D
___lldiv@quotient              cstackCOMRAM 000021
___llmod                       text30       001028
___llmod@counter               cstackCOMRAM 000021
___llmod@dividend              cstackCOMRAM 000019
___llmod@divisor               cstackCOMRAM 00001D
___lwdiv                       text7        001246
___lwdiv@counter               cstackCOMRAM 00001F
___lwdiv@dividend              cstackCOMRAM 000019
___lwdiv@divisor               cstackCOMRAM 00001B
___lwdiv@quotient              cstackCOMRAM 00001D
___lwmod                       text6        00139A
___lwmod@counter               cstackCOMRAM 00001D
___lwmod@dividend              cstackCOMRAM 000019
___lwmod@divisor               cstackCOMRAM 00001B
___lwtoft                      text17       0016D6
___lwtoft@c                    cstackCOMRAM 000021
___param_bank                  (abs)        000010
___rparam_used                 (abs)        000001
___sp                          stack        000000
___wmul                        text4        0016AE
___wmul@multiplicand           cstackCOMRAM 00001B
___wmul@multiplier             cstackCOMRAM 000019
___wmul@product                cstackCOMRAM 00001D
__accesstop                    (abs)        000060
__activetblptr                 (abs)        000000
__end_of_ADC6_Init             text43       001848
__end_of_BusyADC               text23       001876
__end_of_ConvertADC            text22       001894
__end_of_Delay_1Khz            text50       0015E8
__end_of_GPIO_Config           text42       001896
__end_of_GetADC6               text16       0011E2
__end_of_Init_TM1640           text37       001722
__end_of_Key_Init              text36       0017CE
__end_of_Key_ManageMessage     text32       00088E
__end_of_Key_ReadFSM           text35       000710
__end_of_Key_ResetFSM          text34       001430
__end_of_Key_Scan              text52       0014FC
__end_of_Key_ScanFSM           text51       0012FC
__end_of_LED_Control           text9        001474
__end_of_ManageMessage         text27       0017EA
__end_of_Open1USART            text26       001246
__end_of_OpenADC               text44       00139A
__end_of_Pulse_1Khz            text49       00134C
__end_of_RS485_Init            text25       001836
__end_of_RS485_ManageMessage   text28       00056E
__end_of_RS485_SendDate        text15       000E90
__end_of_ReadADC               text21       001868
__end_of_Relay_Control         text12       001028
__end_of_Relay_Init            text24       001884
__end_of_Run                   text11       001176
__end_of_SCR_Init              text10       001890
__end_of_SetTimer0             text2        00167E
__end_of_ShowResult            text3        000F26
__end_of_Sys_Cyc               intcode      0001A2
__end_of_TM1640_Delay          text41       00181E
__end_of_TM1640_Show_integer   text5        000D08
__end_of_TM1640_Start          text40       00178E
__end_of_TM1640_Stop           text39       00176A
__end_of_TM1640_Writer_Byte    text38       001578
__end_of_TM1640_Writer_Dates   text8        0017B0
__end_of_Timer0_Init           text1        001746
__end_of_VerifyCRC             text29       000B08
__end_of___ftdiv               text19       0009E0
__end_of___ftmul               text18       000C0A
__end_of___ftpack              text20       000DCE
__end_of___lbmod               text33       00164E
__end_of___lldiv               text31       000FB2
__end_of___llmod               text30       001098
__end_of___lwdiv               text7        0012A2
__end_of___lwmod               text6        0013E6
__end_of___lwtoft              text17       0016FC
__end_of___wmul                text4        0016D6
__end_of__initialization       cinit        001534
__end_of_delay1ms              text14       0015B0
__end_of_delay_ms              text13       001804
__end_of_main                  text0        00161C
__end_ofi2_LED_Control         text48       0014B8
__end_ofi2_SetTimer0           text47       0016AE
__end_ofi2___llmod             text46       001108
__initialization               cinit        0014FC
__mediumconst                  mediumconst  000000
__pbssBANK0                    bssBANK0     000060
__pbssCOMRAM                   bssCOMRAM    000033
__pcinit                       cinit        0014FC
__pcstackBANK0                 cstackBANK0  0000FE
__pcstackBANK1                 cstackBANK1  000100
__pcstackCOMRAM                cstackCOMRAM 000001
__pdataBANK0                   dataBANK0    0000EE
__pidataBANK0                  idataBANK0   001848
__pintcode                     intcode      000008
__ptext0                       text0        0015E8
__ptext1                       text1        001722
__ptext10                      text10       001884
__ptext11                      text11       001108
__ptext12                      text12       000FB2
__ptext13                      text13       0017EA
__ptext14                      text14       001578
__ptext15                      text15       000DCE
__ptext16                      text16       001176
__ptext17                      text17       0016D6
__ptext18                      text18       000B08
__ptext19                      text19       00088E
__ptext2                       text2        00164E
__ptext20                      text20       000D08
__ptext21                      text21       001858
__ptext22                      text22       001890
__ptext23                      text23       001868
__ptext24                      text24       001876
__ptext25                      text25       00181E
__ptext26                      text26       0011E2
__ptext27                      text27       0017CE
__ptext28                      text28       0001A6
__ptext29                      text29       0009E0
__ptext3                       text3        000E90
__ptext30                      text30       001028
__ptext31                      text31       000F26
__ptext32                      text32       000710
__ptext33                      text33       00161C
__ptext34                      text34       0013E6
__ptext35                      text35       00056E
__ptext36                      text36       0017B0
__ptext37                      text37       0016FC
__ptext38                      text38       00153A
__ptext39                      text39       001746
__ptext4                       text4        0016AE
__ptext40                      text40       00176A
__ptext41                      text41       001804
__ptext42                      text42       001894
__ptext43                      text43       001836
__ptext44                      text44       00134C
__ptext46                      text46       001098
__ptext47                      text47       00167E
__ptext48                      text48       001474
__ptext49                      text49       0012FC
__ptext5                       text5        000C0A
__ptext50                      text50       0015B0
__ptext51                      text51       0012A2
__ptext52                      text52       0014B8
__ptext6                       text6        00139A
__ptext7                       text7        001246
__ptext8                       text8        00178E
__ptext9                       text9        001430
__ramtop                       ramtop       001000
__size_of_ADC6_Init            (abs)        000000
__size_of_BusyADC              (abs)        000000
__size_of_ConvertADC           (abs)        000000
__size_of_Delay_1Khz           (abs)        000000
__size_of_GPIO_Config          (abs)        000000
__size_of_GetADC6              (abs)        000000
__size_of_Init_TM1640          (abs)        000000
__size_of_Key_Init             (abs)        000000
__size_of_Key_ManageMessage    (abs)        000000
__size_of_Key_ReadFSM          (abs)        000000
__size_of_Key_ResetFSM         (abs)        000000
__size_of_Key_Scan             (abs)        000000
__size_of_Key_ScanFSM          (abs)        000000
__size_of_LED_Control          (abs)        000000
__size_of_ManageMessage        (abs)        000000
__size_of_Open1USART           (abs)        000000
__size_of_OpenADC              (abs)        000000
__size_of_Pulse_1Khz           (abs)        000000
__size_of_RS485_Init           (abs)        000000
__size_of_RS485_ManageMessage  (abs)        000000
__size_of_RS485_SendDate       (abs)        000000
__size_of_ReadADC              (abs)        000000
__size_of_Relay_Control        (abs)        000000
__size_of_Relay_Init           (abs)        000000
__size_of_Run                  (abs)        000000
__size_of_SCR_Init             (abs)        000000
__size_of_SetTimer0            (abs)        000000
__size_of_ShowResult           (abs)        000000
__size_of_Sys_Cyc              (abs)        000000
__size_of_TM1640_Delay         (abs)        000000
__size_of_TM1640_Show_integer  (abs)        000000
__size_of_TM1640_Start         (abs)        000000
__size_of_TM1640_Stop          (abs)        000000
__size_of_TM1640_Writer_Byte   (abs)        000000
__size_of_TM1640_Writer_Dates  (abs)        000000
__size_of_Timer0_Init          (abs)        000000
__size_of_VerifyCRC            (abs)        000000
__size_of___ftdiv              (abs)        000000
__size_of___ftmul              (abs)        000000
__size_of___ftpack             (abs)        000000
__size_of___lbmod              (abs)        000000
__size_of___lldiv              (abs)        000000
__size_of___llmod              (abs)        000000
__size_of___lwdiv              (abs)        000000
__size_of___lwmod              (abs)        000000
__size_of___lwtoft             (abs)        000000
__size_of___wmul               (abs)        000000
__size_of_delay1ms             (abs)        000000
__size_of_delay_ms             (abs)        000000
__size_of_main                 (abs)        000000
__size_ofi2_LED_Control        (abs)        000000
__size_ofi2_SetTimer0          (abs)        000000
__size_ofi2___llmod            (abs)        000000
__smallconst                   smallconst   000000
_delay1ms                      text14       001578
_delay_ms                      text13       0017EA
_g_RS485_Byte                  bssCOMRAM    00003F
_g_RS485_Receive_Flag          bssCOMRAM    000040
_g_Timer_Cyc                   bssCOMRAM    000033
_ga_RS485_ReceiveBuff          bssBANK0     0000DA
_ga_RS485_SendBuff             bssBANK0     0000E4
_gf_ADC6_Buff                  bssCOMRAM    000037
_gs_Handle_Switch              bssCOMRAM    000041
_gs_Local_Key_User             bssBANK0     0000B0
_gsa_Handle_Msg                bssBANK0     00006A
_main                          text0        0015E8
_s_Local_Key_FSM               bssBANK0     0000C5
delay1ms@a                     cstackCOMRAM 000019
delay1ms@b                     cstackCOMRAM 00001A
delay1ms@c                     cstackCOMRAM 00001B
delay_ms@_ms                   cstackCOMRAM 00001C
end_of_initialization          cinit        001534
i2LED_Control@_LED_num         cstackCOMRAM 000002
i2LED_Control@_switch          cstackCOMRAM 000001
i2SetTimer0@_tmr               cstackCOMRAM 000001
i2_LED_Control                 text48       001474
i2_SetTimer0                   text47       00167E
i2___llmod                     text46       001098
i2___llmod@counter             cstackCOMRAM 000009
i2___llmod@dividend            cstackCOMRAM 000001
i2___llmod@divisor             cstackCOMRAM 000005
intlevel0                      text         000000
intlevel1                      text         000000
intlevel2                      text         000000
intlevel3                      text         000000
stackhi                        (abs)        000F15
stacklo                        (abs)        000113
start                          init         0001A2
start_initialization           cinit        0014FC


FUNCTION INFORMATION:

 *************** function _main *****************
 Defined at:
		line 40 in file "_01_USER/main.c"
 Parameters:    Size  Location     Type
		None
 Auto vars:     Size  Location     Type
		None
 Return value:  Size  Location     Type
                  2   24[None  ] int 
 Registers used:
		wreg, fsr1l, fsr1h, fsr2l, fsr2h, status,2, status,0, prodl, prodh, cstack
 Tracked objects:
		On entry : 
		On exit  : 
		Unchanged: 
 Data sizes:     COMRAM   BANK0   BANK1   BANK2   BANK3   BANK4   BANK5   BANK6   BANK7   BANK8   BANK9  BANK10  BANK11  BANK12  BANK13  BANK14  BANK15
      Params:         0       0       0       0       0       0       0       0       0       0       0       0       0       0       0       0       0
      Locals:         0       0       0       0       0       0       0       0       0       0       0       0       0       0       0       0       0
      Temps:          0       0       0       0       0       0       0       0       0       0       0       0       0       0       0       0       0
      Totals:         0       0       0       0       0       0       0       0       0       0       0       0       0       0       0       0       0
Total ram usage:        0 bytes
 Hardware stack levels required when called:    8
 This function calls:
		_ADC6_Init
		_GPIO_Config
		_Init_TM1640
		_Key_Init
		_ManageMessage
		_RS485_Init
		_Relay_Init
		_Run
		_SCR_Init
		_ShowResult
		_Timer0_Init
 This function is called by:
		Startup code after reset
 This function uses a non-reentrant model


 *************** function _Timer0_Init *****************
 Defined at:
		line 43 in file "_01_USER/My_Timer.c"
 Parameters:    Size  Location     Type
		None
 Auto vars:     Size  Location     Type
		None
 Return value:  Size  Location     Type
		None               void
 Registers used:
		wreg, status,2, status,0, cstack
 Tracked objects:
		On entry : 
		On exit  : 
		Unchanged: 
 Data sizes:     COMRAM   BANK0   BANK1   BANK2   BANK3   BANK4   BANK5   BANK6   BANK7   BANK8   BANK9  BANK10  BANK11  BANK12  BANK13  BANK14  BANK15
      Params:         0       0       0       0       0       0       0       0       0       0       0       0       0       0       0       0       0
      Locals:         0       0       0       0       0       0       0       0       0       0       0       0       0       0       0       0       0
      Temps:          0       0       0       0       0       0       0       0       0       0       0       0       0       0       0       0       0
      Totals:         0       0       0       0       0       0       0       0       0       0       0       0       0       0       0       0       0
Total ram usage:        0 bytes
 Hardware stack levels used:    1
 Hardware stack levels required when called:    4
 This function calls:
		_SetTimer0
 This function is called by:
		_main
 This function uses a non-reentrant model


 *************** function _SetTimer0 *****************
 Defined at:
		line 81 in file "_01_USER/My_Timer.c"
 Parameters:    Size  Location     Type
  _tmr            2   24[COMRAM] unsigned int 
 Auto vars:     Size  Location     Type
		None
 Return value:  Size  Location     Type
		None               void
 Registers used:
		wreg, status,2, status,0
 Tracked objects:
		On entry : 
		On exit  : 
		Unchanged: 
 Data sizes:     COMRAM   BANK0   BANK1   BANK2   BANK3   BANK4   BANK5   BANK6   BANK7   BANK8   BANK9  BANK10  BANK11  BANK12  BANK13  BANK14  BANK15
      Params:         2       0       0       0       0       0       0       0       0       0       0       0       0       0       0       0       0
      Locals:         0       0       0       0       0       0       0       0       0       0       0       0       0       0       0       0       0
      Temps:          2       0       0       0       0       0       0       0       0       0       0       0       0       0       0       0       0
      Totals:         4       0       0       0       0       0       0       0       0       0       0       0       0       0       0       0       0
Total ram usage:        4 bytes
 Hardware stack levels used:    1
 Hardware stack levels required when called:    3
 This function calls:
		Nothing
 This function is called by:
		_Timer0_Init
 This function uses a non-reentrant model


 *************** function _ShowResult *****************
 Defined at:
		line 94 in file "_01_USER/Run.c"
 Parameters:    Size  Location     Type
		None
 Auto vars:     Size  Location     Type
		None
 Return value:  Size  Location     Type
		None               void
 Registers used:
		wreg, fsr2l, fsr2h, status,2, status,0, prodl, prodh, cstack
 Tracked objects:
		On entry : 
		On exit  : 
		Unchanged: 
 Data sizes:     COMRAM   BANK0   BANK1   BANK2   BANK3   BANK4   BANK5   BANK6   BANK7   BANK8   BANK9  BANK10  BANK11  BANK12  BANK13  BANK14  BANK15
      Params:         0       0       0       0       0       0       0       0       0       0       0       0       0       0       0       0       0
      Locals:         0       0       0       0       0       0       0       0       0       0       0       0       0       0       0       0       0
      Temps:          1       0       0       0       0       0       0       0       0       0       0       0       0       0       0       0       0
      Totals:         1       0       0       0       0       0       0       0       0       0       0       0       0       0       0       0       0
Total ram usage:        1 bytes
 Hardware stack levels used:    1
 Hardware stack levels required when called:    7
 This function calls:
		_LED_Control
		_TM1640_Show_integer
		_TM1640_Writer_Dates
		___wmul
 This function is called by:
		_main
 This function uses a non-reentrant model


 *************** function ___wmul *****************
 Defined at:
		line 15 in file "F:\Program Files (x86)\Microchip\xc8\v1.34\sources\common\Umul16.c"
 Parameters:    Size  Location     Type
  multiplier      2   24[COMRAM] unsigned int 
  multiplicand    2   26[COMRAM] unsigned int 
 Auto vars:     Size  Location     Type
  product         2   28[COMRAM] unsigned int 
 Return value:  Size  Location     Type
                  2   24[COMRAM] unsigned int 
 Registers used:
		wreg, status,2, status,0, prodl, prodh
 Tracked objects:
		On entry : 
		On exit  : 
		Unchanged: 
 Data sizes:     COMRAM   BANK0   BANK1   BANK2   BANK3   BANK4   BANK5   BANK6   BANK7   BANK8   BANK9  BANK10  BANK11  BANK12  BANK13  BANK14  BANK15
      Params:         4       0       0       0       0       0       0       0       0       0       0       0       0       0       0       0       0
      Locals:         2       0       0       0       0       0       0       0       0       0       0       0       0       0       0       0       0
      Temps:          0       0       0       0       0       0       0       0       0       0       0       0       0       0       0       0       0
      Totals:         6       0       0       0       0       0       0       0       0       0       0       0       0       0       0       0       0
Total ram usage:        6 bytes
 Hardware stack levels used:    1
 Hardware stack levels required when called:    3
 This function calls:
		Nothing
 This function is called by:
		_ShowResult
 This function uses a non-reentrant model


 *************** function _TM1640_Show_integer *****************
 Defined at:
		line 206 in file "_01_USER/TM1640.c"
 Parameters:    Size  Location     Type
  Numbers         2   31[COMRAM] unsigned int 
 Auto vars:     Size  Location     Type
		None
 Return value:  Size  Location     Type
		None               void
 Registers used:
		wreg, fsr2l, fsr2h, status,2, status,0, cstack
 Tracked objects:
		On entry : 
		On exit  : 
		Unchanged: 
 Data sizes:     COMRAM   BANK0   BANK1   BANK2   BANK3   BANK4   BANK5   BANK6   BANK7   BANK8   BANK9  BANK10  BANK11  BANK12  BANK13  BANK14  BANK15
      Params:         2       0       0       0       0       0       0       0       0       0       0       0       0       0       0       0       0
      Locals:         0       0       0       0       0       0       0       0       0       0       0       0       0       0       0       0       0
      Temps:          0       0       0       0       0       0       0       0       0       0       0       0       0       0       0       0       0
      Totals:         2       0       0       0       0       0       0       0       0       0       0       0       0       0       0       0       0
Total ram usage:        2 bytes
 Hardware stack levels used:    1
 Hardware stack levels required when called:    6
 This function calls:
		_TM1640_Writer_Dates
		___lwdiv
		___lwmod
 This function is called by:
		_ShowResult
 This function uses a non-reentrant model


 *************** function ___lwmod *****************
 Defined at:
		line 8 in file "F:\Program Files (x86)\Microchip\xc8\v1.34\sources\common\lwmod.c"
 Parameters:    Size  Location     Type
  dividend        2   24[COMRAM] unsigned int 
  divisor         2   26[COMRAM] unsigned int 
 Auto vars:     Size  Location     Type
  counter         1   28[COMRAM] unsigned char 
 Return value:  Size  Location     Type
                  2   24[COMRAM] unsigned int 
 Registers used:
		wreg, status,2, status,0
 Tracked objects:
		On entry : 
		On exit  : 
		Unchanged: 
 Data sizes:     COMRAM   BANK0   BANK1   BANK2   BANK3   BANK4   BANK5   BANK6   BANK7   BANK8   BANK9  BANK10  BANK11  BANK12  BANK13  BANK14  BANK15
      Params:         4       0       0       0       0       0       0       0       0       0       0       0       0       0       0       0       0
      Locals:         1       0       0       0       0       0       0       0       0       0       0       0       0       0       0       0       0
      Temps:          0       0       0       0       0       0       0       0       0       0       0       0       0       0       0       0       0
      Totals:         5       0       0       0       0       0       0       0       0       0       0       0       0       0       0       0       0
Total ram usage:        5 bytes
 Hardware stack levels used:    1
 Hardware stack levels required when called:    3
 This function calls:
		Nothing
 This function is called by:
		_TM1640_Show_integer
 This function uses a non-reentrant model


 *************** function ___lwdiv *****************
 Defined at:
		line 8 in file "F:\Program Files (x86)\Microchip\xc8\v1.34\sources\common\lwdiv.c"
 Parameters:    Size  Location     Type
  dividend        2   24[COMRAM] unsigned int 
  divisor         2   26[COMRAM] unsigned int 
 Auto vars:     Size  Location     Type
  quotient        2   28[COMRAM] unsigned int 
  counter         1   30[COMRAM] unsigned char 
 Return value:  Size  Location     Type
                  2   24[COMRAM] unsigned int 
 Registers used:
		wreg, status,2, status,0
 Tracked objects:
		On entry : 
		On exit  : 
		Unchanged: 
 Data sizes:     COMRAM   BANK0   BANK1   BANK2   BANK3   BANK4   BANK5   BANK6   BANK7   BANK8   BANK9  BANK10  BANK11  BANK12  BANK13  BANK14  BANK15
      Params:         4       0       0       0       0       0       0       0       0       0       0       0       0       0       0       0       0
      Locals:         3       0       0       0       0       0       0       0       0       0       0       0       0       0       0       0       0
      Temps:          0       0       0       0       0       0       0       0       0       0       0       0       0       0       0       0       0
      Totals:         7       0       0       0       0       0       0       0       0       0       0       0       0       0       0       0       0
Total ram usage:        7 bytes
 Hardware stack levels used:    1
 Hardware stack levels required when called:    3
 This function calls:
		Nothing
 This function is called by:
		_TM1640_Show_integer
 This function uses a non-reentrant model


 *************** function _TM1640_Writer_Dates *****************
 Defined at:
		line 99 in file "_01_USER/TM1640.c"
 Parameters:    Size  Location     Type
  Addr            1    wreg     unsigned char 
  Date            1   29[COMRAM] unsigned char 
 Auto vars:     Size  Location     Type
  Addr            1   30[COMRAM] unsigned char 
 Return value:  Size  Location     Type
		None               void
 Registers used:
		wreg, status,2, status,0, cstack
 Tracked objects:
		On entry : 
		On exit  : 
		Unchanged: 
 Data sizes:     COMRAM   BANK0   BANK1   BANK2   BANK3   BANK4   BANK5   BANK6   BANK7   BANK8   BANK9  BANK10  BANK11  BANK12  BANK13  BANK14  BANK15
      Params:         1       0       0       0       0       0       0       0       0       0       0       0       0       0       0       0       0
      Locals:         1       0       0       0       0       0       0       0       0       0       0       0       0       0       0       0       0
      Temps:          0       0       0       0       0       0       0       0       0       0       0       0       0       0       0       0       0
      Totals:         2       0       0       0       0       0       0       0       0       0       0       0       0       0       0       0       0
Total ram usage:        2 bytes
 Hardware stack levels used:    1
 Hardware stack levels required when called:    5
 This function calls:
		_TM1640_Start
		_TM1640_Stop
		_TM1640_Writer_Byte
 This function is called by:
		_TM1640_Show_integer
		_ShowResult
		_TM1640_Show_Numbers
		_TM1640_Show_Decimal
 This function uses a non-reentrant model


 *************** function _LED_Control *****************
 Defined at:
		line 58 in file "_01_USER/GPIO.c"
 Parameters:    Size  Location     Type
  _LED_num        1    wreg     unsigned char 
  _switch         1   24[COMRAM] unsigned char 
 Auto vars:     Size  Location     Type
  _LED_num        1   25[COMRAM] unsigned char 
 Return value:  Size  Location     Type
		None               void
 Registers used:
		wreg, status,2, status,0
 Tracked objects:
		On entry : 
		On exit  : 
		Unchanged: 
 Data sizes:     COMRAM   BANK0   BANK1   BANK2   BANK3   BANK4   BANK5   BANK6   BANK7   BANK8   BANK9  BANK10  BANK11  BANK12  BANK13  BANK14  BANK15
      Params:         1       0       0       0       0       0       0       0       0       0       0       0       0       0       0       0       0
      Locals:         1       0       0       0       0       0       0       0       0       0       0       0       0       0       0       0       0
      Temps:          0       0       0       0       0       0       0       0       0       0       0       0       0       0       0       0       0
      Totals:         2       0       0       0       0       0       0       0       0       0       0       0       0       0       0       0       0
Total ram usage:        2 bytes
 Hardware stack levels used:    1
 Hardware stack levels required when called:    3
 This function calls:
		Nothing
 This function is called by:
		_ShowResult
 This function uses a non-reentrant model


 *************** function _SCR_Init *****************
 Defined at:
		line 38 in file "_01_USER/SCR.c"
 Parameters:    Size  Location     Type
		None
 Auto vars:     Size  Location     Type
		None
 Return value:  Size  Location     Type
		None               void
 Registers used:
		None
 Tracked objects:
		On entry : 
		On exit  : 
		Unchanged: 
 Data sizes:     COMRAM   BANK0   BANK1   BANK2   BANK3   BANK4   BANK5   BANK6   BANK7   BANK8   BANK9  BANK10  BANK11  BANK12  BANK13  BANK14  BANK15
      Params:         0       0       0       0       0       0       0       0       0       0       0       0       0       0       0       0       0
      Locals:         0       0       0       0       0       0       0       0       0       0       0       0       0       0       0       0       0
      Temps:          0       0       0       0       0       0       0       0       0       0       0       0       0       0       0       0       0
      Totals:         0       0       0       0       0       0       0       0       0       0       0       0       0       0       0       0       0
Total ram usage:        0 bytes
 Hardware stack levels used:    1
 Hardware stack levels required when called:    3
 This function calls:
		Nothing
 This function is called by:
		_main
 This function uses a non-reentrant model


 *************** function _Run *****************
 Defined at:
		line 68 in file "_01_USER/Run.c"
 Parameters:    Size  Location     Type
		None
 Auto vars:     Size  Location     Type
		None
 Return value:  Size  Location     Type
		None               void
 Registers used:
		wreg, fsr2l, fsr2h, status,2, status,0, prodl, prodh, cstack
 Tracked objects:
		On entry : 
		On exit  : 
		Unchanged: 
 Data sizes:     COMRAM   BANK0   BANK1   BANK2   BANK3   BANK4   BANK5   BANK6   BANK7   BANK8   BANK9  BANK10  BANK11  BANK12  BANK13  BANK14  BANK15
      Params:         0       0       0       0       0       0       0       0       0       0       0       0       0       0       0       0       0
      Locals:         0       0       0       0       0       0       0       0       0       0       0       0       0       0       0       0       0
      Temps:          0       0       4       0       0       0       0       0       0       0       0       0       0       0       0       0       0
      Totals:         0       0       4       0       0       0       0       0       0       0       0       0       0       0       0       0       0
Total ram usage:        4 bytes
 Hardware stack levels used:    1
 Hardware stack levels required when called:    6
 This function calls:
		_GetADC6
		_RS485_SendDate
		_Relay_Control
 This function is called by:
		_main
 This function uses a non-reentrant model


 *************** function _Relay_Control *****************
 Defined at:
		line 60 in file "_01_USER/Relay.c"
 Parameters:    Size  Location     Type
  relay_num       1    wreg     unsigned char 
  _switch         1   29[COMRAM] unsigned char 
 Auto vars:     Size  Location     Type
  relay_num       1   30[COMRAM] unsigned char 
 Return value:  Size  Location     Type
		None               void
 Registers used:
		wreg, status,2, status,0, cstack
 Tracked objects:
		On entry : 
		On exit  : 
		Unchanged: 
 Data sizes:     COMRAM   BANK0   BANK1   BANK2   BANK3   BANK4   BANK5   BANK6   BANK7   BANK8   BANK9  BANK10  BANK11  BANK12  BANK13  BANK14  BANK15
      Params:         1       0       0       0       0       0       0       0       0       0       0       0       0       0       0       0       0
      Locals:         1       0       0       0       0       0       0       0       0       0       0       0       0       0       0       0       0
      Temps:          0       0       0       0       0       0       0       0       0       0       0       0       0       0       0       0       0
      Totals:         2       0       0       0       0       0       0       0       0       0       0       0       0       0       0       0       0
Total ram usage:        2 bytes
 Hardware stack levels used:    1
 Hardware stack levels required when called:    5
 This function calls:
		_delay_ms
 This function is called by:
		_Run
 This function uses a non-reentrant model


 *************** function _delay_ms *****************
 Defined at:
		line 37 in file "_01_USER/My_Delay.c"
 Parameters:    Size  Location     Type
  _ms             2   27[COMRAM] unsigned int 
 Auto vars:     Size  Location     Type
		None
 Return value:  Size  Location     Type
		None               void
 Registers used:
		wreg, status,2, status,0, cstack
 Tracked objects:
		On entry : 
		On exit  : 
		Unchanged: 
 Data sizes:     COMRAM   BANK0   BANK1   BANK2   BANK3   BANK4   BANK5   BANK6   BANK7   BANK8   BANK9  BANK10  BANK11  BANK12  BANK13  BANK14  BANK15
      Params:         2       0       0       0       0       0       0       0       0       0       0       0       0       0       0       0       0
      Locals:         0       0       0       0       0       0       0       0       0       0       0       0       0       0       0       0       0
      Temps:          0       0       0       0       0       0       0       0       0       0       0       0       0       0       0       0       0
      Totals:         2       0       0       0       0       0       0       0       0       0       0       0       0       0       0       0       0
Total ram usage:        2 bytes
 Hardware stack levels used:    1
 Hardware stack levels required when called:    4
 This function calls:
		_delay1ms
 This function is called by:
		_Relay_Control
 This function uses a non-reentrant model


 *************** function _delay1ms *****************
 Defined at:
		line 59 in file "_01_USER/My_Delay.c"
 Parameters:    Size  Location     Type
		None
 Auto vars:     Size  Location     Type
  c               1   26[COMRAM] unsigned char 
  b               1   25[COMRAM] unsigned char 
  a               1   24[COMRAM] unsigned char 
 Return value:  Size  Location     Type
		None               void
 Registers used:
		wreg, status,2, status,0
 Tracked objects:
		On entry : 
		On exit  : 
		Unchanged: 
 Data sizes:     COMRAM   BANK0   BANK1   BANK2   BANK3   BANK4   BANK5   BANK6   BANK7   BANK8   BANK9  BANK10  BANK11  BANK12  BANK13  BANK14  BANK15
      Params:         0       0       0       0       0       0       0       0       0       0       0       0       0       0       0       0       0
      Locals:         3       0       0       0       0       0       0       0       0       0       0       0       0       0       0       0       0
      Temps:          0       0       0       0       0       0       0       0       0       0       0       0       0       0       0       0       0
      Totals:         3       0       0       0       0       0       0       0       0       0       0       0       0       0       0       0       0
Total ram usage:        3 bytes
 Hardware stack levels used:    1
 Hardware stack levels required when called:    3
 This function calls:
		Nothing
 This function is called by:
		_delay_ms
 This function uses a non-reentrant model


 *************** function _RS485_SendDate *****************
 Defined at:
		line 77 in file "_01_USER/My_USART.c"
 Parameters:    Size  Location     Type
  date_dress      2    0[BANK1 ] PTR unsigned char 
		 -> ga_RS485_SendBuff(10), 
  date_lenth      1    2[BANK1 ] unsigned char 
 Auto vars:     Size  Location     Type
		None
 Return value:  Size  Location     Type
		None               void
 Registers used:
		wreg, fsr2l, fsr2h, status,2, status,0, prodl, prodh, cstack
 Tracked objects:
		On entry : 
		On exit  : 
		Unchanged: 
 Data sizes:     COMRAM   BANK0   BANK1   BANK2   BANK3   BANK4   BANK5   BANK6   BANK7   BANK8   BANK9  BANK10  BANK11  BANK12  BANK13  BANK14  BANK15
      Params:         0       0       3       0       0       0       0       0       0       0       0       0       0       0       0       0       0
      Locals:         0       0       0       0       0       0       0       0       0       0       0       0       0       0       0       0       0
      Temps:          0       1       0       0       0       0       0       0       0       0       0       0       0       0       0       0       0
      Totals:         0       1       3       0       0       0       0       0       0       0       0       0       0       0       0       0       0
Total ram usage:        4 bytes
 Hardware stack levels used:    1
 Hardware stack levels required when called:    5
 This function calls:
		_VerifyCRC
 This function is called by:
		_Run
 This function uses a non-reentrant model


 *************** function _GetADC6 *****************
 Defined at:
		line 67 in file "_01_USER/My_ADC.c"
 Parameters:    Size  Location     Type
		None
 Auto vars:     Size  Location     Type
		None
 Return value:  Size  Location     Type
		None               void
 Registers used:
		wreg, status,2, status,0, cstack
 Tracked objects:
		On entry : 
		On exit  : 
		Unchanged: 
 Data sizes:     COMRAM   BANK0   BANK1   BANK2   BANK3   BANK4   BANK5   BANK6   BANK7   BANK8   BANK9  BANK10  BANK11  BANK12  BANK13  BANK14  BANK15
      Params:         0       0       0       0       0       0       0       0       0       0       0       0       0       0       0       0       0
      Locals:         0       0       0       0       0       0       0       0       0       0       0       0       0       0       0       0       0
      Temps:          0       0       0       0       0       0       0       0       0       0       0       0       0       0       0       0       0
      Totals:         0       0       0       0       0       0       0       0       0       0       0       0       0       0       0       0       0
Total ram usage:        0 bytes
 Hardware stack levels used:    1
 Hardware stack levels required when called:    5
 This function calls:
		_BusyADC
		_ConvertADC
		_ReadADC
		___ftdiv
		___ftmul
		___lwtoft
 This function is called by:
		_Run
 This function uses a non-reentrant model


 *************** function ___lwtoft *****************
 Defined at:
		line 28 in file "F:\Program Files (x86)\Microchip\xc8\v1.34\sources\common\lwtoft.c"
 Parameters:    Size  Location     Type
  c               2   32[COMRAM] unsigned int 
 Auto vars:     Size  Location     Type
		None
 Return value:  Size  Location     Type
                  3   32[COMRAM] float 
 Registers used:
[...]
		None
 Return value:  Size  Location     Type
		None               void
 Registers used:
		wreg, status,2, status,0, cstack
 Tracked objects:
		On entry : 
		On exit  : 
		Unchanged: 
 Data sizes:     COMRAM   BANK0   BANK1   BANK2   BANK3   BANK4   BANK5   BANK6   BANK7   BANK8   BANK9  BANK10  BANK11  BANK12  BANK13  BANK14  BANK15
      Params:         0       0       0       0       0       0       0       0       0       0       0       0       0       0       0       0       0
      Locals:         0       0       0       0       0       0       0       0       0       0       0       0       0       0       0       0       0
      Temps:          0       0       0       0       0       0       0       0       0       0       0       0       0       0       0       0       0
      Totals:         0       0       0       0       0       0       0       0       0       0       0       0       0       0       0       0       0
Total ram usage:        0 bytes
 Hardware stack levels used:    1
 Hardware stack levels required when called:    4
 This function calls:
		_OpenADC
 This function is called by:
		_main
 This function uses a non-reentrant model


 *************** function _OpenADC *****************
 Defined at:
		line 305 in file "F:\Program Files (x86)\Microchip\xc8\v1.34\sources\pic18\plib\ADC\adcopen.c"
 Parameters:    Size  Location     Type
  config          1    wreg     unsigned char 
  config2         1   24[COMRAM] unsigned char 
  config3         1   25[COMRAM] unsigned char 
 Auto vars:     Size  Location     Type
  config          1   28[COMRAM] unsigned char 
 Return value:  Size  Location     Type
		None               void
 Registers used:
		wreg, status,2, status,0
 Tracked objects:
		On entry : 
		On exit  : 
		Unchanged: 
 Data sizes:     COMRAM   BANK0   BANK1   BANK2   BANK3   BANK4   BANK5   BANK6   BANK7   BANK8   BANK9  BANK10  BANK11  BANK12  BANK13  BANK14  BANK15
      Params:         2       0       0       0       0       0       0       0       0       0       0       0       0       0       0       0       0
      Locals:         1       0       0       0       0       0       0       0       0       0       0       0       0       0       0       0       0
      Temps:          2       0       0       0       0       0       0       0       0       0       0       0       0       0       0       0       0
      Totals:         5       0       0       0       0       0       0       0       0       0       0       0       0       0       0       0       0
Total ram usage:        5 bytes
 Hardware stack levels used:    1
 Hardware stack levels required when called:    3
 This function calls:
		Nothing
 This function is called by:
		_ADC6_Init
 This function uses a non-reentrant model


 *************** function _Sys_Cyc *****************
 Defined at:
		line 100 in file "_01_USER/My_Timer.c"
 Parameters:    Size  Location     Type
		None
 Auto vars:     Size  Location     Type
  _temp           1   23[COMRAM] unsigned char 
 Return value:  Size  Location     Type
		None               void
 Registers used:
		wreg, fsr2l, fsr2h, status,2, status,0, prodl, prodh, cstack
 Tracked objects:
		On entry : 
		On exit  : 
		Unchanged: 
 Data sizes:     COMRAM   BANK0   BANK1   BANK2   BANK3   BANK4   BANK5   BANK6   BANK7   BANK8   BANK9  BANK10  BANK11  BANK12  BANK13  BANK14  BANK15
      Params:         0       0       0       0       0       0       0       0       0       0       0       0       0       0       0       0       0
      Locals:         1       0       0       0       0       0       0       0       0       0       0       0       0       0       0       0       0
      Temps:         14       0       0       0       0       0       0       0       0       0       0       0       0       0       0       0       0
      Totals:        15       0       0       0       0       0       0       0       0       0       0       0       0       0       0       0       0
Total ram usage:       15 bytes
 Hardware stack levels used:    1
 Hardware stack levels required when called:    2
 This function calls:
		_Key_ScanFSM
		_Pulse_1Khz
		i2_LED_Control
		i2_SetTimer0
		i2___llmod
 This function is called by:
		Interrupt level 2
 This function uses a non-reentrant model


 *************** function i2___llmod *****************
 Defined at:
		line 8 in file "F:\Program Files (x86)\Microchip\xc8\v1.34\sources\common\llmod.c"
 Parameters:    Size  Location     Type
  dividend        4    0[COMRAM] unsigned long 
  divisor         4    4[COMRAM] unsigned long 
 Auto vars:     Size  Location     Type
  __llmod         1    8[COMRAM] unsigned char 
 Return value:  Size  Location     Type
                  4    0[COMRAM] unsigned long 
 Registers used:
		wreg, status,2, status,0
 Tracked objects:
		On entry : 
		On exit  : 
		Unchanged: 
 Data sizes:     COMRAM   BANK0   BANK1   BANK2   BANK3   BANK4   BANK5   BANK6   BANK7   BANK8   BANK9  BANK10  BANK11  BANK12  BANK13  BANK14  BANK15
      Params:         8       0       0       0       0       0       0       0       0       0       0       0       0       0       0       0       0
      Locals:         1       0       0       0       0       0       0       0       0       0       0       0       0       0       0       0       0
      Temps:          0       0       0       0       0       0       0       0       0       0       0       0       0       0       0       0       0
      Totals:         9       0       0       0       0       0       0       0       0       0       0       0       0       0       0       0       0
Total ram usage:        9 bytes
 Hardware stack levels used:    1
 This function calls:
		Nothing
 This function is called by:
		_Sys_Cyc
 This function uses a non-reentrant model


 *************** function i2_SetTimer0 *****************
 Defined at:
		line 81 in file "_01_USER/My_Timer.c"
 Parameters:    Size  Location     Type
  _tmr            2    0[COMRAM] unsigned int 
 Auto vars:     Size  Location     Type
		None
 Return value:  Size  Location     Type
		None               void
 Registers used:
		wreg, status,2, status,0
 Tracked objects:
		On entry : 
		On exit  : 
		Unchanged: 
 Data sizes:     COMRAM   BANK0   BANK1   BANK2   BANK3   BANK4   BANK5   BANK6   BANK7   BANK8   BANK9  BANK10  BANK11  BANK12  BANK13  BANK14  BANK15
      Params:         2       0       0       0       0       0       0       0       0       0       0       0       0       0       0       0       0
      Locals:         0       0       0       0       0       0       0       0       0       0       0       0       0       0       0       0       0
      Temps:          2       0       0       0       0       0       0       0       0       0       0       0       0       0       0       0       0
      Totals:         4       0       0       0       0       0       0       0       0       0       0       0       0       0       0       0       0
Total ram usage:        4 bytes
 Hardware stack levels used:    1
 This function calls:
		Nothing
 This function is called by:
		_Sys_Cyc
 This function uses a non-reentrant model


 *************** function i2_LED_Control *****************
 Defined at:
		line 58 in file "_01_USER/GPIO.c"
 Parameters:    Size  Location     Type
  _LED_num        1    wreg     unsigned char 
  _switch         1    0[COMRAM] unsigned char 
 Auto vars:     Size  Location     Type
  _LED_num        1    1[COMRAM] unsigned char 
 Return value:  Size  Location     Type
		None               void
 Registers used:
		wreg, status,2, status,0
 Tracked objects:
		On entry : 
		On exit  : 
		Unchanged: 
 Data sizes:     COMRAM   BANK0   BANK1   BANK2   BANK3   BANK4   BANK5   BANK6   BANK7   BANK8   BANK9  BANK10  BANK11  BANK12  BANK13  BANK14  BANK15
      Params:         1       0       0       0       0       0       0       0       0       0       0       0       0       0       0       0       0
      Locals:         1       0       0       0       0       0       0       0       0       0       0       0       0       0       0       0       0
      Temps:          0       0       0       0       0       0       0       0       0       0       0       0       0       0       0       0       0
      Totals:         2       0       0       0       0       0       0       0       0       0       0       0       0       0       0       0       0
Total ram usage:        2 bytes
 Hardware stack levels used:    1
 This function calls:
		Nothing
 This function is called by:
		_Sys_Cyc
 This function uses a non-reentrant model


 *************** function _Pulse_1Khz *****************
 Defined at:
		line 79 in file "_01_USER/SCR.c"
 Parameters:    Size  Location     Type
  _QD             1    wreg     unsigned char 
 Auto vars:     Size  Location     Type
  _QD             1    3[COMRAM] unsigned char 
  _pulse          1    4[COMRAM] unsigned char 
 Return value:  Size  Location     Type
		None               void
 Registers used:
		wreg, status,2, status,0, cstack
 Tracked objects:
		On entry : 
		On exit  : 
		Unchanged: 
 Data sizes:     COMRAM   BANK0   BANK1   BANK2   BANK3   BANK4   BANK5   BANK6   BANK7   BANK8   BANK9  BANK10  BANK11  BANK12  BANK13  BANK14  BANK15
      Params:         0       0       0       0       0       0       0       0       0       0       0       0       0       0       0       0       0
      Locals:         2       0       0       0       0       0       0       0       0       0       0       0       0       0       0       0       0
      Temps:          0       0       0       0       0       0       0       0       0       0       0       0       0       0       0       0       0
      Totals:         2       0       0       0       0       0       0       0       0       0       0       0       0       0       0       0       0
Total ram usage:        2 bytes
 Hardware stack levels used:    1
 Hardware stack levels required when called:    1
 This function calls:
		_Delay_1Khz
 This function is called by:
		_Sys_Cyc
 This function uses a non-reentrant model


 *************** function _Delay_1Khz *****************
 Defined at:
		line 62 in file "_01_USER/SCR.c"
 Parameters:    Size  Location     Type
		None
 Auto vars:     Size  Location     Type
  c               1    2[COMRAM] unsigned char 
  b               1    1[COMRAM] unsigned char 
  a               1    0[COMRAM] unsigned char 
 Return value:  Size  Location     Type
		None               void
 Registers used:
		wreg, status,2, status,0
 Tracked objects:
		On entry : 
		On exit  : 
		Unchanged: 
 Data sizes:     COMRAM   BANK0   BANK1   BANK2   BANK3   BANK4   BANK5   BANK6   BANK7   BANK8   BANK9  BANK10  BANK11  BANK12  BANK13  BANK14  BANK15
      Params:         0       0       0       0       0       0       0       0       0       0       0       0       0       0       0       0       0
      Locals:         3       0       0       0       0       0       0       0       0       0       0       0       0       0       0       0       0
      Temps:          0       0       0       0       0       0       0       0       0       0       0       0       0       0       0       0       0
      Totals:         3       0       0       0       0       0       0       0       0       0       0       0       0       0       0       0       0
Total ram usage:        3 bytes
 Hardware stack levels used:    1
 This function calls:
		Nothing
 This function is called by:
		_Pulse_1Khz
 This function uses a non-reentrant model


 *************** function _Key_ScanFSM *****************
 Defined at:
		line 91 in file "_01_USER/Key.c"
 Parameters:    Size  Location     Type
		None
 Auto vars:     Size  Location     Type
		None
 Return value:  Size  Location     Type
		None               void
 Registers used:
		wreg, status,2, status,0, cstack
 Tracked objects:
		On entry : 
		On exit  : 
		Unchanged: 
 Data sizes:     COMRAM   BANK0   BANK1   BANK2   BANK3   BANK4   BANK5   BANK6   BANK7   BANK8   BANK9  BANK10  BANK11  BANK12  BANK13  BANK14  BANK15
      Params:         0       0       0       0       0       0       0       0       0       0       0       0       0       0       0       0       0
      Locals:         0       0       0       0       0       0       0       0       0       0       0       0       0       0       0       0       0
      Temps:          0       0       0       0       0       0       0       0       0       0       0       0       0       0       0       0       0
      Totals:         0       0       0       0       0       0       0       0       0       0       0       0       0       0       0       0       0
Total ram usage:        0 bytes
 Hardware stack levels used:    1
 Hardware stack levels required when called:    1
 This function calls:
		_Key_Scan
 This function is called by:
		_Sys_Cyc
 This function uses a non-reentrant model


 *************** function _Key_Scan *****************
 Defined at:
		line 69 in file "_01_USER/Key.c"
 Parameters:    Size  Location     Type
		None
 Auto vars:     Size  Location     Type
		None
 Return value:  Size  Location     Type
		None               void
 Registers used:
		wreg, status,2, status,0
 Tracked objects:
		On entry : 
		On exit  : 
		Unchanged: 
 Data sizes:     COMRAM   BANK0   BANK1   BANK2   BANK3   BANK4   BANK5   BANK6   BANK7   BANK8   BANK9  BANK10  BANK11  BANK12  BANK13  BANK14  BANK15
      Params:         0       0       0       0       0       0       0       0       0       0       0       0       0       0       0       0       0
      Locals:         0       0       0       0       0       0       0       0       0       0       0       0       0       0       0       0       0
      Temps:          0       0       0       0       0       0       0       0       0       0       0       0       0       0       0       0       0
      Totals:         0       0       0       0       0       0       0       0       0       0       0       0       0       0       0       0       0
Total ram usage:        0 bytes
 Hardware stack levels used:    1
 This function calls:
		Nothing
 This function is called by:
		_Key_ScanFSM
 This function uses a non-reentrant model



MODULE INFORMATION

Module		Function		Class		Link	Load	Size
F:\Program Files (x86)\Microchip\xc8\v1.34\sources\common\lwmod.c
		___lwmod       		CODE           	139A	0000	77

F:\Program Files (x86)\Microchip\xc8\v1.34\sources\common\lwmod.c estimated size: 77

_01_USER/GPIO.c
		_GPIO_Config   		CODE           	1894	0000	3
		_LED_Control   		CODE           	1430	0000	69

_01_USER/GPIO.c estimated size: 72

F:\Program Files (x86)\Microchip\xc8\v1.34\sources\common\Umul16.c
		___wmul        		CODE           	16AE	0000	41

F:\Program Files (x86)\Microchip\xc8\v1.34\sources\common\Umul16.c estimated size: 41

F:\Program Files (x86)\Microchip\xc8\v1.34\sources\common\llmod.c
		___llmod       		CODE           	1028	0000	113

F:\Program Files (x86)\Microchip\xc8\v1.34\sources\common\llmod.c estimated size: 113

F:\Program Files (x86)\Microchip\xc8\v1.34\sources\pic18\plib\ADC\adcbusy.c
		_BusyADC       		CODE           	1868	0000	15

F:\Program Files (x86)\Microchip\xc8\v1.34\sources\pic18\plib\ADC\adcbusy.c estimated size: 15

F:\Program Files (x86)\Microchip\xc8\v1.34\sources\pic18\plib\ADC\adcopen.c
		_OpenADC       		CODE           	134C	0000	79

F:\Program Files (x86)\Microchip\xc8\v1.34\sources\pic18\plib\ADC\adcopen.c estimated size: 79

F:\Program Files (x86)\Microchip\xc8\v1.34\sources\common\ftmul.c
		___ftmul       		CODE           	0B08	0000	259

F:\Program Files (x86)\Microchip\xc8\v1.34\sources\common\ftmul.c estimated size: 259

F:\Program Files (x86)\Microchip\xc8\v1.34\sources\common\ftdiv.c
		___ftdiv       		CODE           	088E	0000	339

F:\Program Files (x86)\Microchip\xc8\v1.34\sources\common\ftdiv.c estimated size: 339

F:\Program Files (x86)\Microchip\xc8\v1.34\sources\pic18\plib\USART\u1open.c
		_Open1USART    		CODE           	11E2	0000	101

F:\Program Files (x86)\Microchip\xc8\v1.34\sources\pic18\plib\USART\u1open.c estimated size: 101

_01_USER/TM1640.c
		_TM1640_Stop   		CODE           	1746	0000	37
		_TM1640_Delay  		CODE           	1804	0000	27
		_TM1640_Start  		CODE           	176A	0000	37
		_TM1640_Show_in		CODE           	0C0A	0000	255
		_TM1640_Writer_		CODE           	178E	0000	35
		_TM1640_Writer_		CODE           	153A	0000	63
		_Init_TM1640   		CODE           	16FC	0000	39

_01_USER/TM1640.c estimated size: 493

F:\Program Files (x86)\Microchip\xc8\v1.34\sources\common\lwdiv.c
		___lwdiv       		CODE           	1246	0000	93

F:\Program Files (x86)\Microchip\xc8\v1.34\sources\common\lwdiv.c estimated size: 93

F:\Program Files (x86)\Microchip\xc8\v1.34\sources\common\lbmod.c
		___lbmod       		CODE           	161C	0000	51

F:\Program Files (x86)\Microchip\xc8\v1.34\sources\common\lbmod.c estimated size: 51

_01_USER/main.c
		_main          		CODE           	15E8	0000	53

_01_USER/main.c estimated size: 53

F:\Program Files (x86)\Microchip\xc8\v1.34\sources\common\lldiv.c
		___lldiv       		CODE           	0F26	0000	141

F:\Program Files (x86)\Microchip\xc8\v1.34\sources\common\lldiv.c estimated size: 141

F:\Program Files (x86)\Microchip\xc8\v1.34\sources\pic18\plib\ADC\adcread.c
		_ReadADC       		CODE           	1858	0000	17

F:\Program Files (x86)\Microchip\xc8\v1.34\sources\pic18\plib\ADC\adcread.c estimated size: 17

_01_USER/SCR.c
		_Delay_1Khz    		CODE           	15B0	0000	57
		_SCR_Init      		CODE           	1884	0000	13
		_Pulse_1Khz    		CODE           	12FC	0000	81

_01_USER/SCR.c estimated size: 151

shared
		i2_SetTimer0   		CODE           	167E	0000	49
		__initializatio		CODE           	14FC	0000	57
		i2_LED_Control 		CODE           	1474	0000	69
		i2___llmod     		CODE           	1098	0000	113

shared estimated size: 288

F:\Program Files (x86)\Microchip\xc8\v1.34\sources\pic18\plib\ADC\adcconv.c
		_ConvertADC    		CODE           	1890	0000	5

F:\Program Files (x86)\Microchip\xc8\v1.34\sources\pic18\plib\ADC\adcconv.c estimated size: 5

F:\Program Files (x86)\Microchip\xc8\v1.34\sources\common\lwtoft.c
		___lwtoft      		CODE           	16D6	0000	39

F:\Program Files (x86)\Microchip\xc8\v1.34\sources\common\lwtoft.c estimated size: 39

_01_USER/My_ADC.c
		_GetADC6       		CODE           	1176	0000	109
		_ADC6_Init     		CODE           	1836	0000	19

_01_USER/My_ADC.c estimated size: 128

_01_USER/Key.c
		_Key_ReadFSM   		CODE           	056E	0000	419
		_Key_Init      		CODE           	17B0	0000	31
		_Key_ResetFSM  		CODE           	13E6	0000	75
		_Key_Scan      		CODE           	14B8	0000	69
		_Key_ScanFSM   		CODE           	12A2	0000	91
		_Key_ManageMess		CODE           	0710	0000	383

_01_USER/Key.c estimated size: 1068

_01_USER/Run.c
		_ShowResult    		CODE           	0E90	0000	151
		_Run           		CODE           	1108	0000	111
		_ManageMessage 		CODE           	17CE	0000	29

_01_USER/Run.c estimated size: 291

_01_USER/My_USART.c
		_RS485_ManageMe		CODE           	01A6	0000	969
		_VerifyCRC     		CODE           	09E0	0000	297
		_RS485_Init    		CODE           	181E	0000	25
		_RS485_SendDate		CODE           	0DCE	0000	195

_01_USER/My_USART.c estimated size: 1486

F:\Program Files (x86)\Microchip\xc8\v1.34\sources\common\float.c
		___ftpack      		CODE           	0D08	0000	199

F:\Program Files (x86)\Microchip\xc8\v1.34\sources\common\float.c estimated size: 199

_01_USER/Relay.c
		_Relay_Init    		CODE           	1876	0000	15
		_Relay_Control 		CODE           	0FB2	0000	119

_01_USER/Relay.c estimated size: 134

_01_USER/My_Timer.c
		_Timer0_Init   		CODE           	1722	0000	37
		_SetTimer0     		CODE           	164E	0000	49
		_Sys_Cyc       		CODE           	0008	0000	411

_01_USER/My_Timer.c estimated size: 497

_01_USER/My_Delay.c
		_delay_ms      		CODE           	17EA	0000	27
		_delay1ms      		CODE           	1578	0000	57

_01_USER/My_Delay.c estimated size: 84

